
 Start         Length     Name                   Class
 0001:00000000 000F4704H .text                   CODE
 0002:00000000 00005C10H .data                   DATA
 0002:00005C10 00000071H .bss                    BSS


Detailed map of segments

 0001:00000000 000000FE C=CODE     S=.text    G=(none)   M=System   ACBP=A9
 0001:00000100 000001EC C=CODE     S=.text    G=(none)   M=SysInit  ACBP=A9
 0001:000002EC 00000038 C=CODE     S=.text    G=(none)   M=Windows  ACBP=A9
 0001:00000324 0000000E C=CODE     S=.text    G=(none)   M=Types    ACBP=A9
 0001:00000334 0000000E C=CODE     S=.text    G=(none)   M=ActiveX  ACBP=A9
 0001:00000344 00000038 C=CODE     S=.text    G=(none)   M=Messages ACBP=A9
 0001:0000037C 0000006E C=CODE     S=.text    G=(none)   M=Classes  ACBP=A9
 0001:000003EC 0000000E C=CODE     S=.text    G=(none)   M=TypInfo  ACBP=A9
 0001:000003FC 0000000E C=CODE     S=.text    G=(none)   M=SysUtils ACBP=A9
 0001:0000040C 0000000E C=CODE     S=.text    G=(none)   M=SysConst ACBP=A9
 0001:0000041C 00000066 C=CODE     S=.text    G=(none)   M=Variants ACBP=A9
 0001:00000484 0000000E C=CODE     S=.text    G=(none)   M=VarUtils ACBP=A9
 0001:00000494 0000000E C=CODE     S=.text    G=(none)   M=RTLConsts ACBP=A9
 0001:000004A4 0000000E C=CODE     S=.text    G=(none)   M=Graphics ACBP=A9
 0001:000004B4 0000000E C=CODE     S=.text    G=(none)   M=Consts   ACBP=A9
 0001:000004C4 0000000E C=CODE     S=.text    G=(none)   M=StdVCL   ACBP=A9
 0001:000004D4 0000001E C=CODE     S=.text    G=(none)   M=ComObj   ACBP=A9
 0001:000004F4 0000000E C=CODE     S=.text    G=(none)   M=ComConst ACBP=A9
 0001:00000504 0000120C C=CODE     S=.text    G=(none)   M=Office97 ACBP=A9
 0001:00001710 0000004E C=CODE     S=.text    G=(none)   M=OleServer ACBP=A9
 0001:00001760 00000136 C=CODE     S=.text    G=(none)   M=Controls ACBP=A9
 0001:00001898 0000000E C=CODE     S=.text    G=(none)   M=ActnList ACBP=A9
 0001:000018A8 0000000E C=CODE     S=.text    G=(none)   M=Contnrs  ACBP=A9
 0001:000018B8 0000000E C=CODE     S=.text    G=(none)   M=Math     ACBP=A9
 0001:000018C8 0000000E C=CODE     S=.text    G=(none)   M=ImgList  ACBP=A9
 0001:000018D8 00000038 C=CODE     S=.text    G=(none)   M=CommCtrl ACBP=A9
 0001:00001910 0000000E C=CODE     S=.text    G=(none)   M=Forms    ACBP=A9
 0001:00001920 0000000E C=CODE     S=.text    G=(none)   M=HelpIntfs ACBP=A9
 0001:00001930 0000000E C=CODE     S=.text    G=(none)   M=MultiMon ACBP=A9
 0001:00001940 00000038 C=CODE     S=.text    G=(none)   M=Imm      ACBP=A9
 0001:00001978 0000000E C=CODE     S=.text    G=(none)   M=Menus    ACBP=A9
 0001:00001988 0000000E C=CODE     S=.text    G=(none)   M=Themes   ACBP=A9
 0001:00001998 0000000E C=CODE     S=.text    G=(none)   M=UxTheme  ACBP=A9
 0001:000019A8 0000000E C=CODE     S=.text    G=(none)   M=SyncObjs ACBP=A9
 0001:000019B8 0000000E C=CODE     S=.text    G=(none)   M=ComCtrls ACBP=A9
 0001:000019C8 00000038 C=CODE     S=.text    G=(none)   M=ShlObj   ACBP=A9
 0001:00001A00 00000038 C=CODE     S=.text    G=(none)   M=UrlMon   ACBP=A9
 0001:00001A38 00000038 C=CODE     S=.text    G=(none)   M=WinInet  ACBP=A9
 0001:00001A70 00000038 C=CODE     S=.text    G=(none)   M=RegStr   ACBP=A9
 0001:00001AA8 00000038 C=CODE     S=.text    G=(none)   M=ShellAPI ACBP=A9
 0001:00001AE0 0000000E C=CODE     S=.text    G=(none)   M=ListActns ACBP=A9
 0001:00001AF0 0000000E C=CODE     S=.text    G=(none)   M=ExtCtrls ACBP=A9
 0001:00001B00 0000000E C=CODE     S=.text    G=(none)   M=StdCtrls ACBP=A9
 0001:00001B10 0000000E C=CODE     S=.text    G=(none)   M=WinHelpViewer ACBP=A9
 0001:00001B20 0000000E C=CODE     S=.text    G=(none)   M=StdActns ACBP=A9
 0001:00001B30 0000000E C=CODE     S=.text    G=(none)   M=Dialogs  ACBP=A9
 0001:00001B40 0000000E C=CODE     S=.text    G=(none)   M=Printers ACBP=A9
 0001:00001B50 00000038 C=CODE     S=.text    G=(none)   M=WinSpool ACBP=A9
 0001:00001B88 00000038 C=CODE     S=.text    G=(none)   M=CommDlg  ACBP=A9
 0001:00001BC0 00000038 C=CODE     S=.text    G=(none)   M=Dlgs     ACBP=A9
 0001:00001BF8 0000000E C=CODE     S=.text    G=(none)   M=StrUtils ACBP=A9
 0001:00001C08 0000000E C=CODE     S=.text    G=(none)   M=Clipbrd  ACBP=A9
 0001:00001C18 0000000E C=CODE     S=.text    G=(none)   M=FlatSB   ACBP=A9
 0001:00001C28 0000000E C=CODE     S=.text    G=(none)   M=ToolWin  ACBP=A9
 0001:00001C38 00000038 C=CODE     S=.text    G=(none)   M=RichEdit ACBP=A9
 0001:00001C70 0000000E C=CODE     S=.text    G=(none)   M=ExtActns ACBP=A9
 0001:00001C80 0000000E C=CODE     S=.text    G=(none)   M=Registry ACBP=A9
 0001:00001C90 0000000E C=CODE     S=.text    G=(none)   M=IniFiles ACBP=A9
 0001:00001CA0 0000000E C=CODE     S=.text    G=(none)   M=ExtDlgs  ACBP=A9
 0001:00001CB0 0000000E C=CODE     S=.text    G=(none)   M=Buttons  ACBP=A9
 0001:00001CC0 0000000E C=CODE     S=.text    G=(none)   M=Mapi     ACBP=A9
 0001:00001CD0 0000000E C=CODE     S=.text    G=(none)   M=ComStrs  ACBP=A9
 0001:00001CE0 0000000E C=CODE     S=.text    G=(none)   M=OleConst ACBP=A9
 0001:00001CF0 0000219C C=CODE     S=.text    G=(none)   M=VBIDE97  ACBP=A9
 0001:00003E8C 00001AA4 C=CODE     S=.text    G=(none)   M=DAO97    ACBP=A9
 0001:00005930 0001C574 C=CODE     S=.text    G=(none)   M=Word97   ACBP=A9
 0001:00021EA4 00001928 C=CODE     S=.text    G=(none)   M=Binder97 ACBP=A9
 0001:000237CC 00076CA4 C=CODE     S=.text    G=(none)   M=Excel97  ACBP=A9
 0001:0009A470 000000EE C=CODE     S=.text    G=(none)   M=OleCtrls ACBP=A9
 0001:0009A560 0000000E C=CODE     S=.text    G=(none)   M=AxCtrls  ACBP=A9
 0001:0009A570 000300A4 C=CODE     S=.text    G=(none)   M=Access97 ACBP=A9
 0001:000CA614 000076C4 C=CODE     S=.text    G=(none)   M=MSPpt8   ACBP=A9
 0001:000D1CD8 0000000E C=CODE     S=.text    G=(none)   M=DBOleCtl ACBP=A9
 0001:000D1CE8 0000000E C=CODE     S=.text    G=(none)   M=DBCtrls  ACBP=A9
 0001:000D1CF8 0000000E C=CODE     S=.text    G=(none)   M=DB       ACBP=A9
 0001:000D1D08 0000000E C=CODE     S=.text    G=(none)   M=FMTBcd   ACBP=A9
 0001:000D1D18 0000000E C=CODE     S=.text    G=(none)   M=DBConsts ACBP=A9
 0001:000D1D28 0000000E C=CODE     S=.text    G=(none)   M=SqlTimSt ACBP=A9
 0001:000D1D38 0000000E C=CODE     S=.text    G=(none)   M=DateUtils ACBP=A9
 0001:000D1D48 0000000E C=CODE     S=.text    G=(none)   M=MaskUtils ACBP=A9
 0001:000D1D58 0000000E C=CODE     S=.text    G=(none)   M=Mask     ACBP=A9
 0001:000D1D68 0000000E C=CODE     S=.text    G=(none)   M=VDBConsts ACBP=A9
 0001:000D1D78 0000000E C=CODE     S=.text    G=(none)   M=DBPWDlg  ACBP=A9
 0001:000D1D88 0000000E C=CODE     S=.text    G=(none)   M=DBLogDlg ACBP=A9
 0001:000D1D98 0000235C C=CODE     S=.text    G=(none)   M=MSForms97 ACBP=A9
 0001:000D40F4 00020194 C=CODE     S=.text    G=(none)   M=Outlook8 ACBP=A9
 0001:000F4288 0000018C C=CODE     S=.text    G=(none)   M=Register97 ACBP=A9
 0001:000F4414 000002ED C=CODE     S=.text    G=(none)   M=dclaxserver ACBP=A9
 0002:00000000 0000002C C=DATA     S=.data    G=DGROUP   M=SysInit  ACBP=A9
 0002:0000002C 000002B0 C=DATA     S=.data    G=DGROUP   M=Office97 ACBP=A9
 0002:000002DC 000002F0 C=DATA     S=.data    G=DGROUP   M=VBIDE97  ACBP=A9
 0002:000005CC 000002F0 C=DATA     S=.data    G=DGROUP   M=DAO97    ACBP=A9
 0002:000008BC 00000DF4 C=DATA     S=.data    G=DGROUP   M=Word97   ACBP=A9
 0002:000016B0 0000009C C=DATA     S=.data    G=DGROUP   M=Binder97 ACBP=A9
 0002:0000174C 00001914 C=DATA     S=.data    G=DGROUP   M=Excel97  ACBP=A9
 0002:00003060 00001350 C=DATA     S=.data    G=DGROUP   M=Access97 ACBP=A9
 0002:000043B0 000008BC C=DATA     S=.data    G=DGROUP   M=MSPpt8   ACBP=A9
 0002:00004C6C 00000640 C=DATA     S=.data    G=DGROUP   M=MSForms97 ACBP=A9
 0002:000052AC 00000960 C=DATA     S=.data    G=DGROUP   M=Outlook8 ACBP=A9
 0002:00006000 00000010 C=BSS      S=.bss     G=DGROUP   M=SysInit  ACBP=A9
 0002:00006010 00000004 C=BSS      S=.bss     G=DGROUP   M=Windows  ACBP=A9
 0002:00006014 00000004 C=BSS      S=.bss     G=DGROUP   M=Messages ACBP=A9
 0002:00006018 00000004 C=BSS      S=.bss     G=DGROUP   M=Office97 ACBP=A9
 0002:0000601C 00000004 C=BSS      S=.bss     G=DGROUP   M=CommCtrl ACBP=A9
 0002:00006020 00000004 C=BSS      S=.bss     G=DGROUP   M=Imm      ACBP=A9
 0002:00006024 00000004 C=BSS      S=.bss     G=DGROUP   M=ShlObj   ACBP=A9
 0002:00006028 00000004 C=BSS      S=.bss     G=DGROUP   M=UrlMon   ACBP=A9
 0002:0000602C 00000004 C=BSS      S=.bss     G=DGROUP   M=WinInet  ACBP=A9
 0002:00006030 00000004 C=BSS      S=.bss     G=DGROUP   M=RegStr   ACBP=A9
 0002:00006034 00000004 C=BSS      S=.bss     G=DGROUP   M=ShellAPI ACBP=A9
 0002:00006038 00000004 C=BSS      S=.bss     G=DGROUP   M=WinSpool ACBP=A9
 0002:0000603C 00000004 C=BSS      S=.bss     G=DGROUP   M=CommDlg  ACBP=A9
 0002:00006040 00000004 C=BSS      S=.bss     G=DGROUP   M=Dlgs     ACBP=A9
 0002:00006044 00000004 C=BSS      S=.bss     G=DGROUP   M=RichEdit ACBP=A9
 0002:00006048 00000004 C=BSS      S=.bss     G=DGROUP   M=VBIDE97  ACBP=A9
 0002:0000604C 00000004 C=BSS      S=.bss     G=DGROUP   M=DAO97    ACBP=A9
 0002:00006050 00000004 C=BSS      S=.bss     G=DGROUP   M=Word97   ACBP=A9
 0002:00006054 00000004 C=BSS      S=.bss     G=DGROUP   M=Binder97 ACBP=A9
 0002:00006058 00000004 C=BSS      S=.bss     G=DGROUP   M=Excel97  ACBP=A9
 0002:0000605C 00000004 C=BSS      S=.bss     G=DGROUP   M=Access97 ACBP=A9
 0002:00006060 00000004 C=BSS      S=.bss     G=DGROUP   M=MSPpt8   ACBP=A9
 0002:00006064 00000004 C=BSS      S=.bss     G=DGROUP   M=MSForms97 ACBP=A9
 0002:00006068 00000004 C=BSS      S=.bss     G=DGROUP   M=Outlook8 ACBP=A9
 0002:0000606C 00000004 C=BSS      S=.bss     G=DGROUP   M=Register97 ACBP=A9


  Address         Publics by Name

 0002:0000604C       .01
 0002:00006064       .01
 0002:0000603C       .1
 0002:00006044       .1
 0002:00006030       .1
 0002:00006008       .1
 0002:0000602C       .1
 0002:00006034       .1
 0002:00006028       .1
 0002:0000606C       .1
 0002:00006024       .1
 0002:00006020       .1
 0002:00006018       .1
 0002:0000601C       .1
 0002:00006014       .1
 0002:00006040       .1
 0002:00006060       .11
 0002:00006010       .3
 0002:00006054       .3
 0002:00006038       .3
 0002:00006068       .33
 0002:0000605C       .44
 0002:00006058       .51
 0002:00006050       .51
 0002:00006048       .71
 0001:000F46DC       @GetPackageInfoTable
 0001:00000238       @InitPkg
 0001:0000029C       @PackageLoad
 0001:000F46E4       @PackageLoad
 0001:000F46F0       @PackageUnload
 0001:000002A8       @PackageUnload
 0001:000CA60C       Access97
 0001:00000138       AllocTlsBuffer
 0001:000237C4       Binder97
 0002:00003A68       CControlData
 0002:00003ABC       CControlData
 0002:00003B20       CControlData
 0002:00003B8C       CControlData
 0002:00003BF8       CControlData
 0002:0000417C       CControlData
 0002:00003C5C       CControlData
 0002:00003CCC       CControlData
 0002:00003D3C       CControlData
 0002:00003DA8       CControlData
 0002:0000396C       CControlData
 0002:00003A14       CControlData
 0002:000039C0       CControlData
 0002:000038DC       CControlData
 0002:000041D0       CControlData
 0002:00003E1C       CControlData
 0002:00003E84       CControlData
 0002:00003ED8       CControlData
 0002:00003F44       CControlData
 0002:00003FB0       CControlData
 0002:0000400C       CControlData
 0002:00004068       CControlData
 0002:00004230       CControlData
 0002:000040D0       CControlData
 0002:00004128       CControlData
 0002:00004124       CEventDispIDs
 0002:000040BC       CEventDispIDs
 0002:00004060       CEventDispIDs
 0002:00004004       CEventDispIDs
 0002:00003F98       CEventDispIDs
 0002:00003F2C       CEventDispIDs
 0002:00003E70       CEventDispIDs
 0002:00003DFC       CEventDispIDs
 0002:00003D90       CEventDispIDs
 0002:00003D20       CEventDispIDs
 0002:00003CB0       CEventDispIDs
 0002:00003BE0       CEventDispIDs
 0002:00003B74       CEventDispIDs
 0002:00003B10       CEventDispIDs
 0002:00004224       CEventDispIDs
 0002:00003C4C       CEventDispIDs
 0002:00003780       CLASS_AccessApplication
 0002:000033A0       CLASS_AccessBoundObjectFrame
 0002:00003320       CLASS_AccessCheckBox
 0002:00003430       CLASS_AccessComboBox
 0002:000032A0       CLASS_AccessCommandButton
 0002:00003160       CLASS_AccessControl
 0002:000035A0       CLASS_AccessCustomControl
 0002:000030F0       CLASS_AccessField
 0002:00003700       CLASS_AccessForm
 0002:00003670       CLASS_AccessGroupLevel
 0002:00003120       CLASS_AccessHyperlink
 0002:00003270       CLASS_AccessImage
 0002:000031C0       CLASS_AccessLabel
 0002:00003240       CLASS_AccessLine
 0002:00003400       CLASS_AccessListBox
 0002:00003460       CLASS_AccessObjectFrame
 0002:000032D0       CLASS_AccessOptionButton
 0002:00003370       CLASS_AccessOptionGroup
 0002:00003610       CLASS_AccessPage
 0002:00003490       CLASS_AccessPageBreak
 0002:00003510       CLASS_AccessPaletteButton
 0002:00003210       CLASS_AccessRectangle
 0002:000037C0       CLASS_AccessReferences
 0002:00003740       CLASS_AccessReport
 0002:00003640       CLASS_AccessSection
 0002:00003540       CLASS_AccessSubForm
 0002:00003570       CLASS_AccessSubReport
 0002:000035F0       CLASS_AccessTabControl
 0002:000033D0       CLASS_AccessTextBox
 0002:000034C0       CLASS_AccessToggleButton
 0002:0000536C       CLASS_AppointmentItem
 0002:00001700       CLASS_Binder
 0002:0000504C       CLASS_CheckBox
 0002:000037F0       CLASS_Class_
 0002:0000053C       CLASS_CodeModule
 0002:0000057C       CLASS_CodePane
 0002:0000055C       CLASS_CodePanes
 0002:0000500C       CLASS_ComboBox
 0002:000003FC       CLASS_CommandBarEvents
 0002:00004FAC       CLASS_CommandButton
 0002:000004CC       CLASS_Component
 0002:0000048C       CLASS_Components
 0002:000053DC       CLASS_ContactItem
 0002:00004DAC       CLASS_Control
 0002:00004D4C       CLASS_DataObject
 0002:0000061C       CLASS_DBEngine
 0002:00003080       CLASS_DoCmd
 0002:00002E5C       CLASS_ExcelApplication
 0002:00002E6C       CLASS_ExcelChart
 0002:00002E8C       CLASS_ExcelGlobal
 0002:00002EAC       CLASS_ExcelOLEObject
 0002:00002E4C       CLASS_ExcelQueryTable
 0002:00002E9C       CLASS_ExcelWorkbook
 0002:00002E7C       CLASS_ExcelWorksheet
 0002:0000072C       CLASS_Field
 0002:00004DEC       CLASS_Frame
 0002:000007EC       CLASS_Group
 0002:000051DC       CLASS_HTMLCheckbox
 0002:0000520C       CLASS_HTMLHidden
 0002:000051BC       CLASS_HTMLImage
 0002:000051EC       CLASS_HTMLOption
 0002:0000521C       CLASS_HTMLPassword
 0002:000051CC       CLASS_HTMLReset
 0002:0000522C       CLASS_HTMLSelect
 0002:000051AC       CLASS_HTMLSubmit
 0002:000051FC       CLASS_HTMLText
 0002:0000523C       CLASS_HTMLTextArea
 0002:000050FC       CLASS_Image
 0002:0000075C       CLASS_Index
 0002:000054AC       CLASS_JournalItem
 0002:00004F8C       CLASS_Label_
 0002:0000034C       CLASS_LinkedWindows
 0002:00004FEC       CLASS_ListBox
 0002:000054DC       CLASS_MailItem
 0002:000055BC       CLASS_MeetingRequestItem
 0002:0000528C       CLASS_MultiPage
 0002:0000507C       CLASS_NewFont
 0002:0000563C       CLASS_NoteItem
 0002:00004B30       CLASS_OLECtrl
 0002:0000505C       CLASS_OptionButton
 0002:0000533C       CLASS_OutlookApplication
 0002:0000529C       CLASS_Page
 0002:000056BC       CLASS_PostItem
 0002:000043F0       CLASS_PowerPointApplication
 0002:00004400       CLASS_PowerPointGlobal
 0002:000048E0       CLASS_PowerPointPresentation
 0002:000045E0       CLASS_PowerPointSlide
 0002:0000062C       CLASS_PrivDBEngine
 0002:0000041C       CLASS_ProjectTemplate
 0002:0000051C       CLASS_Properties
 0002:000006EC       CLASS_QueryDef
 0002:000005BC       CLASS_References
 0002:000003CC       CLASS_ReferencesEvents
 0002:0000081C       CLASS_Relation
 0002:0000574C       CLASS_RemoteItem
 0002:0000577C       CLASS_ReportItem
 0002:00004D0C       CLASS_ReturnBoolean
 0002:00004D3C       CLASS_ReturnEffect
 0002:00004CFC       CLASS_ReturnInteger
 0002:00004D2C       CLASS_ReturnSingle
 0002:00004D1C       CLASS_ReturnString
 0002:0000509C       CLASS_ScrollBar
 0002:000050DC       CLASS_SpinButton
 0002:0000069C       CLASS_TableDef
 0002:000050BC       CLASS_TabStrip
 0002:000057AC       CLASS_TaskItem
 0002:0000583C       CLASS_TaskRequestItem
 0002:00004FCC       CLASS_TextBox
 0002:0000506C       CLASS_ToggleButton
 0002:000007BC       CLASS_User
 0002:00004DDC       CLASS_UserForm
 0002:000004EC       CLASS_VBComponent
 0002:000004AC       CLASS_VBComponents
 0002:0000043C       CLASS_VBProject
 0002:0000045C       CLASS_VBProjects
 0002:0000032C       CLASS_Windows
 0002:0000148C       CLASS_WordApplication
 0002:000014AC       CLASS_WordDocument
 0002:000014BC       CLASS_WordFont
 0002:0000147C       CLASS_WordGlobal
 0002:000014FC       CLASS_WordLetterContent
 0002:000014EC       CLASS_WordOLEControl
 0002:000014CC       CLASS_WordParagraphFormat
 0002:00003340       CLASS__CheckBoxInOption
 0002:000031E0       CLASS__ChildLabel
 0002:00003180       CLASS__ControlInReportEvents
 0002:000035C0       CLASS__CustomControlInReport
 0002:0000592C       CLASS__DocSiteControl
 0002:0000552C       CLASS__MeetingCanceledItem
 0002:0000555C       CLASS__MeetingRequestAcceptedItem
 0002:0000558C       CLASS__MeetingRequestDeclinedItem
 0002:000055EC       CLASS__MeetingRequestTentativeItem
 0002:0000566C       CLASS__OfficeDocumentItem
 0002:000032F0       CLASS__OptionButtonInOption
 0002:000036B0       CLASS__PageHdrFtrInReport
 0002:000058EC       CLASS__RecipientControl
 0002:00003690       CLASS__SectionInReport
 0002:000057DC       CLASS__TaskRequestAcceptItem
 0002:0000580C       CLASS__TaskRequestDeclineItem
 0002:0000586C       CLASS__TaskRequestUpdateItem
 0002:000034E0       CLASS__ToggleButtonInOption
 0002:00003810       CLASS____CodeModule
 0002:00003850       CLASS____Editor
 0002:00003830       CLASS____Editors
 0002:00003890       CLASS____References
 0001:000C4234       CoAccessApplication.Create
 0001:000C4298       CoAccessApplication.CreateRemote
 0001:000B752C       CoAccessForm.Create
 0001:000B7590       CoAccessForm.CreateRemote
 0001:000AE644       CoAccessHyperlink.Create
 0001:000AE6A8       CoAccessHyperlink.CreateRemote
 0001:000C99DC       CoAccessReferences.Create
 0001:000C9A40       CoAccessReferences.CreateRemote
 0001:000BF214       CoAccessReport.Create
 0001:000BF278       CoAccessReport.CreateRemote
 0001:000D9488       CoAppointmentItem.Create
 0001:000D94EC       CoAppointmentItem.CreateRemote
 0001:00022188       CoBinder.Create
 0001:000221EC       CoBinder.CreateRemote
 0001:000C9FB0       CoClass_.Create
 0001:000CA014       CoClass_.CreateRemote
 0001:00003AC4       CoCodeModule.Create
 0001:00003B28       CoCodeModule.CreateRemote
 0001:00003C8C       CoCodePane.Create
 0001:00003CF0       CoCodePane.CreateRemote
 0001:00003BA8       CoCodePanes.Create
 0001:00003C0C       CoCodePanes.CreateRemote
 0001:000032C0       CoCommandBarEvents.Create
 0001:00003324       CoCommandBarEvents.CreateRemote
 0001:00003818       CoComponent.Create
 0001:0000387C       CoComponent.CreateRemote
 0001:00003650       CoComponents.Create
 0001:000036B4       CoComponents.CreateRemote
 0001:000DBCF0       CoContactItem.Create
 0001:000DBD54       CoContactItem.CreateRemote
 0001:000D3E10       CoControl.Create
 0001:000D3E74       CoControl.CreateRemote
 0001:000D3D2C       CoDataObject.Create
 0001:000D3D90       CoDataObject.CreateRemote
 0001:000050F4       CoDBEngine.Create
 0001:00005158       CoDBEngine.CreateRemote
 0001:000A9B74       CoDoCmd.Create
 0001:000A9BD8       CoDoCmd.CreateRemote
 0001:0002BF30       CoExcelApplication.Create
 0001:0002BF94       CoExcelApplication.CreateRemote
 0001:0005BD58       CoExcelChart.Create
 0001:0005BDBC       CoExcelChart.CreateRemote
 0001:000711E0       CoExcelGlobal.Create
 0001:00071244       CoExcelGlobal.CreateRemote
 0001:00098960       CoExcelOLEObject.Create
 0001:000989C4       CoExcelOLEObject.CreateRemote
 0001:0002A968       CoExcelQueryTable.Create
 0001:0002A9CC       CoExcelQueryTable.CreateRemote
 0001:0008EA5C       CoExcelWorkbook.Create
 0001:0008EAC0       CoExcelWorkbook.CreateRemote
 0001:000668DC       CoExcelWorksheet.Create
 0001:00066940       CoExcelWorksheet.CreateRemote
 0001:00005484       CoField.Create
 0001:000054E8       CoField.CreateRemote
 0001:00005730       CoGroup.Create
 0001:00005794       CoGroup.CreateRemote
 0001:00005568       CoIndex.Create
 0001:000055CC       CoIndex.CreateRemote
 0001:000E2E5C       CoJournalItem.Create
 0001:000E2EC0       CoJournalItem.CreateRemote
 0001:000030F8       CoLinkedWindows.Create
 0001:0000315C       CoLinkedWindows.CreateRemote
 0001:000E4EEC       CoMailItem.Create
 0001:000E4F50       CoMailItem.CreateRemote
 0001:000E8298       CoMeetingRequestItem.Create
 0001:000E82FC       CoMeetingRequestItem.CreateRemote
 0001:00001908       CommCtrl
 0001:00001BB8       CommDlg
 0001:000D3EF4       CoNewFont.Create
 0001:000D3F58       CoNewFont.CreateRemote
 0001:000E9AE4       CoNoteItem.Create
 0001:000E9B48       CoNoteItem.CreateRemote
 0001:000D1530       CoOLECtrl.Create
 0001:000D1594       CoOLECtrl.CreateRemote
 0001:000D8EF0       CoOutlookApplication.Create
 0001:000D8F54       CoOutlookApplication.CreateRemote
 0001:000D3FD8       CoPage.Create
 0001:000D403C       CoPage.CreateRemote
 0001:000EAE20       CoPostItem.Create
 0001:000EAE84       CoPostItem.CreateRemote
 0001:000CDBB8       CoPowerPointApplication.Create
 0001:000CDC1C       CoPowerPointApplication.CreateRemote
 0001:000CEC58       CoPowerPointGlobal.Create
 0001:000CECBC       CoPowerPointGlobal.CreateRemote
 0001:000CFF6C       CoPowerPointPresentation.Create
 0001:000CFFD0       CoPowerPointPresentation.CreateRemote
 0001:000CF230       CoPowerPointSlide.Create
 0001:000CF294       CoPowerPointSlide.CreateRemote
 0001:000051D8       CoPrivDBEngine.Create
 0001:0000523C       CoPrivDBEngine.CreateRemote
 0001:000033A4       CoProjectTemplate.Create
 0001:00003408       CoProjectTemplate.CreateRemote
 0001:000039E0       CoProperties.Create
 0001:00003A44       CoProperties.CreateRemote
 0001:000053A0       CoQueryDef.Create
 0001:00005404       CoQueryDef.CreateRemote
 0001:00003D70       CoReferences.Create
 0001:00003DD4       CoReferences.CreateRemote
 0001:000031DC       CoReferencesEvents.Create
 0001:00003240       CoReferencesEvents.CreateRemote
 0001:00005814       CoRelation.Create
 0001:00005878       CoRelation.CreateRemote
 0001:000EC964       CoRemoteItem.Create
 0001:000EC9C8       CoRemoteItem.CreateRemote
 0001:000EE1E4       CoReportItem.Create
 0001:000EE248       CoReportItem.CreateRemote
 0001:000D399C       CoReturnBoolean.Create
 0001:000D3A00       CoReturnBoolean.CreateRemote
 0001:000D3C48       CoReturnEffect.Create
 0001:000D3CAC       CoReturnEffect.CreateRemote
 0001:000D38B8       CoReturnInteger.Create
 0001:000D391C       CoReturnInteger.CreateRemote
 0001:000D3B64       CoReturnSingle.Create
 0001:000D3BC8       CoReturnSingle.CreateRemote
 0001:000D3A80       CoReturnString.Create
 0001:000D3AE4       CoReturnString.CreateRemote
 0001:000052BC       CoTableDef.Create
 0001:00005320       CoTableDef.CreateRemote
 0001:000EF8E4       CoTaskItem.Create
 0001:000EF948       CoTaskItem.CreateRemote
 0001:000F2A04       CoTaskRequestItem.Create
 0001:000F2A68       CoTaskRequestItem.CreateRemote
 0001:0000564C       CoUser.Create
 0001:000056B0       CoUser.CreateRemote
 0001:000038FC       CoVBComponent.Create
 0001:00003960       CoVBComponent.CreateRemote
 0001:00003734       CoVBComponents.Create
 0001:00003798       CoVBComponents.CreateRemote
 0001:00003488       CoVBProject.Create
 0001:000034EC       CoVBProject.CreateRemote
 0001:0000356C       CoVBProjects.Create
 0001:000035D0       CoVBProjects.CreateRemote
 0001:00003014       CoWindows.Create
 0001:00003078       CoWindows.CreateRemote
 0001:0000E020       CoWordApplication.Create
 0001:0000E084       CoWordApplication.CreateRemote
 0001:000143E0       CoWordDocument.Create
 0001:00014444       CoWordDocument.CreateRemote
 0001:0001C270       CoWordFont.Create
 0001:0001C2D4       CoWordFont.CreateRemote
 0001:0000B0CC       CoWordGlobal.Create
 0001:0000B130       CoWordGlobal.CreateRemote
 0001:000200B0       CoWordLetterContent.Create
 0001:00020114       CoWordLetterContent.CreateRemote
 0001:0001F868       CoWordOLEControl.Create
 0001:0001F8CC       CoWordOLEControl.CreateRemote
 0001:0001DCB4       CoWordParagraphFormat.Create
 0001:0001DD18       CoWordParagraphFormat.CreateRemote
 0001:000E7FEC       Co_MeetingCanceledItem.Create
 0001:000E8050       Co_MeetingCanceledItem.CreateRemote
 0001:000E80D0       Co_MeetingRequestAcceptedItem.Create
 0001:000E8134       Co_MeetingRequestAcceptedItem.CreateRemote
 0001:000E81B4       Co_MeetingRequestDeclinedItem.Create
 0001:000E8218       Co_MeetingRequestDeclinedItem.CreateRemote
 0001:000E9A00       Co_MeetingRequestTentativeItem.Create
 0001:000E9A64       Co_MeetingRequestTentativeItem.CreateRemote
 0001:000EAD3C       Co_OfficeDocumentItem.Create
 0001:000EADA0       Co_OfficeDocumentItem.CreateRemote
 0001:000F283C       Co_TaskRequestAcceptItem.Create
 0001:000F28A0       Co_TaskRequestAcceptItem.CreateRemote
 0001:000F2920       Co_TaskRequestDeclineItem.Create
 0001:000F2984       Co_TaskRequestDeclineItem.CreateRemote
 0001:000F416C       Co_TaskRequestUpdateItem.Create
 0001:000F41D0       Co_TaskRequestUpdateItem.CreateRemote
 0001:000CA24C       Co___CodeModule.Create
 0001:000CA2B0       Co___CodeModule.CreateRemote
 0001:000CA414       Co___Editor.Create
 0001:000CA478       Co___Editor.CreateRemote
 0001:000CA330       Co___Editors.Create
 0001:000CA394       Co___Editors.CreateRemote
 0001:000CA4F8       Co___References.Create
 0001:000CA55C       Co___References.CreateRemote
 0002:00004BF4       CServerData
 0002:00004BB8       CServerData
 0002:00004C30       CServerData
 0002:00004B7C       CServerData
 0002:00004B40       CServerData
 0002:000015FC       CServerData
 0002:00001710       CServerData
 0002:00001638       CServerData
 0002:0000150C       CServerData
 0002:00005B1C       CServerData
 0002:00005AE0       CServerData
 0002:00001548       CServerData
 0002:00005AA4       CServerData
 0002:00005A68       CServerData
 0002:00001584       CServerData
 0002:00002EBC       CServerData
 0002:00002EF8       CServerData
 0002:000015C0       CServerData
 0002:00002F34       CServerData
 0002:00002F70       CServerData
 0002:00002FAC       CServerData
 0002:00002FE8       CServerData
 0002:00001674       CServerData
 0002:00005A2C       CServerData
 0002:00005B94       CServerData
 0002:00003024       CServerData
 0002:0000593C       CServerData
 0002:00004374       CServerData
 0002:00004338       CServerData
 0002:00005978       CServerData
 0002:000042FC       CServerData
 0002:000042C0       CServerData
 0002:000059F0       CServerData
 0002:00004284       CServerData
 0002:00003930       CServerData
 0002:000038A0       CServerData
 0002:00005BD0       CServerData
 0002:00005B58       CServerData
 0002:000059B4       CServerData
 0001:00005928       DAO97
 0001:000F46FC       dclaxserver
 0002:000052EC       DIID_Action
 0002:0000530C       DIID_Actions
 0002:0000246C       DIID_AddIn
 0002:0000247C       DIID_AddIns
 0002:0000238C       DIID_AppEvents
 0002:0000146C       DIID_ApplicationEvents
 0002:0000287C       DIID_Arc
 0002:0000288C       DIID_Arcs
 0002:000024CC       DIID_Areas
 0002:0000538C       DIID_Attachment
 0002:000053AC       DIID_Attachments
 0002:00002B2C       DIID_AutoCorrect
 0002:00002AFC       DIID_AutoFilter
 0002:00002BCC       DIID_Axes
 0002:00002B7C       DIID_Axis
 0002:00002B9C       DIID_AxisTitle
 0002:00002B3C       DIID_Border
 0002:0000245C       DIID_Borders
 0002:0000266C       DIID_Button
 0002:0000267C       DIID_Buttons
 0002:000025EC       DIID_CalculatedFields
 0002:0000261C       DIID_CalculatedItems
 0002:0000262C       DIID_Characters
 0002:00002D4C       DIID_ChartArea
 0002:00002B6C       DIID_ChartColorFormat
 0002:000023BC       DIID_ChartEvents
 0002:00002B5C       DIID_ChartFillFormat
 0002:00002BAC       DIID_ChartGroup
 0002:00002BBC       DIID_ChartGroups
 0002:000029CC       DIID_ChartObject
 0002:000029DC       DIID_ChartObjects
 0002:0000254C       DIID_Charts
 0002:00002B8C       DIID_ChartTitle
 0002:0000268C       DIID_CheckBox
 0002:0000269C       DIID_CheckBoxes
 0002:00004F9C       DIID_CommandButtonEvents
 0002:00002A4C       DIID_Comment
 0002:00002A3C       DIID_Comments
 0002:00002DEC       DIID_ConnectorFormat
 0002:00004D9C       DIID_ControlEvents
 0002:00002E0C       DIID_ControlFormat
 0002:00002C8C       DIID_Corners
 0002:00002A0C       DIID_CustomView
 0002:000029FC       DIID_CustomViews
 0002:00002C1C       DIID_DataLabel
 0002:00002C2C       DIID_DataLabels
 0002:00002D7C       DIID_DataTable
 0002:0000264C       DIID_Dialog
 0002:0000278C       DIID_DialogFrame
 0002:0000263C       DIID_Dialogs
 0002:0000296C       DIID_DialogSheet
 0002:0000297C       DIID_DialogSheets
 0002:0000242C       DIID_DocEvents
 0002:0000149C       DIID_DocumentEvents
 0002:00002CFC       DIID_DownBars
 0002:0000290C       DIID_Drawing
 0002:0000255C       DIID_DrawingObjects
 0002:0000291C       DIID_Drawings
 0002:0000274C       DIID_DropDown
 0002:0000275C       DIID_DropDowns
 0002:00002CCC       DIID_DropLines
 0002:000026CC       DIID_EditBox
 0002:000026DC       DIID_EditBoxes
 0002:00002D6C       DIID_ErrorBars
 0002:000023AC       DIID_ExcelRange
 0002:000053FC       DIID_Explorer
 0002:00002B1C       DIID_Filter
 0002:00002B0C       DIID_Filters
 0002:00002D0C       DIID_Floor
 0002:0000541C       DIID_Folders
 0002:00004C8C       DIID_Font
 0002:0000235C       DIID_Font
 0002:00002A2C       DIID_FormatCondition
 0002:00002A1C       DIID_FormatConditions
 0002:0000543C       DIID_FormDescription
 0002:00004DBC       DIID_FormEvents
 0002:00002DFC       DIID_FreeformBuilder
 0002:00002CBC       DIID_Gridlines
 0002:0000272C       DIID_GroupBox
 0002:0000273C       DIID_GroupBoxes
 0002:000027FC       DIID_GroupObject
 0002:0000280C       DIID_GroupObjects
 0002:00002DCC       DIID_GroupShapes
 0002:00002CAC       DIID_HiLoLines
 0002:000023DC       DIID_HPageBreak
 0002:000023EC       DIID_HPageBreaks
 0002:00002AEC       DIID_Hyperlink
 0002:00002ADC       DIID_Hyperlinks
 0002:000050EC       DIID_ImageEvents
 0002:0000545C       DIID_Inspector
 0002:00002B4C       DIID_Interior
 0002:0000547C       DIID_Items
 0002:00004F7C       DIID_LabelControlEvents
 0002:000027AC       DIID_Labels
 0002:0000279C       DIID_Label_
 0002:00002CDC       DIID_LeaderLines
 0002:00002D5C       DIID_Legend
 0002:00002C4C       DIID_LegendEntries
 0002:00002C3C       DIID_LegendEntry
 0002:00002C5C       DIID_LegendKey
 0002:0000281C       DIID_Line
 0002:0000282C       DIID_Lines
 0002:00002E2C       DIID_LinkFormat
 0002:0000270C       DIID_ListBox
 0002:0000271C       DIID_ListBoxes
 0002:000029EC       DIID_Mailer
 0002:000054FC       DIID_MAPIFolder
 0002:0000501C       DIID_MdcCheckBoxEvents
 0002:00004FFC       DIID_MdcComboEvents
 0002:00004FDC       DIID_MdcListEvents
 0002:0000502C       DIID_MdcOptionButtonEvents
 0002:00004FBC       DIID_MdcTextEvents
 0002:0000503C       DIID_MdcToggleButtonEvents
 0002:0000251C       DIID_Menu
 0002:000024FC       DIID_MenuBar
 0002:000024EC       DIID_MenuBars
 0002:0000253C       DIID_MenuItem
 0002:0000252C       DIID_MenuItems
 0002:0000250C       DIID_Menus
 0002:0000294C       DIID_Module
 0002:0000295C       DIID_Modules
 0002:0000527C       DIID_MultiPageEvents
 0002:000029BC       DIID_Name
 0002:000029AC       DIID_Names
 0002:0000560C       DIID_NameSpace
 0002:000014DC       DIID_OCXEvents
 0002:00002AAC       DIID_ODBCError
 0002:00002ABC       DIID_ODBCErrors
 0002:00002E1C       DIID_OLEFormat
 0002:0000289C       DIID_OLEObjectEvents
 0002:000028BC       DIID_OLEObjects
 0002:000026AC       DIID_OptionButton
 0002:000026BC       DIID_OptionButtons
 0002:00004DCC       DIID_OptionFrameEvents
 0002:0000293C       DIID_Outline
 0002:0000285C       DIID_Oval
 0002:0000286C       DIID_Ovals
 0002:0000568C       DIID_Pages
 0002:0000299C       DIID_PageSetup
 0002:000027CC       DIID_Pane
 0002:000027BC       DIID_Panes
 0002:00002A8C       DIID_Parameter
 0002:00002A9C       DIID_Parameters
 0002:00002D8C       DIID_Phonetic
 0002:000028EC       DIID_Picture
 0002:000028FC       DIID_Pictures
 0002:0000256C       DIID_PivotCache
 0002:0000257C       DIID_PivotCaches
 0002:000025CC       DIID_PivotField
 0002:000025DC       DIID_PivotFields
 0002:0000258C       DIID_PivotFormula
 0002:0000259C       DIID_PivotFormulas
 0002:000025FC       DIID_PivotItem
 0002:0000260C       DIID_PivotItems
 0002:000025AC       DIID_PivotTable
 0002:000025BC       DIID_PivotTables
 0002:00002D3C       DIID_PlotArea
 0002:00002BEC       DIID_Point
 0002:00002BDC       DIID_Points
 0002:00002A7C       DIID_QueryTables
 0002:0000240C       DIID_RecentFile
 0002:0000241C       DIID_RecentFiles
 0002:000056DC       DIID_Recipient
 0002:000056FC       DIID_Recipients
 0002:0000283C       DIID_Rectangle
 0002:0000284C       DIID_Rectangles
 0002:0000571C       DIID_RecurrencePattern
 0002:00002A5C       DIID_RefreshEvents
 0002:0000292C       DIID_RoutingSlip
 0002:000027EC       DIID_Scenario
 0002:000027DC       DIID_Scenarios
 0002:000026EC       DIID_ScrollBar
 0002:0000508C       DIID_ScrollbarEvents
 0002:000026FC       DIID_ScrollBars
 0002:00002BFC       DIID_Series
 0002:00002C0C       DIID_SeriesCollection
 0002:00002C9C       DIID_SeriesLines
 0002:00002D9C       DIID_Shape
 0002:00002DBC       DIID_ShapeRange
 0002:00002DAC       DIID_Shapes
 0002:0000265C       DIID_SoundNote
 0002:000050CC       DIID_SpinbuttonEvents
 0002:0000276C       DIID_Spinner
 0002:0000277C       DIID_Spinners
 0002:0000243C       DIID_Style
 0002:0000244C       DIID_Styles
 0002:000050AC       DIID_TabStripEvents
 0002:000028CC       DIID_TextBox
 0002:000028DC       DIID_TextBoxes
 0002:00002DDC       DIID_TextFrame
 0002:00002D2C       DIID_TickLabels
 0002:0000248C       DIID_Toolbar
 0002:000024AC       DIID_ToolbarButton
 0002:000024BC       DIID_ToolbarButtons
 0002:0000249C       DIID_Toolbars
 0002:00002C7C       DIID_Trendline
 0002:00002C6C       DIID_Trendlines
 0002:00002CEC       DIID_UpBars
 0002:0000588C       DIID_UserProperties
 0002:000058AC       DIID_UserProperty
 0002:00002ACC       DIID_Validation
 0002:000023CC       DIID_VPageBreak
 0002:000023FC       DIID_VPageBreaks
 0002:00002D1C       DIID_Walls
 0002:0000510C       DIID_WHTMLControlEvents
 0002:0000511C       DIID_WHTMLControlEvents1
 0002:0000519C       DIID_WHTMLControlEvents10
 0002:0000512C       DIID_WHTMLControlEvents2
 0002:0000513C       DIID_WHTMLControlEvents3
 0002:0000514C       DIID_WHTMLControlEvents4
 0002:0000515C       DIID_WHTMLControlEvents5
 0002:0000516C       DIID_WHTMLControlEvents6
 0002:0000517C       DIID_WHTMLControlEvents7
 0002:0000518C       DIID_WHTMLControlEvents9
 0002:0000236C       DIID_Window
 0002:0000237C       DIID_Windows
 0002:000024DC       DIID_WorkbookEvents
 0002:0000239C       DIID_WorksheetFunction
 0002:0000298C       DIID_Worksheets
 0002:0000532C       DIID__DApplication
 0002:0000535C       DIID__DAppointmentItem
 0002:000053CC       DIID__DContactItem
 0002:0000590C       DIID__DDocSiteControl
 0002:0000591C       DIID__DDocSiteControlEvents
 0002:000003EC       DIID__dispCommandBarControlEvents
 0002:000003BC       DIID__dispReferencesEvents
 0002:000005AC       DIID__dispReferences_Events
 0002:0000039C       DIID__dispVBComponentsEvents
 0002:0000037C       DIID__dispVBProjectsEvents
 0002:000052CC       DIID__DItemEvents
 0002:0000549C       DIID__DJournalItem
 0002:000054CC       DIID__DMailItem
 0002:0000551C       DIID__DMeetingCanceledItem
 0002:0000554C       DIID__DMeetingRequestAcceptedItem
 0002:0000557C       DIID__DMeetingRequestDeclinedItem
 0002:000055AC       DIID__DMeetingRequestItem
 0002:000055DC       DIID__DMeetingRequestTentativeItem
 0002:0000562C       DIID__DNoteItem
 0002:0000565C       DIID__DOfficeDocumentItem
 0002:000056AC       DIID__DPostItem
 0002:000058CC       DIID__DRecipientControl
 0002:000058DC       DIID__DRecipientControlEvents
 0002:0000573C       DIID__DRemoteItem
 0002:0000576C       DIID__DReportItem
 0002:0000579C       DIID__DTaskItem
 0002:000057CC       DIID__DTaskRequestAcceptItem
 0002:000057FC       DIID__DTaskRequestDeclineItem
 0002:0000582C       DIID__DTaskRequestItem
 0002:0000585C       DIID__DTaskRequestUpdateItem
 0002:000028AC       DIID__OLEObject
 0002:00002A6C       DIID__QueryTable
 0002:000037B0       DIID__References_Events
 0002:00003880       DIID____IVbaExtReferencesEvents
 0001:00001BF0       Dlgs
 0001:000B5EBC       DoCreate
 0001:000B5C6C       DoCreate
 0001:000B675C       DoCreate
 0001:000B57C0       DoCreate
 0001:000B521C       DoCreate
 0001:000B6C00       DoCreate
 0001:000B7104       DoCreate
 0001:000B7354       DoCreate
 0001:000B49E4       DoCreate
 0001:000AEBF0       DoCreate
 0001:000B473C       DoCreate
 0001:000B3EAC       DoCreate
 0001:000B36A0       DoCreate
 0001:000B2DC8       DoCreate
 0001:000B2778       DoCreate
 0001:000B1FF4       DoCreate
 0001:000B1A00       DoCreate
 0001:000B140C       DoCreate
 0001:000AE468       DoCreate
 0001:000AF5C0       DoCreate
 0001:000AF8B4       DoCreate
 0001:000AFB4C       DoCreate
 0001:000AFDE4       DoCreate
 0001:000B0E68       DoCreate
 0001:000B0624       DoCreate
 0001:0009A468       Excel97
 0001:000001E4       ExitProcessTLS
 0001:000001BC       ExitThreadTLS
 0001:00001BC0       Finalization
 0001:00001A70       Finalization
 0001:000016D8       Finalization
 0001:00001C38       Finalization
 0001:0009A438       Finalization
 0001:000002B4       Finalization
 0001:000002EC       Finalization
 0001:000018D8       Finalization
 0001:00000344       Finalization
 0001:000D40BC       Finalization
 0001:00001A38       Finalization
 0001:000F4250       Finalization
 0001:000058F8       Finalization
 0001:000D1CA0       Finalization
 0001:00021E6C       Finalization
 0001:000F43DC       Finalization
 0001:00001940       Finalization
 0001:00001A00       Finalization
 0001:00001B88       Finalization
 0001:000019C8       Finalization
 0001:00001AA8       Finalization
 0001:000CA5DC       Finalization
 0001:00003E54       Finalization
 0001:00023794       Finalization
 0001:00001B50       Finalization
 0001:00000100       FreeLibrary
 0001:00000144       GetTlsSize
 0002:00006004       HInstance
 0002:000047E0       IID_ActionSetting
 0002:000047D0       IID_ActionSettings
 0002:00004500       IID_AddIn
 0002:00000FEC       IID_AddIn
 0002:00000FFC       IID_AddIns
 0002:000044F0       IID_AddIns
 0002:000000DC       IID_Adjustments
 0002:0000175C       IID_Adjustments
 0002:000046D0       IID_Adjustments
 0002:0000139C       IID_Adjustments
 0002:000047C0       IID_AnimationSettings
 0002:000002EC       IID_Application
 0002:000001FC       IID_Assistant
 0002:00000FBC       IID_AutoCaption
 0002:00000FAC       IID_AutoCaptions
 0002:00000B8C       IID_AutoCorrect
 0002:00000B9C       IID_AutoCorrectEntries
 0002:00000BAC       IID_AutoCorrectEntry
 0002:00000C9C       IID_AutoTextEntries
 0002:00000CAC       IID_AutoTextEntry
 0002:0000020C       IID_Balloon
 0002:0000022C       IID_BalloonCheckbox
 0002:0000021C       IID_BalloonCheckboxes
 0002:0000024C       IID_BalloonLabel
 0002:0000023C       IID_BalloonLabels
 0002:0000096C       IID_Bookmark
 0002:0000097C       IID_Bookmarks
 0002:00000C6C       IID_Border
 0002:00000C5C       IID_Borders
 0002:00000D1C       IID_Browser
 0002:00004880       IID_BulletFormat
 0002:000013AC       IID_CalloutFormat
 0002:00004760       IID_CalloutFormat
 0002:000000EC       IID_CalloutFormat
 0002:0000176C       IID_CalloutFormat
 0002:00000F9C       IID_CaptionLabel
 0002:00000F8C       IID_CaptionLabels
 0002:00000B3C       IID_Cell
 0002:00000B7C       IID_Cells
 0002:00000A4C       IID_Characters
 0002:00000D9C       IID_CheckBox
 0002:000030D0       IID_Children
 0002:000043C0       IID_Collection
 0002:000000FC       IID_ColorFormat
 0002:000013BC       IID_ColorFormat
 0002:00004410       IID_ColorFormat
 0002:0000177C       IID_ColorFormat
 0002:00004600       IID_ColorScheme
 0002:000045F0       IID_ColorSchemes
 0002:00000B2C       IID_Column
 0002:00000B6C       IID_Columns
 0002:0000007C       IID_CommandBar
 0002:000000AC       IID_CommandBarButton
 0002:000000CC       IID_CommandBarComboBox
 0002:0000009C       IID_CommandBarControl
 0002:0000008C       IID_CommandBarControls
 0002:000000BC       IID_CommandBarPopup
 0002:0000006C       IID_CommandBars
 0002:00000C4C       IID_Comment
 0002:00000C1C       IID_Comments
 0002:0000089C       IID_Connection
 0002:000008AC       IID_Connections
 0002:000013CC       IID_ConnectorFormat
 0002:00004720       IID_ConnectorFormat
 0002:0000010C       IID_ConnectorFormat
 0002:0000085C       IID_Container
 0002:0000086C       IID_Containers
 0002:00003190       IID_Controls
 0002:00004D6C       IID_Controls
 0002:00000EAC       IID_CustomLabel
 0002:00000E9C       IID_CustomLabels
 0002:000006AC       IID_Database
 0002:000006BC       IID_Databases
 0002:00000F0C       IID_Dialog
 0002:00000EFC       IID_Dialogs
 0002:000012BC       IID_Dictionaries
 0002:000012DC       IID_Dictionary
 0002:0000087C       IID_Document
 0002:0000026C       IID_DocumentProperties
 0002:0000025C       IID_DocumentProperty
 0002:0000088C       IID_Documents
 0002:0000091C       IID_Documents
 0002:00004460       IID_DocumentWindow
 0002:00004440       IID_DocumentWindows
 0002:00000ABC       IID_DropCap
 0002:00000DAC       IID_DropDown
 0002:00000C3C       IID_Endnote
 0002:00000C0C       IID_Endnotes
 0002:00000E7C       IID_Envelope
 0002:0000063C       IID_Error
 0002:0000064C       IID_Errors
 0002:0000035C       IID_Events
 0002:0000180C       IID_ExcelIFont
 0002:00004580       IID_ExtraColors
 0002:00000D0C       IID_Field
 0002:00000CFC       IID_Fields
 0002:0000073C       IID_Fields
 0002:0000119C       IID_FileConverter
 0002:000011AC       IID_FileConverters
 0002:00004AE0       IID_FileDialog
 0002:00004AC0       IID_FileDialogExtension
 0002:00004AD0       IID_FileDialogExtensionList
 0002:00004AB0       IID_FileDialogFileList
 0002:000002CC       IID_FileSearch
 0002:000017FC       IID_FillFormat
 0002:000046F0       IID_FillFormat
 0002:000013DC       IID_FillFormat
 0002:0000011C       IID_FillFormat
 0002:00000A2C       IID_Find
 0002:00000BCC       IID_FirstLetterException
 0002:00000BBC       IID_FirstLetterExceptions
 0002:00004860       IID_Font
 0002:000008EC       IID_FontNames
 0002:00004570       IID_Fonts
 0002:00000C2C       IID_Footnote
 0002:00000BFC       IID_Footnotes
 0002:00000D7C       IID_FormField
 0002:00000D6C       IID_FormFields
 0002:00003710       IID_Forms
 0002:0000029C       IID_FoundFiles
 0002:00000D5C       IID_Frame
 0002:00000D4C       IID_Frames
 0002:0000012C       IID_FreeformBuilder
 0002:000013EC       IID_FreeformBuilder
 0002:00004690       IID_FreeformBuilder
 0002:000007FC       IID_Groups
 0002:0000013C       IID_GroupShapes
 0002:0000120C       IID_GroupShapes
 0002:000046C0       IID_GroupShapes
 0002:0000138C       IID_HangulAndAlphabetException
 0002:0000137C       IID_HangulAndAlphabetExceptions
 0002:000012CC       IID_HangulHanjaConversionDictionaries
 0002:000048D0       IID_HeaderFooter
 0002:0000105C       IID_HeaderFooter
 0002:0000104C       IID_HeadersFooters
 0002:00004650       IID_HeadersFooters
 0002:000010BC       IID_HeadingStyle
 0002:000010AC       IID_HeadingStyles
 0002:00004550       IID_Hyperlink
 0002:000011DC       IID_Hyperlink
 0002:000011CC       IID_Hyperlinks
 0002:00004540       IID_Hyperlinks
 0002:0000003C       IID_IAccessible
 0002:0000196C       IID_IAddIn
 0002:0000197C       IID_IAddIns
 0002:0000183C       IID_IAppEvents
 0002:00001D9C       IID_IArc
 0002:00001DAC       IID_IArcs
 0002:000019CC       IID_IAreas
 0002:0000204C       IID_IAutoCorrect
 0002:0000201C       IID_IAutoFilter
 0002:000020EC       IID_IAxes
 0002:0000209C       IID_IAxis
 0002:000020BC       IID_IAxisTitle
 0002:0000205C       IID_IBorder
 0002:0000194C       IID_IBorders
 0002:00001B8C       IID_IButton
 0002:00001B9C       IID_IButtons
 0002:00001B0C       IID_ICalculatedFields
 0002:00001B3C       IID_ICalculatedItems
 0002:00001B4C       IID_ICharacters
 0002:0000226C       IID_IChartArea
 0002:0000208C       IID_IChartColorFormat
 0002:0000187C       IID_IChartEvents
 0002:0000207C       IID_IChartFillFormat
 0002:000020CC       IID_IChartGroup
 0002:000020DC       IID_IChartGroups
 0002:00001EEC       IID_IChartObject
 0002:00001EFC       IID_IChartObjects
 0002:00001A6C       IID_ICharts
 0002:000020AC       IID_IChartTitle
 0002:00001BAC       IID_ICheckBox
 0002:00001BBC       IID_ICheckBoxes
 0002:00004E0C       IID_ICommandButton
 0002:00001F6C       IID_IComment
 0002:00001F5C       IID_IComments
 0002:0000230C       IID_IConnectorFormat
 0002:00004D5C       IID_IControl
 0002:0000232C       IID_IControlFormat
 0002:000021AC       IID_ICorners
 0002:00001F2C       IID_ICustomView
 0002:00001F1C       IID_ICustomViews
 0002:00004C9C       IID_IDataAutoWrapper
 0002:0000213C       IID_IDataLabel
 0002:0000214C       IID_IDataLabels
 0002:0000229C       IID_IDataTable
 0002:00001B6C       IID_IDialog
 0002:00001CAC       IID_IDialogFrame
 0002:00001B5C       IID_IDialogs
 0002:00001E8C       IID_IDialogSheet
 0002:00001E9C       IID_IDialogSheets
 0002:0000190C       IID_IDocEvents
 0002:00003070       IID_IDoCmd
 0002:0000221C       IID_IDownBars
 0002:00001E2C       IID_IDrawing
 0002:00001A7C       IID_IDrawingObjects
 0002:00001E3C       IID_IDrawings
 0002:00001C6C       IID_IDropDown
 0002:00001C7C       IID_IDropDowns
 0002:000021EC       IID_IDropLines
 0002:00002E3C       IID_IDummy
 0002:00001BEC       IID_IEditBox
 0002:00001BFC       IID_IEditBoxes
 0002:0000228C       IID_IErrorBars
 0002:0000203C       IID_IFilter
 0002:0000202C       IID_IFilters
 0002:0000028C       IID_IFind
 0002:0000222C       IID_IFloor
 0002:00004C7C       IID_IFont
 0002:00001F4C       IID_IFormatCondition
 0002:00001F3C       IID_IFormatConditions
 0002:0000027C       IID_IFoundFiles
 0002:0000231C       IID_IFreeformBuilder
 0002:000021DC       IID_IGridlines
 0002:00001C4C       IID_IGroupBox
 0002:00001C5C       IID_IGroupBoxes
 0002:00001D1C       IID_IGroupObject
 0002:00001D2C       IID_IGroupObjects
 0002:000022EC       IID_IGroupShapes
 0002:000021CC       IID_IHiLoLines
 0002:000018BC       IID_IHPageBreak
 0002:000018CC       IID_IHPageBreaks
 0002:0000200C       IID_IHyperlink
 0002:00001FFC       IID_IHyperlinks
 0002:00004ECC       IID_IImage
 0002:0000206C       IID_IInterior
 0002:00001CBC       IID_ILabel
 0002:00004DFC       IID_ILabelControl
 0002:00001CCC       IID_ILabels
 0002:000021FC       IID_ILeaderLines
 0002:0000227C       IID_ILegend
 0002:0000216C       IID_ILegendEntries
 0002:0000215C       IID_ILegendEntry
 0002:0000217C       IID_ILegendKey
 0002:00001D3C       IID_ILine
 0002:00001D4C       IID_ILines
 0002:0000234C       IID_ILinkFormat
 0002:00001C2C       IID_IListBox
 0002:00001C3C       IID_IListBoxes
 0002:00001F0C       IID_IMailer
 0002:00004E4C       IID_IMdcCheckBox
 0002:00004E3C       IID_IMdcCombo
 0002:00004E2C       IID_IMdcList
 0002:00004E5C       IID_IMdcOptionButton
 0002:00004E1C       IID_IMdcText
 0002:00004E6C       IID_IMdcToggleButton
 0002:00001A3C       IID_IMenu
 0002:00001A1C       IID_IMenuBar
 0002:00001A0C       IID_IMenuBars
 0002:00001A5C       IID_IMenuItem
 0002:00001A4C       IID_IMenuItems
 0002:00001A2C       IID_IMenus
 0002:00001E6C       IID_IModule
 0002:00001E7C       IID_IModules
 0002:0000526C       IID_IMultiPage
 0002:00001EDC       IID_IName
 0002:00001ECC       IID_INames
 0002:00000FDC       IID_Index
 0002:0000076C       IID_Indexes
 0002:00000FCC       IID_Indexes
 0002:0000077C       IID_IndexFields
 0002:0000127C       IID_InlineShape
 0002:0000128C       IID_InlineShapes
 0002:00001FCC       IID_IODBCError
 0002:00001FDC       IID_IODBCErrors
 0002:0000233C       IID_IOLEFormat
 0002:00001DBC       IID_IOLEObjectEvents
 0002:00001DDC       IID_IOLEObjects
 0002:00001BCC       IID_IOptionButton
 0002:00001BDC       IID_IOptionButtons
 0002:00004D7C       IID_IOptionFrame
 0002:00001E5C       IID_IOutline
 0002:00001D7C       IID_IOval
 0002:00001D8C       IID_IOvals
 0002:0000524C       IID_IPage
 0002:00001EBC       IID_IPageSetup
 0002:00001CEC       IID_IPane
 0002:00001CDC       IID_IPanes
 0002:00001FAC       IID_IParameter
 0002:00001FBC       IID_IParameters
 0002:000022AC       IID_IPhonetic
 0002:00001E0C       IID_IPicture
 0002:00001E1C       IID_IPictures
 0002:00001A8C       IID_IPivotCache
 0002:00001A9C       IID_IPivotCaches
 0002:00001AEC       IID_IPivotField
 0002:00001AFC       IID_IPivotFields
 0002:00001AAC       IID_IPivotFormula
 0002:00001ABC       IID_IPivotFormulas
 0002:00001B1C       IID_IPivotItem
 0002:00001B2C       IID_IPivotItems
 0002:00001ACC       IID_IPivotTable
 0002:00001ADC       IID_IPivotTables
 0002:0000225C       IID_IPlotArea
 0002:0000210C       IID_IPoint
 0002:000020FC       IID_IPoints
 0002:00001F9C       IID_IQueryTables
 0002:0000186C       IID_IRange
 0002:000018EC       IID_IRecentFile
 0002:000018FC       IID_IRecentFiles
 0002:00001D5C       IID_IRectangle
 0002:00001D6C       IID_IRectangles
 0002:00001F7C       IID_IRefreshEvents
 0002:00004CBC       IID_IReturnBoolean
 0002:00004CEC       IID_IReturnEffect
 0002:00004CAC       IID_IReturnInteger
 0002:00004CDC       IID_IReturnSingle
 0002:00004CCC       IID_IReturnString
 0002:00001E4C       IID_IRoutingSlip
 0002:00001D0C       IID_IScenario
 0002:00001CFC       IID_IScenarios
 0002:00001C0C       IID_IScrollBar
 0002:00004E7C       IID_IScrollbar
 0002:00001C1C       IID_IScrollBars
 0002:0000211C       IID_ISeries
 0002:0000212C       IID_ISeriesCollection
 0002:000021BC       IID_ISeriesLines
 0002:000022BC       IID_IShape
 0002:000022DC       IID_IShapeRange
 0002:000022CC       IID_IShapes
 0002:00001B7C       IID_ISoundNote
 0002:00004EBC       IID_ISpinbutton
 0002:00001C8C       IID_ISpinner
 0002:00001C9C       IID_ISpinners
 0002:0000192C       IID_IStyle
 0002:0000193C       IID_IStyles
 0002:00004EAC       IID_ITabStrip
 0002:00001DEC       IID_ITextBox
 0002:00001DFC       IID_ITextBoxes
 0002:000022FC       IID_ITextFrame
 0002:0000224C       IID_ITickLabels
 0002:0000198C       IID_IToolbar
 0002:000019AC       IID_IToolbarButton
 0002:000019BC       IID_IToolbarButtons
 0002:0000199C       IID_IToolbars
 0002:0000219C       IID_ITrendline
 0002:0000218C       IID_ITrendlines
 0002:0000220C       IID_IUpBars
 0002:00001FEC       IID_IValidation
 0002:00003860       IID_IVbaReferences
 0002:000018AC       IID_IVPageBreak
 0002:000018DC       IID_IVPageBreaks
 0002:0000223C       IID_IWalls
 0002:00004F0C       IID_IWHTMLCheckbox
 0002:00004F3C       IID_IWHTMLHidden
 0002:00004EEC       IID_IWHTMLImage
 0002:00004F1C       IID_IWHTMLOption
 0002:00004F4C       IID_IWHTMLPassword
 0002:00004EFC       IID_IWHTMLReset
 0002:00004F5C       IID_IWHTMLSelect
 0002:00004EDC       IID_IWHTMLSubmitButton
 0002:00004F2C       IID_IWHTMLText
 0002:00004F6C       IID_IWHTMLTextArea
 0002:0000181C       IID_IWindow
 0002:0000182C       IID_IWindows
 0002:000019DC       IID_IWorkbookEvents
 0002:0000185C       IID_IWorksheetFunction
 0002:00001EAC       IID_IWorksheets
 0002:0000118C       IID_KeyBinding
 0002:0000116C       IID_KeyBindings
 0002:0000117C       IID_KeysBoundTo
 0002:0000090C       IID_Language
 0002:000008FC       IID_Languages
 0002:000013FC       IID_LineFormat
 0002:00004700       IID_LineFormat
 0002:0000178C       IID_LineFormat
 0002:0000014C       IID_LineFormat
 0002:00000F2C       IID_LineNumbering
 0002:000047A0       IID_LinkFormat
 0002:00000CDC       IID_LinkFormat
 0002:0000112C       IID_List
 0002:00000DBC       IID_ListEntries
 0002:00000DCC       IID_ListEntry
 0002:00000A1C       IID_ListFormat
 0002:0000115C       IID_ListGalleries
 0002:0000114C       IID_ListGallery
 0002:000010DC       IID_ListLevel
 0002:000010EC       IID_ListLevels
 0002:0000111C       IID_ListParagraphs
 0002:0000113C       IID_Lists
 0002:000010FC       IID_ListTemplate
 0002:0000110C       IID_ListTemplates
 0002:0000135C       IID_Mailer
 0002:00000E8C       IID_MailingLabel
 0002:00000DFC       IID_MailMerge
 0002:00000E6C       IID_MailMergeDataField
 0002:00000E5C       IID_MailMergeDataFields
 0002:00000E2C       IID_MailMergeDataSource
 0002:00000E1C       IID_MailMergeField
 0002:00000E4C       IID_MailMergeFieldName
 0002:00000E3C       IID_MailMergeFieldNames
 0002:00000E0C       IID_MailMergeFields
 0002:0000133C       IID_MailMessage
 0002:000045C0       IID_Master
 0002:000036C0       IID_Module
 0002:000036D0       IID_Modules
 0002:00004B00       IID_MouseDownHandler
 0002:00004AF0       IID_MouseTracker
 0002:000044B0       IID_NamedSlideShow
 0002:000044A0       IID_NamedSlideShows
 0002:000047B0       IID_ObjectVerbs
 0002:00004B10       IID_OCXExtender
 0002:00004B20       IID_OCXExtenderEvents
 0002:00000CCC       IID_OLEFormat
 0002:00004790       IID_OLEFormat
 0002:0000132C       IID_Options
 0002:0000107C       IID_PageNumber
 0002:0000106C       IID_PageNumbers
 0002:00003140       IID_Pages
 0002:0000525C       IID_Pages
 0002:00000F1C       IID_PageSetup
 0002:00004560       IID_PageSetup
 0002:000016F0       IID_PageSetup
 0002:000009EC       IID_Pane
 0002:000009FC       IID_Panes
 0002:00000AAC       IID_Paragraph
 0002:00004870       IID_ParagraphFormat
 0002:00000A9C       IID_Paragraphs
 0002:0000078C       IID_Parameter
 0002:0000079C       IID_Parameters
 0002:000017BC       IID_PictureFormat
 0002:000046E0       IID_PictureFormat
 0002:0000017C       IID_PictureFormat
 0002:0000140C       IID_PictureFormat
 0002:00004680       IID_PlaceholderFormat
 0002:00004670       IID_Placeholders
 0002:000047F0       IID_PlaySettings
 0002:00004900       IID_PPAlert
 0002:00004A00       IID_PPBitmap
 0002:00004980       IID_PPBitmapButton
 0002:000049B0       IID_PPCheckBox
 0002:00004950       IID_PPControl
 0002:00004930       IID_PPControls
 0002:00004910       IID_PPDialog
 0002:000048F0       IID_PPDialogs
 0002:00004A60       IID_PPDropDown
 0002:00004A70       IID_PPDropDownEdit
 0002:000049E0       IID_PPEditText
 0002:00004A40       IID_PPFrame
 0002:00004A30       IID_PPGroupBox
 0002:000049F0       IID_PPIcon
 0002:00004990       IID_PPListBox
 0002:00004960       IID_PPPushButton
 0002:00004A90       IID_PPRadioButton
 0002:000049C0       IID_PPRadioCluster
 0002:00004A20       IID_PPScrollBar
 0002:00004A80       IID_PPSlideMiniature
 0002:00004A10       IID_PPSpinner
 0002:000049D0       IID_PPStaticText
 0002:000049A0       IID_PPStrings
 0002:00004A50       IID_PPTabControl
 0002:00004920       IID_PPTabSheet
 0002:00004940       IID_PPTabSheets
 0002:00004970       IID_PPToggleButton
 0002:00004510       IID_Presentations
 0002:00004520       IID_PresEvents
 0002:000044C0       IID_PrintOptions
 0002:000044E0       IID_PrintRange
 0002:000044D0       IID_PrintRanges
 0002:0000134C       IID_ProofreadingErrors
 0002:0000084C       IID_Properties
 0002:000030B0       IID_Properties
 0002:000002AC       IID_PropertyTest
 0002:000002BC       IID_PropertyTests
 0002:0000083C       IID_Property_
 0002:000004FC       IID_Property_
 0002:000006DC       IID_QueryDefs
 0002:00000A0C       IID_Range
 0002:000012FC       IID_ReadabilityStatistic
 0002:000012EC       IID_ReadabilityStatistics
 0002:000009AC       IID_RecentFile
 0002:000009BC       IID_RecentFiles
 0002:000006FC       IID_Recordset
 0002:0000070C       IID_Recordsets
 0002:0000059C       IID_Reference
 0002:00003790       IID_Reference
 0002:0000082C       IID_Relations
 0002:00000A3C       IID_Replacement
 0002:00003750       IID_Reports
 0002:0000101C       IID_Revision
 0002:0000100C       IID_Revisions
 0002:00004610       IID_RGBColor
 0002:0000095C       IID_RoutingSlip
 0002:00000B1C       IID_Row
 0002:00000B5C       IID_Rows
 0002:00004810       IID_Ruler
 0002:00004830       IID_RulerLevel
 0002:00004820       IID_RulerLevels
 0002:00003760       IID_Screen
 0002:000016D0       IID_Section
 0002:00000A8C       IID_Section
 0002:00000A7C       IID_Sections
 0002:000016E0       IID_Sections
 0002:0000046C       IID_SelectedComponents
 0002:00004430       IID_Selection
 0002:00000A6C       IID_Sentences
 0002:00000C7C       IID_Shading
 0002:0000018C       IID_ShadowFormat
 0002:0000141C       IID_ShadowFormat
 0002:000017CC       IID_ShadowFormat
 0002:00004710       IID_ShadowFormat
 0002:0000019C       IID_Shape
 0002:000046A0       IID_Shape
 0002:0000121C       IID_Shape
 0002:0000142C       IID_ShapeNode
 0002:00004780       IID_ShapeNode
 0002:0000015C       IID_ShapeNode
 0002:0000179C       IID_ShapeNode
 0002:0000143C       IID_ShapeNodes
 0002:000017AC       IID_ShapeNodes
 0002:00004770       IID_ShapeNodes
 0002:0000016C       IID_ShapeNodes
 0002:000046B0       IID_ShapeRange
 0002:000001AC       IID_ShapeRange
 0002:000011FC       IID_ShapeRange
 0002:00004660       IID_Shapes
 0002:000001BC       IID_Shapes
 0002:000011EC       IID_Shapes
 0002:0000189C       IID_Sheets
 0002:000045D0       IID_SldEvents
 0002:000045B0       IID_SlideRange
 0002:00004590       IID_Slides
 0002:00004490       IID_SlideShowSettings
 0002:00004620       IID_SlideShowTransition
 0002:00004480       IID_SlideShowView
 0002:00004420       IID_SlideShowWindow
 0002:00004450       IID_SlideShowWindows
 0002:00004630       IID_SoundEffect
 0002:00004640       IID_SoundFormat
 0002:000012AC       IID_SpellingSuggestion
 0002:0000129C       IID_SpellingSuggestions
 0002:000010CC       IID_StoryRanges
 0002:00000D3C       IID_Style
 0002:00000D2C       IID_Styles
 0002:0000109C       IID_Subdocument
 0002:0000108C       IID_Subdocuments
 0002:000011BC       IID_SynonymInfo
 0002:00000CBC       IID_System
 0002:00004E8C       IID_Tab
 0002:00000B0C       IID_Table
 0002:0000068C       IID_TableDefs
 0002:00000EEC       IID_TableOfAuthorities
 0002:00000F7C       IID_TableOfAuthoritiesCategory
 0002:00000ECC       IID_TableOfContents
 0002:00000DEC       IID_TableOfFigures
 0002:00000B4C       IID_Tables
 0002:00000EDC       IID_TablesOfAuthorities
 0002:00000F6C       IID_TablesOfAuthoritiesCategories
 0002:00000EBC       IID_TablesOfContents
 0002:00000DDC       IID_TablesOfFigures
 0002:00004E9C       IID_Tabs
 0002:00004850       IID_TabStop
 0002:00000ADC       IID_TabStop
 0002:00000ACC       IID_TabStops
 0002:00004840       IID_TabStops
 0002:00004AA0       IID_Tags
 0002:0000102C       IID_Task
 0002:0000103C       IID_Tasks
 0002:0000093C       IID_Template
 0002:0000094C       IID_Templates
 0002:00000F4C       IID_TextColumn
 0002:00000F3C       IID_TextColumns
 0002:00004730       IID_TextEffectFormat
 0002:000001CC       IID_TextEffectFormat
 0002:000017DC       IID_TextEffectFormat
 0002:0000144C       IID_TextEffectFormat
 0002:000001DC       IID_TextFrame
 0002:00004750       IID_TextFrame
 0002:0000122C       IID_TextFrame
 0002:00000D8C       IID_TextInput
 0002:00004800       IID_TextRange
 0002:00000C8C       IID_TextRetrievalMode
 0002:000048A0       IID_TextStyle
 0002:000048C0       IID_TextStyleLevel
 0002:000048B0       IID_TextStyleLevels
 0002:00004890       IID_TextStyles
 0002:0000145C       IID_ThreeDFormat
 0002:000001EC       IID_ThreeDFormat
 0002:000017EC       IID_ThreeDFormat
 0002:00004740       IID_ThreeDFormat
 0002:00000BEC       IID_TwoInitialCapsException
 0002:00000BDC       IID_TwoInitialCapsExceptions
 0002:000007CC       IID_Users
 0002:0000098C       IID_Variable
 0002:0000099C       IID_Variables
 0002:000002FC       IID_VBE
 0002:0000131C       IID_Version
 0002:0000130C       IID_Versions
 0002:00004470       IID_View
 0002:0000124C       IID_View
 0002:000009CC       IID_Window
 0002:0000030C       IID_Window
 0002:000009DC       IID_Windows
 0002:00000A5C       IID_Words
 0002:00000F5C       IID_WordSelection
 0002:000019FC       IID_Workbooks
 0002:0000065C       IID_Workspace
 0002:0000066C       IID_Workspaces
 0002:0000136C       IID_WrapFormat
 0002:0000125C       IID_Zoom
 0002:0000126C       IID_Zooms
 0002:000030E0       IID__AccessField
 0002:000030A0       IID__AccessProperty
 0002:000043D0       IID__Application
 0002:00003770       IID__Application
 0002:0000184C       IID__Application
 0002:000008CC       IID__Application
 0002:000016C0       IID__Binder
 0002:00003380       IID__BoundObjectFrame
 0002:00003390       IID__BoundObjectFrameEvents
 0002:0000188C       IID__Chart
 0002:00003300       IID__Checkbox
 0002:00003310       IID__CheckBoxEvents
 0002:00003330       IID__CheckBoxInOptionEvents
 0002:000031D0       IID__ChildLabelEvents
 0002:0000052C       IID__CodeModule
 0002:0000056C       IID__CodePane
 0002:0000054C       IID__CodePanes
 0002:000005DC       IID__Collection
 0002:00003410       IID__Combobox
 0002:00003420       IID__ComboBoxEvents
 0002:000003DC       IID__CommandBarControlEvents
 0002:00003280       IID__CommandButton
 0002:00003290       IID__CommandButtonEvents
 0002:000004BC       IID__Component
 0002:0000047C       IID__Components
 0002:00003150       IID__Control
 0002:00003580       IID__CustomControl
 0002:00003590       IID__CustomControlEvents
 0002:000035B0       IID__CustomControlInReportEvents
 0002:000005FC       IID__DAO
 0002:0000060C       IID__DBEngine
 0002:0000092C       IID__Document
 0002:000037D0       IID__Dummy
 0002:000037E0       IID__DummyEvents
 0002:000005EC       IID__DynaCollection
 0002:0000071C       IID__Field
 0002:00000AFC       IID__Font
 0002:000036E0       IID__Form
 0002:000036F0       IID__FormEvents
 0002:000043E0       IID__Global
 0002:000008DC       IID__Global
 0002:0000195C       IID__Global
 0002:000007DC       IID__Group
 0002:00003650       IID__GroupLevel
 0002:00003660       IID__GroupLevelEvents
 0002:00003110       IID__Hyperlink
 0002:000052DC       IID__IAction
 0002:000052FC       IID__IActions
 0002:0000531C       IID__IApplication
 0002:0000534C       IID__IAppointmentItem
 0002:0000537C       IID__IAttachment
 0002:0000539C       IID__IAttachments
 0002:000053BC       IID__IContactItem
 0002:000058FC       IID__IDocSiteControl
 0002:000053EC       IID__IExplorer
 0002:0000540C       IID__IFolders
 0002:0000542C       IID__IFormDescription
 0002:0000544C       IID__IInspector
 0002:000052BC       IID__IItemEvents
 0002:0000546C       IID__IItems
 0002:0000548C       IID__IJournalItem
 0002:00003250       IID__Image
 0002:00003260       IID__ImageEvents
 0002:000054BC       IID__IMailItem
 0002:000054EC       IID__IMAPIFolder
 0002:0000550C       IID__IMeetingCanceledItem
 0002:0000553C       IID__IMeetingRequestAcceptedItem
 0002:0000556C       IID__IMeetingRequestDeclinedItem
 0002:0000559C       IID__IMeetingRequestItem
 0002:000055CC       IID__IMeetingRequestTentativeItem
 0002:0000004C       IID__IMsoDispObj
 0002:0000005C       IID__IMsoOleAccDispObj
 0002:000055FC       IID__INameSpace
 0002:0000074C       IID__Index
 0002:0000561C       IID__INoteItem
 0002:0000564C       IID__IOfficeDocumentItem
 0002:00001DCC       IID__IOLEObject
 0002:0000567C       IID__IPages
 0002:0000569C       IID__IPostItem
 0002:00001F8C       IID__IQueryTable
 0002:000056CC       IID__IRecipient
 0002:000058BC       IID__IRecipientControl
 0002:000056EC       IID__IRecipients
 0002:0000570C       IID__IRecurrencePattern
 0002:0000572C       IID__IRemoteItem
 0002:0000575C       IID__IReportItem
 0002:0000578C       IID__ITaskItem
 0002:000057BC       IID__ITaskRequestAcceptItem
 0002:000057EC       IID__ITaskRequestDeclineItem
 0002:0000581C       IID__ITaskRequestItem
 0002:0000584C       IID__ITaskRequestUpdateItem
 0002:000030C0       IID__ItemsSelected
 0002:0000587C       IID__IUserProperties
 0002:0000589C       IID__IUserProperty
 0002:000031A0       IID__Label
 0002:000031B0       IID__LabelEvents
 0002:0000123C       IID__LetterContent
 0002:00003220       IID__Line
 0002:00003230       IID__LineEvents
 0002:0000033C       IID__LinkedWindows
 0002:000033E0       IID__ListBox
 0002:000033F0       IID__ListBoxEvents
 0002:00003440       IID__ObjectFrame
 0002:00003450       IID__ObjectFrameEvents
 0002:00000CEC       IID__OLEControl
 0002:000032B0       IID__OptionButton
 0002:000032C0       IID__OptionButtonEvents
 0002:000032E0       IID__OptionButtonInOptionEvents
 0002:00003350       IID__OptionGroup
 0002:00003360       IID__OptionGroupEvents
 0002:00003130       IID__Page
 0002:00003470       IID__PageBreak
 0002:00003480       IID__PageBreakEvents
 0002:00003600       IID__PageEvents
 0002:000036A0       IID__PageHdrFtrInReportEvents
 0002:000034F0       IID__PaletteButton
 0002:00003500       IID__PaletteButtonEvents
 0002:00000AEC       IID__ParagraphFormat
 0002:00004530       IID__Presentation
 0002:0000040C       IID__ProjectTemplate
 0002:0000050C       IID__Properties
 0002:000006CC       IID__QueryDef
 0002:000031F0       IID__Rectangle
 0002:00003200       IID__RectangleEvents
 0002:0000058C       IID__References
 0002:000037A0       IID__References
 0002:000003AC       IID__ReferencesEvents
 0002:0000080C       IID__Relation
 0002:00003720       IID__Report
 0002:00003730       IID__ReportEvents
 0002:00003620       IID__Section
 0002:00003630       IID__SectionEvents
 0002:00003680       IID__SectionInReportEvents
 0002:000045A0       IID__Slide
 0002:00003520       IID__SubForm
 0002:00003530       IID__SubFormEvents
 0002:00003550       IID__SubReport
 0002:00003560       IID__SubReportEvents
 0002:000035D0       IID__TabControl
 0002:000035E0       IID__TabControlEvents
 0002:0000067C       IID__TableDef
 0002:000033B0       IID__Textbox
 0002:000033C0       IID__TextBoxEvents
 0002:000034A0       IID__ToggleButton
 0002:000034B0       IID__ToggleButtonEvents
 0002:000034D0       IID__ToggleButtonInOptionEvents
 0002:000007AC       IID__User
 0002:00004D8C       IID__UserForm
 0002:000004DC       IID__VBComponent
 0002:0000049C       IID__VBComponents
 0002:0000038C       IID__VBComponentsEvents
 0002:0000042C       IID__VBProject
 0002:0000044C       IID__VBProjects
 0002:0000036C       IID__VBProjectsEvents
 0002:0000031C       IID__Windows
 0002:000019EC       IID__Workbook
 0002:0000191C       IID__Worksheet
 0002:00003090       IID___AccessProperty
 0002:00003170       IID___ControlInReportEvents
 0002:00003100       IID___Help
 0002:00003840       IID____IVbaEditor
 0002:00003820       IID____IVbaEditors
 0002:00003800       IID____IVbaModule
 0002:00003870       IID____Reference
 0001:00001970       Imm
 0001:00000208       InitializeModule
 0001:00000190       InitProcessTLS
 0001:0000014C       InitThreadTLS
 0002:00003060       LIBID_Access
 0002:000005CC       LIBID_DAO
 0002:0000174C       LIBID_Excel
 0002:00004C6C       LIBID_MSForms
 0002:0000002C       LIBID_Office
 0002:000016B0       LIBID_OfficeBinder
 0002:000052AC       LIBID_Outlook
 0002:000043B0       LIBID_PowerPoint
 0002:000002DC       LIBID_VBIDE
 0002:000008BC       LIBID_Word
 0001:00000108       LocalAlloc
 0001:00000110       LocalFree
 0001:00000374       Messages
 0002:00000004       Module
 0002:00006000       ModuleIsLib
 0002:00006001       ModuleIsPackage
 0001:000D40EC       MSForms97
 0001:000D1CD0       MSPpt8
 0001:00001708       Office97
 0001:000F4280       Outlook8
 0001:000F4290       Register
 0001:000F440C       Register97
 0001:00001AA0       RegStr
 0001:00001C68       RichEdit
 0001:00001AD8       ShellAPI
 0001:000019F8       ShlObj
 0001:000002E4       SysInit
 0001:000C947C       TAccessApplication.AccessError
 0001:000C79F0       TAccessApplication.AddAutoCorrect
 0001:000C984C       TAccessApplication.AddToFavorites
 0001:000C9680       TAccessApplication.AppLoadString
 0001:000C7764       TAccessApplication.BeginUndoable
 0001:000C7814       TAccessApplication.BuildCriteria
 0001:000C9508       TAccessApplication.BuilderString
 0001:000C4F70       TAccessApplication.CloseCurrentDatabase
 0001:000C7704       TAccessApplication.CodeDb
 0001:000C4324       TAccessApplication.Connect
 0001:000C438C       TAccessApplication.ConnectTo
 0001:000C4414       TAccessApplication.Create
 0001:000C5BA8       TAccessApplication.CreateControl
 0001:000C5A7C       TAccessApplication.CreateControl
 0001:000C595C       TAccessApplication.CreateControl
 0001:000C584C       TAccessApplication.CreateControl
 0001:000C5748       TAccessApplication.CreateControl
 0001:000C5594       TAccessApplication.CreateControl
 0001:000C5660       TAccessApplication.CreateControl
 0001:000C6434       TAccessApplication.CreateControlEx
 0001:000C51EC       TAccessApplication.CreateForm
 0001:000C526C       TAccessApplication.CreateForm
 0001:000C5308       TAccessApplication.CreateForm
 0001:000C65F4       TAccessApplication.CreateGroupLevel
 0001:000C5440       TAccessApplication.CreateReport
 0001:000C53C0       TAccessApplication.CreateReport
 0001:000C54DC       TAccessApplication.CreateReport
 0001:000C61CC       TAccessApplication.CreateReportControl
 0001:000C60AC       TAccessApplication.CreateReportControl
 0001:000C5F9C       TAccessApplication.CreateReportControl
 0001:000C5E98       TAccessApplication.CreateReportControl
 0001:000C5DB0       TAccessApplication.CreateReportControl
 0001:000C5CE4       TAccessApplication.CreateReportControl
 0001:000C62F8       TAccessApplication.CreateReportControl
 0001:000C64B8       TAccessApplication.CreateReportControlEx
 0001:000C76A4       TAccessApplication.CurrentDb
 0001:000C7360       TAccessApplication.CurrentUser
 0001:000C6990       TAccessApplication.DAvg
 0001:000C6A08       TAccessApplication.DAvg
 0001:000C7268       TAccessApplication.DCount
 0001:000C71F0       TAccessApplication.DCount
 0001:000C7428       TAccessApplication.DDEExecute
 0001:000C73C0       TAccessApplication.DDEInitiate
 0001:000C74B0       TAccessApplication.DDEPoke
 0001:000C753C       TAccessApplication.DDERequest
 0001:000C75CC       TAccessApplication.DDETerminate
 0001:000C7650       TAccessApplication.DDETerminateAll
 0001:000C793C       TAccessApplication.DefaultWorkspaceClone
 0001:000C7A4C       TAccessApplication.DelAutoCorrect
 0001:000C653C       TAccessApplication.DeleteControl
 0001:000C6598       TAccessApplication.DeleteReportControl
 0001:000C444C       TAccessApplication.Destroy
 0001:000C715C       TAccessApplication.DFirst
 0001:000C70E4       TAccessApplication.DFirst
 0001:000C43E0       TAccessApplication.Disconnect
 0001:000C6BA8       TAccessApplication.DLast
 0001:000C6C20       TAccessApplication.DLast
 0001:000C6B14       TAccessApplication.DLookup
 0001:000C6A9C       TAccessApplication.DLookup
 0001:000C67F0       TAccessApplication.DMax
 0001:000C6778       TAccessApplication.DMax
 0001:000C66E4       TAccessApplication.DMin
 0001:000C666C       TAccessApplication.DMin
 0001:000C6ECC       TAccessApplication.DStDev
 0001:000C6F44       TAccessApplication.DStDev
 0001:000C6FD8       TAccessApplication.DStDevP
 0001:000C7050       TAccessApplication.DStDevP
 0001:000C6884       TAccessApplication.DSum
 0001:000C68FC       TAccessApplication.DSum
 0001:000C6D2C       TAccessApplication.DVar
 0001:000C6CB4       TAccessApplication.DVar
 0001:000C6DC0       TAccessApplication.DVarP
 0001:000C6E38       TAccessApplication.DVarP
 0001:000C4F14       TAccessApplication.Echo
 0001:000C72FC       TAccessApplication.Eval
 0001:000C96E4       TAccessApplication.FollowHyperlink
 0001:000C43F4       TAccessApplication.GetDefaultInterface
 0001:000C4E30       TAccessApplication.GetOption
 0001:000C4474       TAccessApplication.Get_Application
 0001:000C4B9C       TAccessApplication.Get_Assistant
 0001:000C452C       TAccessApplication.Get_CodeContextObject
 0001:000C4B3C       TAccessApplication.Get_CommandBars
 0001:000C46C4       TAccessApplication.Get_CurrentObjectName
 0001:000C4664       TAccessApplication.Get_CurrentObjectType
 0001:000C4ADC       TAccessApplication.Get_DBEngine
 0001:000C4834       TAccessApplication.Get_DoCmd
 0001:000C4CBC       TAccessApplication.Get_FileSearch
 0001:000C4720       TAccessApplication.Get_Forms
 0001:000C4D1C       TAccessApplication.Get_IsCompiled
 0001:000C4588       TAccessApplication.Get_MenuBar
 0001:000C4C5C       TAccessApplication.Get_Modules
 0001:000C44D0       TAccessApplication.Get_Parent
 0001:000C4BFC       TAccessApplication.Get_References
 0001:000C477C       TAccessApplication.Get_Reports
 0001:000C47D8       TAccessApplication.Get_Screen
 0001:000C4890       TAccessApplication.Get_ShortcutMenuBar
 0001:000C4A28       TAccessApplication.Get_UserControl
 0001:000C4974       TAccessApplication.Get_Visible
 0001:000C95F4       TAccessApplication.GUIDFromString
 0001:000C7AA4       TAccessApplication.hWndAccessApp
 0001:000C994C       TAccessApplication.HyperlinkPart
 0001:000C4318       TAccessApplication.InitServerData
 0001:000C7880       TAccessApplication.InsertText
 0001:000C97E8       TAccessApplication.LoadFromText
 0001:000C93B0       TAccessApplication.LoadPicture
 0001:000C4D80       TAccessApplication.NewCurrentDatabase
 0001:000C925C       TAccessApplication.Nz
 0001:000C92F8       TAccessApplication.Nz
 0001:000C4DD4       TAccessApplication.OpenCurrentDatabase
 0001:000C4FC0       TAccessApplication.Quit
 0001:000C98A0       TAccessApplication.RefreshDatabaseWindow
 0001:000C799C       TAccessApplication.RefreshTitleBar
 0001:000C78E8       TAccessApplication.ReloadAddIns
 0001:000C9414       TAccessApplication.ReplaceModule
 0001:000C88C4       TAccessApplication.Run
 0001:000C8994       TAccessApplication.Run
 0001:000C8A68       TAccessApplication.Run
 0001:000C8B3C       TAccessApplication.Run
 0001:000C8C28       TAccessApplication.Run
 0001:000C8D10       TAccessApplication.Run
 0001:000C8DF8       TAccessApplication.Run
 0001:000C8EDC       TAccessApplication.Run
 0001:000C8FC0       TAccessApplication.Run
 0001:000C90A0       TAccessApplication.Run
 0001:000C9180       TAccessApplication.Run
 0001:000C87F8       TAccessApplication.Run
 0001:000C8730       TAccessApplication.Run
 0001:000C8668       TAccessApplication.Run
 0001:000C85A4       TAccessApplication.Run
 0001:000C84E4       TAccessApplication.Run
 0001:000C8428       TAccessApplication.Run
 0001:000C836C       TAccessApplication.Run
 0001:000C82B4       TAccessApplication.Run
 0001:000C8200       TAccessApplication.Run
 0001:000C8150       TAccessApplication.Run
 0001:000C80A0       TAccessApplication.Run
 0001:000C7FF4       TAccessApplication.Run
 0001:000C7F4C       TAccessApplication.Run
 0001:000C7EA8       TAccessApplication.Run
 0001:000C7E04       TAccessApplication.Run
 0001:000C7D64       TAccessApplication.Run
 0001:000C7CC8       TAccessApplication.Run
 0001:000C7C30       TAccessApplication.Run
 0001:000C7B08       TAccessApplication.Run
 0001:000C7B98       TAccessApplication.Run
 0001:000C98F4       TAccessApplication.RunCommand
 0001:000C9784       TAccessApplication.SaveAsText
 0001:000C4E90       TAccessApplication.SetOption
 0001:000C77BC       TAccessApplication.SetUndoRecording
 0001:000C45E4       TAccessApplication.Set_MenuBar
 0001:000C48EC       TAccessApplication.Set_ShortcutMenuBar
 0001:000C4A88       TAccessApplication.Set_UserControl
 0001:000C49D4       TAccessApplication.Set_Visible
 0001:000C9568       TAccessApplication.StringFromGUID
 0001:000C5014       TAccessApplication.SysCmd
 0001:000C5094       TAccessApplication.SysCmd
 0001:000C5134       TAccessApplication.SysCmd
 0001:000B2078       TAccessBoundObjectFrame.CreateControl
 0001:000B2098       TAccessBoundObjectFrame.GetControlInterface
 0001:000B20B8       TAccessBoundObjectFrame.Get_Application
 0001:000B2320       TAccessBoundObjectFrame.Get_Controls
 0001:000B2494       TAccessBoundObjectFrame.Get_ObjectPalette
 0001:000B2264       TAccessBoundObjectFrame.Get_ObjectVerbs
 0001:000B2208       TAccessBoundObjectFrame.Get_Object_
 0001:000B2170       TAccessBoundObjectFrame.Get_OldValue
 0001:000B2114       TAccessBoundObjectFrame.Get_Parent
 0001:000B22C4       TAccessBoundObjectFrame.Get_Properties
 0001:000B237C       TAccessBoundObjectFrame.Get_Value
 0001:000B2658       TAccessBoundObjectFrame.Goto_
 0001:000B1FD8       TAccessBoundObjectFrame.InitControlData
 0001:000B2608       TAccessBoundObjectFrame.Requery
 0001:000B26A8       TAccessBoundObjectFrame.SetFocus
 0001:000B2534       TAccessBoundObjectFrame.Set_ObjectPalette
 0001:000B2414       TAccessBoundObjectFrame.Set_Value
 0001:000B25B8       TAccessBoundObjectFrame.SizeToFit
 0001:000B26F8       TAccessBoundObjectFrame._Evaluate
 0001:000B1490       TAccessCheckBox.CreateControl
 0001:000B14B0       TAccessCheckBox.GetControlInterface
 0001:000B14D0       TAccessCheckBox.Get_Application
 0001:000B167C       TAccessCheckBox.Get_Controls
 0001:000B1588       TAccessCheckBox.Get_OldValue
 0001:000B152C       TAccessCheckBox.Get_Parent
 0001:000B1620       TAccessCheckBox.Get_Properties
 0001:000B16D8       TAccessCheckBox.Get_Value
 0001:000B18E0       TAccessCheckBox.Goto_
 0001:000B13F0       TAccessCheckBox.InitControlData
 0001:000B1890       TAccessCheckBox.Requery
 0001:000B1930       TAccessCheckBox.SetFocus
 0001:000B1770       TAccessCheckBox.Set_Value
 0001:000B1840       TAccessCheckBox.SizeToFit
 0001:000B17F0       TAccessCheckBox.Undo
 0001:000B1980       TAccessCheckBox._Evaluate
 0001:000B3724       TAccessComboBox.CreateControl
 0001:000B3C9C       TAccessComboBox.Dropdown
 0001:000B3744       TAccessComboBox.GetControlInterface
 0001:000B3764       TAccessComboBox.Get_Application
 0001:000B381C       TAccessComboBox.Get_Column
 0001:000B3A7C       TAccessComboBox.Get_Controls
 0001:000B3AD8       TAccessComboBox.Get_Hyperlink
 0001:000B3978       TAccessComboBox.Get_ItemData
 0001:000B38E0       TAccessComboBox.Get_OldValue
 0001:000B37C0       TAccessComboBox.Get_Parent
 0001:000B3A20       TAccessComboBox.Get_Properties
 0001:000B3B34       TAccessComboBox.Get_Value
 0001:000B3D8C       TAccessComboBox.Goto_
 0001:000B3684       TAccessComboBox.InitControlData
 0001:000B3D3C       TAccessComboBox.Requery
 0001:000B3DDC       TAccessComboBox.SetFocus
 0001:000B3BCC       TAccessComboBox.Set_Value
 0001:000B3CEC       TAccessComboBox.SizeToFit
 0001:000B3C4C       TAccessComboBox.Undo
 0001:000B3E2C       TAccessComboBox._Evaluate
 0001:000B06A8       TAccessCommandButton.CreateControl
 0001:000B06C8       TAccessCommandButton.GetControlInterface
 0001:000B06E8       TAccessCommandButton.Get_Application
 0001:000B0894       TAccessCommandButton.Get_Controls
 0001:000B08F0       TAccessCommandButton.Get_Hyperlink
 0001:000B0B84       TAccessCommandButton.Get_ObjectPalette
 0001:000B07A0       TAccessCommandButton.Get_OldValue
 0001:000B0744       TAccessCommandButton.Get_Parent
 0001:000B0A64       TAccessCommandButton.Get_PictureData
 0001:000B0838       TAccessCommandButton.Get_Properties
 0001:000B094C       TAccessCommandButton.Get_Value
 0001:000B0D48       TAccessCommandButton.Goto_
 0001:000B0608       TAccessCommandButton.InitControlData
 0001:000B0CF8       TAccessCommandButton.Requery
 0001:000B0D98       TAccessCommandButton.SetFocus
 0001:000B0C24       TAccessCommandButton.Set_ObjectPalette
 0001:000B0B00       TAccessCommandButton.Set_PictureData
 0001:000B09E4       TAccessCommandButton.Set_Value
 0001:000B0CA8       TAccessCommandButton.SizeToFit
 0001:000B0DE8       TAccessCommandButton._Evaluate
[...]
 0002:000032A0       CLASS_AccessCommandButton
 0002:000032B0       IID__OptionButton
 0002:000032C0       IID__OptionButtonEvents
 0002:000032D0       CLASS_AccessOptionButton
 0002:000032E0       IID__OptionButtonInOptionEvents
 0002:000032F0       CLASS__OptionButtonInOption
 0002:00003300       IID__Checkbox
 0002:00003310       IID__CheckBoxEvents
 0002:00003320       CLASS_AccessCheckBox
 0002:00003330       IID__CheckBoxInOptionEvents
 0002:00003340       CLASS__CheckBoxInOption
 0002:00003350       IID__OptionGroup
 0002:00003360       IID__OptionGroupEvents
 0002:00003370       CLASS_AccessOptionGroup
 0002:00003380       IID__BoundObjectFrame
 0002:00003390       IID__BoundObjectFrameEvents
 0002:000033A0       CLASS_AccessBoundObjectFrame
 0002:000033B0       IID__Textbox
 0002:000033C0       IID__TextBoxEvents
 0002:000033D0       CLASS_AccessTextBox
 0002:000033E0       IID__ListBox
 0002:000033F0       IID__ListBoxEvents
 0002:00003400       CLASS_AccessListBox
 0002:00003410       IID__Combobox
 0002:00003420       IID__ComboBoxEvents
 0002:00003430       CLASS_AccessComboBox
 0002:00003440       IID__ObjectFrame
 0002:00003450       IID__ObjectFrameEvents
 0002:00003460       CLASS_AccessObjectFrame
 0002:00003470       IID__PageBreak
 0002:00003480       IID__PageBreakEvents
 0002:00003490       CLASS_AccessPageBreak
 0002:000034A0       IID__ToggleButton
 0002:000034B0       IID__ToggleButtonEvents
 0002:000034C0       CLASS_AccessToggleButton
 0002:000034D0       IID__ToggleButtonInOptionEvents
 0002:000034E0       CLASS__ToggleButtonInOption
 0002:000034F0       IID__PaletteButton
 0002:00003500       IID__PaletteButtonEvents
 0002:00003510       CLASS_AccessPaletteButton
 0002:00003520       IID__SubForm
 0002:00003530       IID__SubFormEvents
 0002:00003540       CLASS_AccessSubForm
 0002:00003550       IID__SubReport
 0002:00003560       IID__SubReportEvents
 0002:00003570       CLASS_AccessSubReport
 0002:00003580       IID__CustomControl
 0002:00003590       IID__CustomControlEvents
 0002:000035A0       CLASS_AccessCustomControl
 0002:000035B0       IID__CustomControlInReportEvents
 0002:000035C0       CLASS__CustomControlInReport
 0002:000035D0       IID__TabControl
 0002:000035E0       IID__TabControlEvents
 0002:000035F0       CLASS_AccessTabControl
 0002:00003600       IID__PageEvents
 0002:00003610       CLASS_AccessPage
 0002:00003620       IID__Section
 0002:00003630       IID__SectionEvents
 0002:00003640       CLASS_AccessSection
 0002:00003650       IID__GroupLevel
 0002:00003660       IID__GroupLevelEvents
 0002:00003670       CLASS_AccessGroupLevel
 0002:00003680       IID__SectionInReportEvents
 0002:00003690       CLASS__SectionInReport
 0002:000036A0       IID__PageHdrFtrInReportEvents
 0002:000036B0       CLASS__PageHdrFtrInReport
 0002:000036C0       IID_Module
 0002:000036D0       IID_Modules
 0002:000036E0       IID__Form
 0002:000036F0       IID__FormEvents
 0002:00003700       CLASS_AccessForm
 0002:00003710       IID_Forms
 0002:00003720       IID__Report
 0002:00003730       IID__ReportEvents
 0002:00003740       CLASS_AccessReport
 0002:00003750       IID_Reports
 0002:00003760       IID_Screen
 0002:00003770       IID__Application
 0002:00003780       CLASS_AccessApplication
 0002:00003790       IID_Reference
 0002:000037A0       IID__References
 0002:000037B0       DIID__References_Events
 0002:000037C0       CLASS_AccessReferences
 0002:000037D0       IID__Dummy
 0002:000037E0       IID__DummyEvents
 0002:000037F0       CLASS_Class_
 0002:00003800       IID____IVbaModule
 0002:00003810       CLASS____CodeModule
 0002:00003820       IID____IVbaEditors
 0002:00003830       CLASS____Editors
 0002:00003840       IID____IVbaEditor
 0002:00003850       CLASS____Editor
 0002:00003860       IID_IVbaReferences
 0002:00003870       IID____Reference
 0002:00003880       DIID____IVbaExtReferencesEvents
 0002:00003890       CLASS____References
 0002:000038A0       CServerData
 0002:000038DC       CControlData
 0002:00003930       CServerData
 0002:0000396C       CControlData
 0002:000039C0       CControlData
 0002:00003A14       CControlData
 0002:00003A68       CControlData
 0002:00003ABC       CControlData
 0002:00003B10       CEventDispIDs
 0002:00003B20       CControlData
 0002:00003B74       CEventDispIDs
 0002:00003B8C       CControlData
 0002:00003BE0       CEventDispIDs
 0002:00003BF8       CControlData
 0002:00003C4C       CEventDispIDs
 0002:00003C5C       CControlData
 0002:00003CB0       CEventDispIDs
 0002:00003CCC       CControlData
 0002:00003D20       CEventDispIDs
 0002:00003D3C       CControlData
 0002:00003D90       CEventDispIDs
 0002:00003DA8       CControlData
 0002:00003DFC       CEventDispIDs
 0002:00003E1C       CControlData
 0002:00003E70       CEventDispIDs
 0002:00003E84       CControlData
 0002:00003ED8       CControlData
 0002:00003F2C       CEventDispIDs
 0002:00003F44       CControlData
 0002:00003F98       CEventDispIDs
 0002:00003FB0       CControlData
 0002:00004004       CEventDispIDs
 0002:0000400C       CControlData
 0002:00004060       CEventDispIDs
 0002:00004068       CControlData
 0002:000040BC       CEventDispIDs
 0002:000040D0       CControlData
 0002:00004124       CEventDispIDs
 0002:00004128       CControlData
 0002:0000417C       CControlData
 0002:000041D0       CControlData
 0002:00004224       CEventDispIDs
 0002:00004230       CControlData
 0002:00004284       CServerData
 0002:000042C0       CServerData
 0002:000042FC       CServerData
 0002:00004338       CServerData
 0002:00004374       CServerData
 0002:000043B0       LIBID_PowerPoint
 0002:000043C0       IID_Collection
 0002:000043D0       IID__Application
 0002:000043E0       IID__Global
 0002:000043F0       CLASS_PowerPointApplication
 0002:00004400       CLASS_PowerPointGlobal
 0002:00004410       IID_ColorFormat
 0002:00004420       IID_SlideShowWindow
 0002:00004430       IID_Selection
 0002:00004440       IID_DocumentWindows
 0002:00004450       IID_SlideShowWindows
 0002:00004460       IID_DocumentWindow
 0002:00004470       IID_View
 0002:00004480       IID_SlideShowView
 0002:00004490       IID_SlideShowSettings
 0002:000044A0       IID_NamedSlideShows
 0002:000044B0       IID_NamedSlideShow
 0002:000044C0       IID_PrintOptions
 0002:000044D0       IID_PrintRanges
 0002:000044E0       IID_PrintRange
 0002:000044F0       IID_AddIns
 0002:00004500       IID_AddIn
 0002:00004510       IID_Presentations
 0002:00004520       IID_PresEvents
 0002:00004530       IID__Presentation
 0002:00004540       IID_Hyperlinks
 0002:00004550       IID_Hyperlink
 0002:00004560       IID_PageSetup
 0002:00004570       IID_Fonts
 0002:00004580       IID_ExtraColors
 0002:00004590       IID_Slides
 0002:000045A0       IID__Slide
 0002:000045B0       IID_SlideRange
 0002:000045C0       IID_Master
 0002:000045D0       IID_SldEvents
 0002:000045E0       CLASS_PowerPointSlide
 0002:000045F0       IID_ColorSchemes
 0002:00004600       IID_ColorScheme
 0002:00004610       IID_RGBColor
 0002:00004620       IID_SlideShowTransition
 0002:00004630       IID_SoundEffect
 0002:00004640       IID_SoundFormat
 0002:00004650       IID_HeadersFooters
 0002:00004660       IID_Shapes
 0002:00004670       IID_Placeholders
 0002:00004680       IID_PlaceholderFormat
 0002:00004690       IID_FreeformBuilder
 0002:000046A0       IID_Shape
 0002:000046B0       IID_ShapeRange
 0002:000046C0       IID_GroupShapes
 0002:000046D0       IID_Adjustments
 0002:000046E0       IID_PictureFormat
 0002:000046F0       IID_FillFormat
 0002:00004700       IID_LineFormat
 0002:00004710       IID_ShadowFormat
 0002:00004720       IID_ConnectorFormat
 0002:00004730       IID_TextEffectFormat
 0002:00004740       IID_ThreeDFormat
 0002:00004750       IID_TextFrame
 0002:00004760       IID_CalloutFormat
 0002:00004770       IID_ShapeNodes
 0002:00004780       IID_ShapeNode
 0002:00004790       IID_OLEFormat
 0002:000047A0       IID_LinkFormat
 0002:000047B0       IID_ObjectVerbs
 0002:000047C0       IID_AnimationSettings
 0002:000047D0       IID_ActionSettings
 0002:000047E0       IID_ActionSetting
 0002:000047F0       IID_PlaySettings
 0002:00004800       IID_TextRange
 0002:00004810       IID_Ruler
 0002:00004820       IID_RulerLevels
 0002:00004830       IID_RulerLevel
 0002:00004840       IID_TabStops
 0002:00004850       IID_TabStop
 0002:00004860       IID_Font
 0002:00004870       IID_ParagraphFormat
 0002:00004880       IID_BulletFormat
 0002:00004890       IID_TextStyles
 0002:000048A0       IID_TextStyle
 0002:000048B0       IID_TextStyleLevels
 0002:000048C0       IID_TextStyleLevel
 0002:000048D0       IID_HeaderFooter
 0002:000048E0       CLASS_PowerPointPresentation
 0002:000048F0       IID_PPDialogs
 0002:00004900       IID_PPAlert
 0002:00004910       IID_PPDialog
 0002:00004920       IID_PPTabSheet
 0002:00004930       IID_PPControls
 0002:00004940       IID_PPTabSheets
 0002:00004950       IID_PPControl
 0002:00004960       IID_PPPushButton
 0002:00004970       IID_PPToggleButton
 0002:00004980       IID_PPBitmapButton
 0002:00004990       IID_PPListBox
 0002:000049A0       IID_PPStrings
 0002:000049B0       IID_PPCheckBox
 0002:000049C0       IID_PPRadioCluster
 0002:000049D0       IID_PPStaticText
 0002:000049E0       IID_PPEditText
 0002:000049F0       IID_PPIcon
 0002:00004A00       IID_PPBitmap
 0002:00004A10       IID_PPSpinner
 0002:00004A20       IID_PPScrollBar
 0002:00004A30       IID_PPGroupBox
 0002:00004A40       IID_PPFrame
 0002:00004A50       IID_PPTabControl
 0002:00004A60       IID_PPDropDown
 0002:00004A70       IID_PPDropDownEdit
 0002:00004A80       IID_PPSlideMiniature
 0002:00004A90       IID_PPRadioButton
 0002:00004AA0       IID_Tags
 0002:00004AB0       IID_FileDialogFileList
 0002:00004AC0       IID_FileDialogExtension
 0002:00004AD0       IID_FileDialogExtensionList
 0002:00004AE0       IID_FileDialog
 0002:00004AF0       IID_MouseTracker
 0002:00004B00       IID_MouseDownHandler
 0002:00004B10       IID_OCXExtender
 0002:00004B20       IID_OCXExtenderEvents
 0002:00004B30       CLASS_OLECtrl
 0002:00004B40       CServerData
 0002:00004B7C       CServerData
 0002:00004BB8       CServerData
 0002:00004BF4       CServerData
 0002:00004C30       CServerData
 0002:00004C6C       LIBID_MSForms
 0002:00004C7C       IID_IFont
 0002:00004C8C       DIID_Font
 0002:00004C9C       IID_IDataAutoWrapper
 0002:00004CAC       IID_IReturnInteger
 0002:00004CBC       IID_IReturnBoolean
 0002:00004CCC       IID_IReturnString
 0002:00004CDC       IID_IReturnSingle
 0002:00004CEC       IID_IReturnEffect
 0002:00004CFC       CLASS_ReturnInteger
 0002:00004D0C       CLASS_ReturnBoolean
 0002:00004D1C       CLASS_ReturnString
 0002:00004D2C       CLASS_ReturnSingle
 0002:00004D3C       CLASS_ReturnEffect
 0002:00004D4C       CLASS_DataObject
 0002:00004D5C       IID_IControl
 0002:00004D6C       IID_Controls
 0002:00004D7C       IID_IOptionFrame
 0002:00004D8C       IID__UserForm
 0002:00004D9C       DIID_ControlEvents
 0002:00004DAC       CLASS_Control
 0002:00004DBC       DIID_FormEvents
 0002:00004DCC       DIID_OptionFrameEvents
 0002:00004DDC       CLASS_UserForm
 0002:00004DEC       CLASS_Frame
 0002:00004DFC       IID_ILabelControl
 0002:00004E0C       IID_ICommandButton
 0002:00004E1C       IID_IMdcText
 0002:00004E2C       IID_IMdcList
 0002:00004E3C       IID_IMdcCombo
 0002:00004E4C       IID_IMdcCheckBox
 0002:00004E5C       IID_IMdcOptionButton
 0002:00004E6C       IID_IMdcToggleButton
 0002:00004E7C       IID_IScrollbar
 0002:00004E8C       IID_Tab
 0002:00004E9C       IID_Tabs
 0002:00004EAC       IID_ITabStrip
 0002:00004EBC       IID_ISpinbutton
 0002:00004ECC       IID_IImage
 0002:00004EDC       IID_IWHTMLSubmitButton
 0002:00004EEC       IID_IWHTMLImage
 0002:00004EFC       IID_IWHTMLReset
 0002:00004F0C       IID_IWHTMLCheckbox
 0002:00004F1C       IID_IWHTMLOption
 0002:00004F2C       IID_IWHTMLText
 0002:00004F3C       IID_IWHTMLHidden
 0002:00004F4C       IID_IWHTMLPassword
 0002:00004F5C       IID_IWHTMLSelect
 0002:00004F6C       IID_IWHTMLTextArea
 0002:00004F7C       DIID_LabelControlEvents
 0002:00004F8C       CLASS_Label_
 0002:00004F9C       DIID_CommandButtonEvents
 0002:00004FAC       CLASS_CommandButton
 0002:00004FBC       DIID_MdcTextEvents
 0002:00004FCC       CLASS_TextBox
 0002:00004FDC       DIID_MdcListEvents
 0002:00004FEC       CLASS_ListBox
 0002:00004FFC       DIID_MdcComboEvents
 0002:0000500C       CLASS_ComboBox
 0002:0000501C       DIID_MdcCheckBoxEvents
 0002:0000502C       DIID_MdcOptionButtonEvents
 0002:0000503C       DIID_MdcToggleButtonEvents
 0002:0000504C       CLASS_CheckBox
 0002:0000505C       CLASS_OptionButton
 0002:0000506C       CLASS_ToggleButton
 0002:0000507C       CLASS_NewFont
 0002:0000508C       DIID_ScrollbarEvents
 0002:0000509C       CLASS_ScrollBar
 0002:000050AC       DIID_TabStripEvents
 0002:000050BC       CLASS_TabStrip
 0002:000050CC       DIID_SpinbuttonEvents
 0002:000050DC       CLASS_SpinButton
 0002:000050EC       DIID_ImageEvents
 0002:000050FC       CLASS_Image
 0002:0000510C       DIID_WHTMLControlEvents
 0002:0000511C       DIID_WHTMLControlEvents1
 0002:0000512C       DIID_WHTMLControlEvents2
 0002:0000513C       DIID_WHTMLControlEvents3
 0002:0000514C       DIID_WHTMLControlEvents4
 0002:0000515C       DIID_WHTMLControlEvents5
 0002:0000516C       DIID_WHTMLControlEvents6
 0002:0000517C       DIID_WHTMLControlEvents7
 0002:0000518C       DIID_WHTMLControlEvents9
 0002:0000519C       DIID_WHTMLControlEvents10
 0002:000051AC       CLASS_HTMLSubmit
 0002:000051BC       CLASS_HTMLImage
 0002:000051CC       CLASS_HTMLReset
 0002:000051DC       CLASS_HTMLCheckbox
 0002:000051EC       CLASS_HTMLOption
 0002:000051FC       CLASS_HTMLText
 0002:0000520C       CLASS_HTMLHidden
 0002:0000521C       CLASS_HTMLPassword
 0002:0000522C       CLASS_HTMLSelect
 0002:0000523C       CLASS_HTMLTextArea
 0002:0000524C       IID_IPage
 0002:0000525C       IID_Pages
 0002:0000526C       IID_IMultiPage
 0002:0000527C       DIID_MultiPageEvents
 0002:0000528C       CLASS_MultiPage
 0002:0000529C       CLASS_Page
 0002:000052AC       LIBID_Outlook
 0002:000052BC       IID__IItemEvents
 0002:000052CC       DIID__DItemEvents
 0002:000052DC       IID__IAction
 0002:000052EC       DIID_Action
 0002:000052FC       IID__IActions
 0002:0000530C       DIID_Actions
 0002:0000531C       IID__IApplication
 0002:0000532C       DIID__DApplication
 0002:0000533C       CLASS_OutlookApplication
 0002:0000534C       IID__IAppointmentItem
 0002:0000535C       DIID__DAppointmentItem
 0002:0000536C       CLASS_AppointmentItem
 0002:0000537C       IID__IAttachment
 0002:0000538C       DIID_Attachment
 0002:0000539C       IID__IAttachments
 0002:000053AC       DIID_Attachments
 0002:000053BC       IID__IContactItem
 0002:000053CC       DIID__DContactItem
 0002:000053DC       CLASS_ContactItem
 0002:000053EC       IID__IExplorer
 0002:000053FC       DIID_Explorer
 0002:0000540C       IID__IFolders
 0002:0000541C       DIID_Folders
 0002:0000542C       IID__IFormDescription
 0002:0000543C       DIID_FormDescription
 0002:0000544C       IID__IInspector
 0002:0000545C       DIID_Inspector
 0002:0000546C       IID__IItems
 0002:0000547C       DIID_Items
 0002:0000548C       IID__IJournalItem
 0002:0000549C       DIID__DJournalItem
 0002:000054AC       CLASS_JournalItem
 0002:000054BC       IID__IMailItem
 0002:000054CC       DIID__DMailItem
 0002:000054DC       CLASS_MailItem
 0002:000054EC       IID__IMAPIFolder
 0002:000054FC       DIID_MAPIFolder
 0002:0000550C       IID__IMeetingCanceledItem
 0002:0000551C       DIID__DMeetingCanceledItem
 0002:0000552C       CLASS__MeetingCanceledItem
 0002:0000553C       IID__IMeetingRequestAcceptedItem
 0002:0000554C       DIID__DMeetingRequestAcceptedItem
 0002:0000555C       CLASS__MeetingRequestAcceptedItem
 0002:0000556C       IID__IMeetingRequestDeclinedItem
 0002:0000557C       DIID__DMeetingRequestDeclinedItem
 0002:0000558C       CLASS__MeetingRequestDeclinedItem
 0002:0000559C       IID__IMeetingRequestItem
 0002:000055AC       DIID__DMeetingRequestItem
 0002:000055BC       CLASS_MeetingRequestItem
 0002:000055CC       IID__IMeetingRequestTentativeItem
 0002:000055DC       DIID__DMeetingRequestTentativeItem
 0002:000055EC       CLASS__MeetingRequestTentativeItem
 0002:000055FC       IID__INameSpace
 0002:0000560C       DIID_NameSpace
 0002:0000561C       IID__INoteItem
 0002:0000562C       DIID__DNoteItem
 0002:0000563C       CLASS_NoteItem
 0002:0000564C       IID__IOfficeDocumentItem
 0002:0000565C       DIID__DOfficeDocumentItem
 0002:0000566C       CLASS__OfficeDocumentItem
 0002:0000567C       IID__IPages
 0002:0000568C       DIID_Pages
 0002:0000569C       IID__IPostItem
 0002:000056AC       DIID__DPostItem
 0002:000056BC       CLASS_PostItem
 0002:000056CC       IID__IRecipient
 0002:000056DC       DIID_Recipient
 0002:000056EC       IID__IRecipients
 0002:000056FC       DIID_Recipients
 0002:0000570C       IID__IRecurrencePattern
 0002:0000571C       DIID_RecurrencePattern
 0002:0000572C       IID__IRemoteItem
 0002:0000573C       DIID__DRemoteItem
 0002:0000574C       CLASS_RemoteItem
 0002:0000575C       IID__IReportItem
 0002:0000576C       DIID__DReportItem
 0002:0000577C       CLASS_ReportItem
 0002:0000578C       IID__ITaskItem
 0002:0000579C       DIID__DTaskItem
 0002:000057AC       CLASS_TaskItem
 0002:000057BC       IID__ITaskRequestAcceptItem
 0002:000057CC       DIID__DTaskRequestAcceptItem
 0002:000057DC       CLASS__TaskRequestAcceptItem
 0002:000057EC       IID__ITaskRequestDeclineItem
 0002:000057FC       DIID__DTaskRequestDeclineItem
 0002:0000580C       CLASS__TaskRequestDeclineItem
 0002:0000581C       IID__ITaskRequestItem
 0002:0000582C       DIID__DTaskRequestItem
 0002:0000583C       CLASS_TaskRequestItem
 0002:0000584C       IID__ITaskRequestUpdateItem
 0002:0000585C       DIID__DTaskRequestUpdateItem
 0002:0000586C       CLASS__TaskRequestUpdateItem
 0002:0000587C       IID__IUserProperties
 0002:0000588C       DIID_UserProperties
 0002:0000589C       IID__IUserProperty
 0002:000058AC       DIID_UserProperty
 0002:000058BC       IID__IRecipientControl
 0002:000058CC       DIID__DRecipientControl
 0002:000058DC       DIID__DRecipientControlEvents
 0002:000058EC       CLASS__RecipientControl
 0002:000058FC       IID__IDocSiteControl
 0002:0000590C       DIID__DDocSiteControl
 0002:0000591C       DIID__DDocSiteControlEvents
 0002:0000592C       CLASS__DocSiteControl
 0002:0000593C       CServerData
 0002:00005978       CServerData
 0002:000059B4       CServerData
 0002:000059F0       CServerData
 0002:00005A2C       CServerData
 0002:00005A68       CServerData
 0002:00005AA4       CServerData
 0002:00005AE0       CServerData
 0002:00005B1C       CServerData
 0002:00005B58       CServerData
 0002:00005B94       CServerData
 0002:00005BD0       CServerData
 0002:00006000       ModuleIsLib
 0002:00006001       ModuleIsPackage
 0002:00006004       HInstance
 0002:00006008       .1
 0002:0000600C       tlsBuffer
 0002:00006010       .3
 0002:00006014       .1
 0002:00006018       .1
 0002:0000601C       .1
 0002:00006020       .1
 0002:00006024       .1
 0002:00006028       .1
 0002:0000602C       .1
 0002:00006030       .1
 0002:00006034       .1
 0002:00006038       .3
 0002:0000603C       .1
 0002:00006040       .1
 0002:00006044       .1
 0002:00006048       .71
 0002:0000604C       .01
 0002:00006050       .51
 0002:00006054       .3
 0002:00006058       .51
 0002:0000605C       .44
 0002:00006060       .11
 0002:00006064       .01
 0002:00006068       .33
 0002:0000606C       .1


Bound resource files

dclaxserver.res
..\icons\Word.dcr
..\icons\Excel.dcr
..\icons\PowerPoint.dcr
..\icons\Outlook.dcr
..\icons\Binder.dcr
..\icons\Access.dcr
..\icons\Office.dcr
C:\DOCUME~1\~KOKOP~1\LOCALS~1\Temp\dtf274D.tmp


Program entry point at 0001:000F46FC
