
 Start         Length     Name                   Class
 0001:00000000 0000809CH .text                   CODE
 0002:00000000 00000060H .data                   DATA
 0002:00000060 0000006DH .bss                    BSS


Detailed map of segments

 0001:00000000 0000015E C=CODE     S=.text    G=(none)   M=System   ACBP=A9
 0001:00000160 000001EC C=CODE     S=.text    G=(none)   M=SysInit  ACBP=A9
 0001:0000034C 00000038 C=CODE     S=.text    G=(none)   M=Windows  ACBP=A9
 0001:00000384 0000000E C=CODE     S=.text    G=(none)   M=Types    ACBP=A9
 0001:00000394 00000038 C=CODE     S=.text    G=(none)   M=Messages ACBP=A9
 0001:000003CC 0000003E C=CODE     S=.text    G=(none)   M=SysUtils ACBP=A9
 0001:0000040C 0000000E C=CODE     S=.text    G=(none)   M=SysConst ACBP=A9
 0001:0000041C 0000006E C=CODE     S=.text    G=(none)   M=Classes  ACBP=A9
 0001:0000048C 0000000E C=CODE     S=.text    G=(none)   M=ActiveX  ACBP=A9
 0001:0000049C 0000001E C=CODE     S=.text    G=(none)   M=TypInfo  ACBP=A9
 0001:000004BC 00000066 C=CODE     S=.text    G=(none)   M=Variants ACBP=A9
 0001:00000524 0000000E C=CODE     S=.text    G=(none)   M=VarUtils ACBP=A9
 0001:00000534 0000000E C=CODE     S=.text    G=(none)   M=RTLConsts ACBP=A9
 0001:00000544 0000000E C=CODE     S=.text    G=(none)   M=Graphics ACBP=A9
 0001:00000554 0000000E C=CODE     S=.text    G=(none)   M=Consts   ACBP=A9
 0001:00000564 00000146 C=CODE     S=.text    G=(none)   M=Forms    ACBP=A9
 0001:000006AC 0000000E C=CODE     S=.text    G=(none)   M=HelpIntfs ACBP=A9
 0001:000006BC 0000000E C=CODE     S=.text    G=(none)   M=Contnrs  ACBP=A9
 0001:000006CC 0000000E C=CODE     S=.text    G=(none)   M=Math     ACBP=A9
 0001:000006DC 0000000E C=CODE     S=.text    G=(none)   M=MultiMon ACBP=A9
 0001:000006EC 00000016 C=CODE     S=.text    G=(none)   M=ActnList ACBP=A9
 0001:00000704 0000000E C=CODE     S=.text    G=(none)   M=ImgList  ACBP=A9
 0001:00000714 00000038 C=CODE     S=.text    G=(none)   M=CommCtrl ACBP=A9
 0001:0000074C 00000116 C=CODE     S=.text    G=(none)   M=Controls ACBP=A9
 0001:00000864 00000038 C=CODE     S=.text    G=(none)   M=Imm      ACBP=A9
 0001:0000089C 0000000E C=CODE     S=.text    G=(none)   M=Menus    ACBP=A9
 0001:000008AC 0000000E C=CODE     S=.text    G=(none)   M=Themes   ACBP=A9
 0001:000008BC 0000000E C=CODE     S=.text    G=(none)   M=UxTheme  ACBP=A9
 0001:000008CC 0000000E C=CODE     S=.text    G=(none)   M=SyncObjs ACBP=A9
 0001:000008DC 0000002E C=CODE     S=.text    G=(none)   M=ComCtrls ACBP=A9
 0001:0000090C 00000038 C=CODE     S=.text    G=(none)   M=ShlObj   ACBP=A9
 0001:00000944 00000038 C=CODE     S=.text    G=(none)   M=UrlMon   ACBP=A9
 0001:0000097C 00000038 C=CODE     S=.text    G=(none)   M=WinInet  ACBP=A9
 0001:000009B4 00000038 C=CODE     S=.text    G=(none)   M=RegStr   ACBP=A9
 0001:000009EC 00000038 C=CODE     S=.text    G=(none)   M=ShellAPI ACBP=A9
 0001:00000A24 0000000E C=CODE     S=.text    G=(none)   M=ListActns ACBP=A9
 0001:00000A34 0000000E C=CODE     S=.text    G=(none)   M=ExtCtrls ACBP=A9
 0001:00000A44 0000001E C=CODE     S=.text    G=(none)   M=StdCtrls ACBP=A9
 0001:00000A64 0000000E C=CODE     S=.text    G=(none)   M=WinHelpViewer ACBP=A9
 0001:00000A74 0000000E C=CODE     S=.text    G=(none)   M=StdActns ACBP=A9
 0001:00000A84 00000036 C=CODE     S=.text    G=(none)   M=Dialogs  ACBP=A9
 0001:00000ABC 0000000E C=CODE     S=.text    G=(none)   M=Printers ACBP=A9
 0001:00000ACC 00000038 C=CODE     S=.text    G=(none)   M=WinSpool ACBP=A9
 0001:00000B04 00000038 C=CODE     S=.text    G=(none)   M=CommDlg  ACBP=A9
 0001:00000B3C 00000038 C=CODE     S=.text    G=(none)   M=Dlgs     ACBP=A9
 0001:00000B74 0000000E C=CODE     S=.text    G=(none)   M=StrUtils ACBP=A9
 0001:00000B84 0000000E C=CODE     S=.text    G=(none)   M=Clipbrd  ACBP=A9
 0001:00000B94 0000000E C=CODE     S=.text    G=(none)   M=FlatSB   ACBP=A9
 0001:00000BA4 0000000E C=CODE     S=.text    G=(none)   M=ToolWin  ACBP=A9
 0001:00000BB4 00000038 C=CODE     S=.text    G=(none)   M=RichEdit ACBP=A9
 0001:00000BEC 0000000E C=CODE     S=.text    G=(none)   M=ExtActns ACBP=A9
 0001:00000BFC 0000000E C=CODE     S=.text    G=(none)   M=Registry ACBP=A9
 0001:00000C0C 0000000E C=CODE     S=.text    G=(none)   M=IniFiles ACBP=A9
 0001:00000C1C 0000000E C=CODE     S=.text    G=(none)   M=ExtDlgs  ACBP=A9
 0001:00000C2C 0000000E C=CODE     S=.text    G=(none)   M=Buttons  ACBP=A9
 0001:00000C3C 0000000E C=CODE     S=.text    G=(none)   M=Mapi     ACBP=A9
 0001:00000C4C 0000000E C=CODE     S=.text    G=(none)   M=ComStrs  ACBP=A9
 0001:00000C5C 00000E04 C=CODE     S=.text    G=(none)   M=FldEdit  ACBP=A9
 0001:00001A60 0000000E C=CODE     S=.text    G=(none)   M=Grids    ACBP=A9
 0001:00001A70 0000000E C=CODE     S=.text    G=(none)   M=Mask     ACBP=A9
 0001:00001A80 0000000E C=CODE     S=.text    G=(none)   M=MaskUtils ACBP=A9
 0001:00001A90 00000016 C=CODE     S=.text    G=(none)   M=DBConnAdmin ACBP=A9
 0001:00001AA8 00000046 C=CODE     S=.text    G=(none)   M=DB       ACBP=A9
 0001:00001AF0 0000000E C=CODE     S=.text    G=(none)   M=FMTBcd   ACBP=A9
 0001:00001B00 0000000E C=CODE     S=.text    G=(none)   M=DBConsts ACBP=A9
 0001:00001B10 0000000E C=CODE     S=.text    G=(none)   M=SqlTimSt ACBP=A9
 0001:00001B20 0000000E C=CODE     S=.text    G=(none)   M=DateUtils ACBP=A9
 0001:00001B30 0000000E C=CODE     S=.text    G=(none)   M=ComObj   ACBP=A9
 0001:00001B40 0000000E C=CODE     S=.text    G=(none)   M=ComConst ACBP=A9
 0001:00001B50 000000A6 C=CODE     S=.text    G=(none)   M=SqlExpr  ACBP=A9
 0001:00001BF8 0000000E C=CODE     S=.text    G=(none)   M=DBXpress ACBP=A9
 0001:00001C08 0000001E C=CODE     S=.text    G=(none)   M=DBCommon ACBP=A9
 0001:00001C28 0000000E C=CODE     S=.text    G=(none)   M=SqlConst ACBP=A9
 0001:00001C38 000003F4 C=CODE     S=.text    G=(none)   M=AddConn  ACBP=A9
 0001:0000202C 0000048C C=CODE     S=.text    G=(none)   M=DBDrvEd  ACBP=A9
 0001:000024B8 00000016 C=CODE     S=.text    G=(none)   M=ValEdit  ACBP=A9
 0001:000024D0 0000156C C=CODE     S=.text    G=(none)   M=DBConnEd ACBP=A9
 0001:00003A3C 0000002E C=CODE     S=.text    G=(none)   M=FldLinks ACBP=A9
 0001:00003A6C 0000013E C=CODE     S=.text    G=(none)   M=DesignEditors ACBP=A9
 0001:00003BAC 0000000E C=CODE     S=.text    G=(none)   M=DesignMenus ACBP=A9
 0001:00003BBC 0000002E C=CODE     S=.text    G=(none)   M=DesignIntf ACBP=A9
 0001:00003BEC 0000000E C=CODE     S=.text    G=(none)   M=Proxies  ACBP=A9
 0001:00003BFC 0000000E C=CODE     S=.text    G=(none)   M=DesignConst ACBP=A9
 0001:00003C0C 0000000E C=CODE     S=.text    G=(none)   M=DsnDBCst ACBP=A9
 0001:00003C1C 0000000E C=CODE     S=.text    G=(none)   M=LibHelp  ACBP=A9
 0001:00003C2C 000001FE C=CODE     S=.text    G=(none)   M=TreeIntf ACBP=A9
 0001:00003E2C 0000001E C=CODE     S=.text    G=(none)   M=DsnDb    ACBP=A9
 0001:00003E4C 000000CE C=CODE     S=.text    G=(none)   M=DiagramSupport ACBP=A9
 0001:00003F1C 0000000E C=CODE     S=.text    G=(none)   M=DiagramViewModels ACBP=A9
 0001:00003F2C 0000000E C=CODE     S=.text    G=(none)   M=ModelPrimitives ACBP=A9
 0001:00003F3C 0000000E C=CODE     S=.text    G=(none)   M=ComponentDesigner ACBP=A9
 0001:00003F4C 0000000E C=CODE     S=.text    G=(none)   M=EditIntf ACBP=A9
 0001:00003F5C 0000000E C=CODE     S=.text    G=(none)   M=VirtIntf ACBP=A9
 0001:00003F6C 0000000E C=CODE     S=.text    G=(none)   M=Events   ACBP=A9
 0001:00003F7C 0000000E C=CODE     S=.text    G=(none)   M=ToolUtils ACBP=A9
 0001:00003F8C 0000000E C=CODE     S=.text    G=(none)   M=ToolsAPI ACBP=A9
 0001:00003F9C 0000000E C=CODE     S=.text    G=(none)   M=Update   ACBP=A9
 0001:00003FAC 0000000E C=CODE     S=.text    G=(none)   M=LibConst ACBP=A9
 0001:00003FBC 0000000E C=CODE     S=.text    G=(none)   M=Designer ACBP=A9
 0001:00003FCC 0000000E C=CODE     S=.text    G=(none)   M=StFilSys ACBP=A9
 0001:00003FDC 0000000E C=CODE     S=.text    G=(none)   M=IStreams ACBP=A9
 0001:00003FEC 0000000E C=CODE     S=.text    G=(none)   M=AxCtrls  ACBP=A9
 0001:00003FFC 0000000E C=CODE     S=.text    G=(none)   M=StdVCL   ACBP=A9
 0001:0000400C 0000000E C=CODE     S=.text    G=(none)   M=TopLevels ACBP=A9
 0001:0000401C 0000000E C=CODE     S=.text    G=(none)   M=ModelFactories ACBP=A9
 0001:0000402C 0000000E C=CODE     S=.text    G=(none)   M=ModelDesigner ACBP=A9
 0001:0000403C 0000000E C=CODE     S=.text    G=(none)   M=ModelViews ACBP=A9
 0001:0000404C 0000000E C=CODE     S=.text    G=(none)   M=ModelTypes ACBP=A9
 0001:0000405C 0000000E C=CODE     S=.text    G=(none)   M=ModelClasses ACBP=A9
 0001:0000406C 0000000E C=CODE     S=.text    G=(none)   M=StringScanner ACBP=A9
 0001:0000407C 0000000E C=CODE     S=.text    G=(none)   M=ModelUtils ACBP=A9
 0001:0000408C 0000000E C=CODE     S=.text    G=(none)   M=ModelCaps ACBP=A9
 0001:0000409C 0000000E C=CODE     S=.text    G=(none)   M=ModelControl ACBP=A9
 0001:000040AC 0000000E C=CODE     S=.text    G=(none)   M=VCLEditors ACBP=A9
 0001:000040BC 0000000E C=CODE     S=.text    G=(none)   M=EditorViewSupport ACBP=A9
 0001:000040CC 0000000E C=CODE     S=.text    G=(none)   M=DSDefine ACBP=A9
 0001:000040DC 0000000E C=CODE     S=.text    G=(none)   M=DSDesign ACBP=A9
 0001:000040EC 0000000E C=CODE     S=.text    G=(none)   M=DrpCtrls ACBP=A9
 0001:000040FC 0000000E C=CODE     S=.text    G=(none)   M=DesignWindows ACBP=A9
 0001:0000410C 0000000E C=CODE     S=.text    G=(none)   M=DBCtrls  ACBP=A9
 0001:0000411C 0000000E C=CODE     S=.text    G=(none)   M=VDBConsts ACBP=A9
 0001:0000412C 0000000E C=CODE     S=.text    G=(none)   M=DBPWDlg  ACBP=A9
 0001:0000413C 0000000E C=CODE     S=.text    G=(none)   M=DBLogDlg ACBP=A9
 0001:0000414C 0000000E C=CODE     S=.text    G=(none)   M=DSAdd    ACBP=A9
 0001:0000415C 0000000E C=CODE     S=.text    G=(none)   M=DBGrids  ACBP=A9
 0001:0000416C 00000036 C=CODE     S=.text    G=(none)   M=DBReg    ACBP=A9
 0001:000041A4 0000000E C=CODE     S=.text    G=(none)   M=DBColnEd ACBP=A9
 0001:000041B4 0000000E C=CODE     S=.text    G=(none)   M=ToolWnds ACBP=A9
 0001:000041C4 0000000E C=CODE     S=.text    G=(none)   M=ActnPopup ACBP=A9
 0001:000041D4 0000000E C=CODE     S=.text    G=(none)   M=ActnCtrls ACBP=A9
 0001:000041E4 0000000E C=CODE     S=.text    G=(none)   M=GraphUtil ACBP=A9
 0001:000041F4 0000000E C=CODE     S=.text    G=(none)   M=ActnMan  ACBP=A9
 0001:00004204 0000000E C=CODE     S=.text    G=(none)   M=ActnColorMaps ACBP=A9
 0001:00004214 0000000E C=CODE     S=.text    G=(none)   M=ActnMenus ACBP=A9
 0001:00004224 0000000E C=CODE     S=.text    G=(none)   M=ShadowWnd ACBP=A9
 0001:00004234 00000038 C=CODE     S=.text    G=(none)   M=MMSystem ACBP=A9
 0001:0000426C 0000000E C=CODE     S=.text    G=(none)   M=XPActnCtrls ACBP=A9
 0001:0000427C 0000002E C=CODE     S=.text    G=(none)   M=ColnEdit ACBP=A9
 0001:000042AC 0000000E C=CODE     S=.text    G=(none)   M=DBActRes ACBP=A9
 0001:000042BC 0000000E C=CODE     S=.text    G=(none)   M=DBActns  ACBP=A9
 0001:000042CC 0000000E C=CODE     S=.text    G=(none)   M=StrEdit  ACBP=A9
 0001:000042DC 0000000E C=CODE     S=.text    G=(none)   M=ValueEdit ACBP=A9
 0001:000042EC 0000000E C=CODE     S=.text    G=(none)   M=StringsEdit ACBP=A9
 0001:000042FC 00000016 C=CODE     S=.text    G=(none)   M=SqlEdit  ACBP=A9
 0001:00004314 000038C8 C=CODE     S=.text    G=(none)   M=SqlReg   ACBP=A9
 0001:00007BDC 000004BD C=CODE     S=.text    G=(none)   M=dcldbx   ACBP=A9
 0002:00000000 00000030 C=DATA     S=.data    G=DGROUP   M=SysInit  ACBP=A9
 0002:00000030 0000000C C=DATA     S=.data    G=DGROUP   M=SqlReg   ACBP=A9
 0002:00001000 00000010 C=BSS      S=.bss     G=DGROUP   M=SysInit  ACBP=A9
 0002:00001010 00000004 C=BSS      S=.bss     G=DGROUP   M=Windows  ACBP=A9
 0002:00001014 00000004 C=BSS      S=.bss     G=DGROUP   M=Messages ACBP=A9
 0002:00001018 00000004 C=BSS      S=.bss     G=DGROUP   M=CommCtrl ACBP=A9
 0002:0000101C 00000004 C=BSS      S=.bss     G=DGROUP   M=Imm      ACBP=A9
 0002:00001020 00000004 C=BSS      S=.bss     G=DGROUP   M=ShlObj   ACBP=A9
 0002:00001024 00000004 C=BSS      S=.bss     G=DGROUP   M=UrlMon   ACBP=A9
 0002:00001028 00000004 C=BSS      S=.bss     G=DGROUP   M=WinInet  ACBP=A9
 0002:0000102C 00000004 C=BSS      S=.bss     G=DGROUP   M=RegStr   ACBP=A9
 0002:00001030 00000004 C=BSS      S=.bss     G=DGROUP   M=ShellAPI ACBP=A9
 0002:00001034 00000004 C=BSS      S=.bss     G=DGROUP   M=WinSpool ACBP=A9
 0002:00001038 00000004 C=BSS      S=.bss     G=DGROUP   M=CommDlg  ACBP=A9
 0002:0000103C 00000004 C=BSS      S=.bss     G=DGROUP   M=Dlgs     ACBP=A9
 0002:00001040 00000004 C=BSS      S=.bss     G=DGROUP   M=RichEdit ACBP=A9
 0002:00001044 00000008 C=BSS      S=.bss     G=DGROUP   M=FldEdit  ACBP=A9
 0002:0000104C 00000008 C=BSS      S=.bss     G=DGROUP   M=AddConn  ACBP=A9
 0002:00001054 00000008 C=BSS      S=.bss     G=DGROUP   M=DBDrvEd  ACBP=A9
 0002:0000105C 00000008 C=BSS      S=.bss     G=DGROUP   M=DBConnEd ACBP=A9
 0002:00001064 00000004 C=BSS      S=.bss     G=DGROUP   M=MMSystem ACBP=A9
 0002:00001068 00000004 C=BSS      S=.bss     G=DGROUP   M=SqlReg   ACBP=A9


  Address         Publics by Name

 0002:00001068       .03
 0002:0000103C       .1
 0002:00001038       .1
 0002:00001030       .1
 0002:0000102C       .1
 0002:00001028       .1
 0002:00001008       .1
 0002:00001024       .1
 0002:00001020       .1
 0002:0000101C       .1
 0002:00001018       .1
 0002:00001014       .1
 0002:00001040       .1
 0002:00001058       .2
 0002:00001050       .2
 0002:00001060       .2
 0002:00001048       .2
 0002:00001010       .3
 0002:00001034       .3
 0002:00001064       .7
 0001:00008074       @GetPackageInfoTable
 0001:00000298       @InitPkg
 0001:0000807C       @PackageLoad
 0001:000002FC       @PackageLoad
 0001:00000308       @PackageUnload
 0001:00008088       @PackageUnload
 0001:00002024       AddConn
 0001:00001040       AdjustStringsForQuoteChar
 0001:00000198       AllocTlsBuffer
 0001:00000744       CommCtrl
 0001:00000B34       CommDlg
 0002:0000105C       ConnEditForm
 0002:00000030       cSqlCommandTypes
 0001:00003A34       DBConnEd
 0001:000024B0       DBDrvEd
 0001:00008094       dcldbx
 0001:00000FD4       DefaultReqQuoteChar
 0001:00000B6C       Dlgs
 0002:00001054       DriverSettingsForm
 0001:00003804       EditConnection
 0001:0000223C       EditDriverSettings
 0001:00001224       EditFields
 0001:00001440       EditFields
 0001:00000244       ExitProcessTLS
 0001:0000021C       ExitThreadTLS
 0001:00001180       ExtractQuotedText
 0002:00001044       FieldEditForm
 0001:00000BB4       Finalization
 0001:00000B3C       Finalization
 0001:00000B04       Finalization
 0001:00000ACC       Finalization
 0001:00002480       Finalization
 0001:000009EC       Finalization
 0001:000009B4       Finalization
 0001:0000097C       Finalization
 0001:00007B8C       Finalization
 0001:00000944       Finalization
 0001:00001FF4       Finalization
 0001:0000090C       Finalization
 0001:00001A28       Finalization
 0001:00000864       Finalization
 0001:00000714       Finalization
 0001:00000394       Finalization
 0001:0000034C       Finalization
 0001:00000314       Finalization
 0001:00003A04       Finalization
 0001:00004234       Finalization
 0001:00001A58       FldEdit
 0001:00000160       FreeLibrary
 0001:00002C1C       GetConnectionName
 0001:00001E74       GetNewConnectionName
 0001:000001A4       GetTlsSize
 0002:00001004       HInstance
 0001:00000894       Imm
 0001:00000268       InitializeModule
 0001:000001F0       InitProcessTLS
 0001:000001AC       InitThreadTLS
 0001:00000168       LocalAlloc
 0001:00000170       LocalFree
 0001:000003C4       Messages
 0001:00004264       MMSystem
 0002:00000008       Module
 0002:00001000       ModuleIsLib
 0002:00001001       ModuleIsPackage
 0002:0000104C       NewConnectionForm
 0002:00000004       PtrToNil
 0001:000075F8       Register
 0001:000009E4       RegStr
 0001:00000BE4       RichEdit
 0001:00000A1C       ShellAPI
 0001:0000093C       ShlObj
 0001:00005FB8       SprigSQLImpliedConnectionName
 0001:00007BD4       SqlReg
 0001:00000344       SysInit
 0001:00003144       TConnEditForm.ActionsUpdate
 0001:00003190       TConnEditForm.AddConnectionExecute
 0001:0000308C       TConnEditForm.ConnectionListClick
 0001:000036DC       TConnEditForm.ConnectionValuesGetLookup
 0001:000032B8       TConnEditForm.DeleteConnectionExecute
 0001:00003038       TConnEditForm.DriverChange
 0001:000036D4       TConnEditForm.EditDriversExecute
 0001:00002DD4       TConnEditForm.FileExitExecute
 0001:000039AC       TConnEditForm.FormActivate
 0001:00002C84       TConnEditForm.FormCreate
 0001:00002DC4       TConnEditForm.FormDestroy
 0001:00002FA4       TConnEditForm.GetSelectedConnection
 0001:00003994       TConnEditForm.HelpBtnClick
 0001:000036F8       TConnEditForm.OKBtnClick
 0001:00002FE8       TConnEditForm.ParamsChanged
 0001:00002DDC       TConnEditForm.RefreshConnectionList
 0001:000033EC       TConnEditForm.RenameConnectionExecute
 0001:000038B8       TConnEditForm.SetSQLConnection
 0001:000034AC       TConnEditForm.TestConnectionExecute
 0001:000075AC       TCustomSQLDataSetSelectionEditor.RequiresUnits
 0001:000022B0       TDriverSettingsForm.FormCreate
 0001:0000245C       TDriverSettingsForm.FormDestroy
 0001:00002468       TDriverSettingsForm.HelpBtnClick
 0001:00001A00       TFieldEditForm.DownButtonClick
 0001:0000179C       TFieldEditForm.ExcAllBtnClick
 0001:00001690       TFieldEditForm.ExcludeBtnClick
 0001:00001980       TFieldEditForm.GetFirstSelection
 0001:00001A10       TFieldEditForm.HelpBtnClick
 0001:000016D4       TFieldEditForm.IncAllBtnClick
 0001:000014D0       TFieldEditForm.IncludeBtnClick
 0001:00001514       TFieldEditForm.MoveDstSelected
 0001:00001864       TFieldEditForm.MoveSelected
 0001:00001638       TFieldEditForm.PopulateFieldList
 0001:00001908       TFieldEditForm.SetButtons
 0001:000019B4       TFieldEditForm.SetItem
 0001:000019F8       TFieldEditForm.SrcListDblClick
 0001:00001A08       TFieldEditForm.UpButtonClick
 0001:000067F8       TIdxColNamesProperty.Activate
 0001:00000178       TlsAlloc
 0002:0000100C       tlsBuffer
 0001:00000180       TlsFree
 0001:00000188       TlsGetValue
 0002:00000000       TlsIndex
 0002:AFE26000       TlsLast
 0002:00000020       TlsProc
 0001:00000190       TlsSetValue
 0001:00001FDC       TNewConnectionForm.HelpBtnClick
 0001:00006C0C       TParamsProperty.Edit
 0001:000067C0       TQueryParamsProperty.GetColOptions
 0001:00006818       TSQLConnectionEditor.ExecuteVerb
 0001:00006890       TSQLConnectionEditor.GetVerb
 0001:000068C8       TSQLConnectionEditor.GetVerbCount
 0001:000075D0       TSQLConnectionSelectionEditor.RequiresUnits
 0001:00006F90       TSQLConnectionSprig.AnyProblems
 0001:00007004       TSQLConnectionSprig.Caption
 0001:00006FF0       TSQLConnectionSprig.Name
 0001:00006808       TSQLConnectionsProperty.Activate
 0001:00006914       TSqlDataSetEditor.EditCommandText
 0001:000068D8       TSqlDataSetEditor.ExecuteVerb
 0001:000069CC       TSqlDataSetEditor.GetVerb
 0001:00006A0C       TSqlDataSetEditor.GetVerbCount
 0001:000075A8       TSqlDataSetIsland.VisibleTreeParent
 0001:00007278       TSqlDataSetSprig.AnyProblems
 0001:0000729C       TSqlDataSetSprig.Caption
 0001:0000734C       TSqlDataSetSprig.DragDropTo
 0001:0000739C       TSqlDataSetSprig.DragOverTo
 0001:00007318       TSqlDataSetSprig.FigureParent
 0001:00007410       TSqlDataSetSprig.PaletteOverTo
 0001:00006800       TSQLDriversProperty.Activate
 0001:00006438       TSQLEditProperty.Activate
 0001:000066E8       TSQLEditProperty.AutoFill
 0001:000066CC       TSQLEditProperty.Edit
 0001:00006498       TSQLEditProperty.EditSQLText
 0001:00007060       TSQLImpliedConnectionSprig.AnyProblems
 0001:0000706C       TSQLImpliedConnectionSprig.Caption
 0001:000070BC       TSQLImpliedConnectionSprig.ItemClass
 0001:000070A8       TSQLImpliedConnectionSprig.UniqueName
 0001:000067F0       TSQLIndexNameProperty.Activate
 0001:00006C58       TSQLMonitorFileNameProperty.Edit
 0001:00006D60       TSQLMonitorFileNameProperty.GetAttributes
 0001:000070DC       TSQLMonitorSprig.AnyProblems
 0001:000070EC       TSQLMonitorSprig.Caption
 0001:00007188       TSQLMonitorSprig.DragDropTo
 0001:000071D0       TSQLMonitorSprig.DragOverTo
 0001:00007158       TSQLMonitorSprig.FigureParent
 0001:000070C4       TSQLMonitorSprig.Name
 0001:00007244       TSQLMonitorSprig.PaletteOverTo
 0001:000067E4       TSQLPackageNameProperty.Activate
 0001:000067EC       TSQLPackageNameProperty.AutoFill
 0001:00006AF0       TSqlQueryEditor.ExecuteVerb
 0001:00006B2C       TSqlQueryEditor.GetVerb
 0001:00006B6C       TSqlQueryEditor.GetVerbCount
 0001:00007544       TSQLQuerySprig.AnyProblems
 0001:00006810       TSQLSortFieldsNameProperty.Activate
 0001:00006A40       TSqlStoredProcEditor.ExecuteVerb
 0001:00006A7C       TSqlStoredProcEditor.GetVerb
 0001:00006ABC       TSqlStoredProcEditor.GetVerbCount
 0001:000067D8       TSQLStoredProcNameProperty.Activate
 0001:000067E0       TSQLStoredProcNameProperty.AutoFill
 0001:000074C4       TSQLStoredProcSprig.AnyProblems
 0001:000074E8       TSQLStoredProcSprig.Caption
 0001:0000603C       TSQLStringProperty.Activate
 0001:00006040       TSQLStringProperty.GetAttributes
 0001:00006074       TSQLStringProperty.GetConnection
 0001:00006184       TSQLStringProperty.GetValueList
 0001:00006D6C       TSQLTableFieldLinkProperty.Edit
 0001:00006E44       TSQLTableFieldLinkProperty.GetFieldNamesForIndex
 0001:00006EC8       TSQLTableFieldLinkProperty.GetIndexBased
 0001:00006EE0       TSQLTableFieldLinkProperty.GetIndexDefs
 0001:00006EEC       TSQLTableFieldLinkProperty.GetIndexFieldNames
 0001:00006F08       TSQLTableFieldLinkProperty.GetIndexName
 0001:00006F24       TSQLTableFieldLinkProperty.GetMasterFields
 0001:00006F38       TSQLTableFieldLinkProperty.SetIndexFieldNames
 0001:00006F44       TSQLTableFieldLinkProperty.SetIndexName
 0001:00006F50       TSQLTableFieldLinkProperty.SetMasterFields
 0001:000067CC       TSQLTableNameProperty.Activate
 0001:000067D4       TSQLTableNameProperty.AutoFill
 0001:00007444       TSQLTableSprig.AnyProblems
 0001:00007468       TSQLTableSprig.Caption
 0001:00000274       UninitializeModule
 0001:00000974       UrlMon
 0001:0000037C       Windows
 0001:000009AC       WinInet
 0001:00000AFC       WinSpool


  Address         Publics by Value

 0002:AFE26000       TlsLast
 0001:00000160       FreeLibrary
 0001:00000168       LocalAlloc
 0001:00000170       LocalFree
 0001:00000178       TlsAlloc
 0001:00000180       TlsFree
 0001:00000188       TlsGetValue
 0001:00000190       TlsSetValue
 0001:00000198       AllocTlsBuffer
 0001:000001A4       GetTlsSize
 0001:000001AC       InitThreadTLS
 0001:000001F0       InitProcessTLS
 0001:0000021C       ExitThreadTLS
 0001:00000244       ExitProcessTLS
 0001:00000268       InitializeModule
 0001:00000274       UninitializeModule
 0001:00000298       @InitPkg
 0001:000002FC       @PackageLoad
 0001:00000308       @PackageUnload
 0001:00000314       Finalization
 0001:00000344       SysInit
 0001:0000034C       Finalization
 0001:0000037C       Windows
 0001:00000394       Finalization
 0001:000003C4       Messages
 0001:00000714       Finalization
 0001:00000744       CommCtrl
 0001:00000864       Finalization
 0001:00000894       Imm
 0001:0000090C       Finalization
 0001:0000093C       ShlObj
 0001:00000944       Finalization
 0001:00000974       UrlMon
 0001:0000097C       Finalization
 0001:000009AC       WinInet
 0001:000009B4       Finalization
 0001:000009E4       RegStr
 0001:000009EC       Finalization
 0001:00000A1C       ShellAPI
 0001:00000ACC       Finalization
 0001:00000AFC       WinSpool
 0001:00000B04       Finalization
 0001:00000B34       CommDlg
 0001:00000B3C       Finalization
 0001:00000B6C       Dlgs
 0001:00000BB4       Finalization
 0001:00000BE4       RichEdit
 0001:00000FD4       DefaultReqQuoteChar
 0001:00001040       AdjustStringsForQuoteChar
 0001:00001180       ExtractQuotedText
 0001:00001224       EditFields
 0001:00001440       EditFields
 0001:000014D0       TFieldEditForm.IncludeBtnClick
 0001:00001514       TFieldEditForm.MoveDstSelected
 0001:00001638       TFieldEditForm.PopulateFieldList
 0001:00001690       TFieldEditForm.ExcludeBtnClick
 0001:000016D4       TFieldEditForm.IncAllBtnClick
 0001:0000179C       TFieldEditForm.ExcAllBtnClick
 0001:00001864       TFieldEditForm.MoveSelected
 0001:00001908       TFieldEditForm.SetButtons
 0001:00001980       TFieldEditForm.GetFirstSelection
 0001:000019B4       TFieldEditForm.SetItem
 0001:000019F8       TFieldEditForm.SrcListDblClick
 0001:00001A00       TFieldEditForm.DownButtonClick
 0001:00001A08       TFieldEditForm.UpButtonClick
 0001:00001A10       TFieldEditForm.HelpBtnClick
 0001:00001A28       Finalization
 0001:00001A58       FldEdit
 0001:00001E74       GetNewConnectionName
 0001:00001FDC       TNewConnectionForm.HelpBtnClick
 0001:00001FF4       Finalization
 0001:00002024       AddConn
 0001:0000223C       EditDriverSettings
 0001:000022B0       TDriverSettingsForm.FormCreate
 0001:0000245C       TDriverSettingsForm.FormDestroy
 0001:00002468       TDriverSettingsForm.HelpBtnClick
 0001:00002480       Finalization
 0001:000024B0       DBDrvEd
 0001:00002C1C       GetConnectionName
 0001:00002C84       TConnEditForm.FormCreate
 0001:00002DC4       TConnEditForm.FormDestroy
 0001:00002DD4       TConnEditForm.FileExitExecute
 0001:00002DDC       TConnEditForm.RefreshConnectionList
 0001:00002FA4       TConnEditForm.GetSelectedConnection
 0001:00002FE8       TConnEditForm.ParamsChanged
 0001:00003038       TConnEditForm.DriverChange
 0001:0000308C       TConnEditForm.ConnectionListClick
 0001:00003144       TConnEditForm.ActionsUpdate
 0001:00003190       TConnEditForm.AddConnectionExecute
 0001:000032B8       TConnEditForm.DeleteConnectionExecute
 0001:000033EC       TConnEditForm.RenameConnectionExecute
 0001:000034AC       TConnEditForm.TestConnectionExecute
 0001:000036D4       TConnEditForm.EditDriversExecute
 0001:000036DC       TConnEditForm.ConnectionValuesGetLookup
 0001:000036F8       TConnEditForm.OKBtnClick
 0001:00003804       EditConnection
 0001:000038B8       TConnEditForm.SetSQLConnection
 0001:00003994       TConnEditForm.HelpBtnClick
 0001:000039AC       TConnEditForm.FormActivate
 0001:00003A04       Finalization
 0001:00003A34       DBConnEd
 0001:00004234       Finalization
 0001:00004264       MMSystem
 0001:00005FB8       SprigSQLImpliedConnectionName
 0001:0000603C       TSQLStringProperty.Activate
 0001:00006040       TSQLStringProperty.GetAttributes
 0001:00006074       TSQLStringProperty.GetConnection
 0001:00006184       TSQLStringProperty.GetValueList
 0001:00006438       TSQLEditProperty.Activate
 0001:00006498       TSQLEditProperty.EditSQLText
 0001:000066CC       TSQLEditProperty.Edit
 0001:000066E8       TSQLEditProperty.AutoFill
 0001:000067C0       TQueryParamsProperty.GetColOptions
 0001:000067CC       TSQLTableNameProperty.Activate
 0001:000067D4       TSQLTableNameProperty.AutoFill
 0001:000067D8       TSQLStoredProcNameProperty.Activate
 0001:000067E0       TSQLStoredProcNameProperty.AutoFill
 0001:000067E4       TSQLPackageNameProperty.Activate
 0001:000067EC       TSQLPackageNameProperty.AutoFill
 0001:000067F0       TSQLIndexNameProperty.Activate
 0001:000067F8       TIdxColNamesProperty.Activate
 0001:00006800       TSQLDriversProperty.Activate
 0001:00006808       TSQLConnectionsProperty.Activate
 0001:00006810       TSQLSortFieldsNameProperty.Activate
 0001:00006818       TSQLConnectionEditor.ExecuteVerb
 0001:00006890       TSQLConnectionEditor.GetVerb
 0001:000068C8       TSQLConnectionEditor.GetVerbCount
 0001:000068D8       TSqlDataSetEditor.ExecuteVerb
 0001:00006914       TSqlDataSetEditor.EditCommandText
 0001:000069CC       TSqlDataSetEditor.GetVerb
 0001:00006A0C       TSqlDataSetEditor.GetVerbCount
 0001:00006A40       TSqlStoredProcEditor.ExecuteVerb
 0001:00006A7C       TSqlStoredProcEditor.GetVerb
 0001:00006ABC       TSqlStoredProcEditor.GetVerbCount
 0001:00006AF0       TSqlQueryEditor.ExecuteVerb
 0001:00006B2C       TSqlQueryEditor.GetVerb
 0001:00006B6C       TSqlQueryEditor.GetVerbCount
 0001:00006C0C       TParamsProperty.Edit
 0001:00006C58       TSQLMonitorFileNameProperty.Edit
 0001:00006D60       TSQLMonitorFileNameProperty.GetAttributes
 0001:00006D6C       TSQLTableFieldLinkProperty.Edit
 0001:00006E44       TSQLTableFieldLinkProperty.GetFieldNamesForIndex
 0001:00006EC8       TSQLTableFieldLinkProperty.GetIndexBased
 0001:00006EE0       TSQLTableFieldLinkProperty.GetIndexDefs
 0001:00006EEC       TSQLTableFieldLinkProperty.GetIndexFieldNames
 0001:00006F08       TSQLTableFieldLinkProperty.GetIndexName
 0001:00006F24       TSQLTableFieldLinkProperty.GetMasterFields
 0001:00006F38       TSQLTableFieldLinkProperty.SetIndexFieldNames
 0001:00006F44       TSQLTableFieldLinkProperty.SetIndexName
 0001:00006F50       TSQLTableFieldLinkProperty.SetMasterFields
 0001:00006F90       TSQLConnectionSprig.AnyProblems
 0001:00006FF0       TSQLConnectionSprig.Name
 0001:00007004       TSQLConnectionSprig.Caption
 0001:00007060       TSQLImpliedConnectionSprig.AnyProblems
 0001:0000706C       TSQLImpliedConnectionSprig.Caption
 0001:000070A8       TSQLImpliedConnectionSprig.UniqueName
 0001:000070BC       TSQLImpliedConnectionSprig.ItemClass
 0001:000070C4       TSQLMonitorSprig.Name
 0001:000070DC       TSQLMonitorSprig.AnyProblems
 0001:000070EC       TSQLMonitorSprig.Caption
 0001:00007158       TSQLMonitorSprig.FigureParent
 0001:00007188       TSQLMonitorSprig.DragDropTo
 0001:000071D0       TSQLMonitorSprig.DragOverTo
 0001:00007244       TSQLMonitorSprig.PaletteOverTo
 0001:00007278       TSqlDataSetSprig.AnyProblems
 0001:0000729C       TSqlDataSetSprig.Caption
 0001:00007318       TSqlDataSetSprig.FigureParent
 0001:0000734C       TSqlDataSetSprig.DragDropTo
 0001:0000739C       TSqlDataSetSprig.DragOverTo
 0001:00007410       TSqlDataSetSprig.PaletteOverTo
 0001:00007444       TSQLTableSprig.AnyProblems
 0001:00007468       TSQLTableSprig.Caption
 0001:000074C4       TSQLStoredProcSprig.AnyProblems
 0001:000074E8       TSQLStoredProcSprig.Caption
 0001:00007544       TSQLQuerySprig.AnyProblems
 0001:000075A8       TSqlDataSetIsland.VisibleTreeParent
 0001:000075AC       TCustomSQLDataSetSelectionEditor.RequiresUnits
 0001:000075D0       TSQLConnectionSelectionEditor.RequiresUnits
 0001:000075F8       Register
 0001:00007B8C       Finalization
 0001:00007BD4       SqlReg
 0001:00008074       @GetPackageInfoTable
 0001:0000807C       @PackageLoad
 0001:00008088       @PackageUnload
 0001:00008094       dcldbx
 0002:00000000       TlsIndex
 0002:00000004       PtrToNil
 0002:00000008       Module
 0002:00000020       TlsProc
 0002:00000030       cSqlCommandTypes
 0002:00001000       ModuleIsLib
 0002:00001001       ModuleIsPackage
 0002:00001004       HInstance
 0002:00001008       .1
 0002:0000100C       tlsBuffer
 0002:00001010       .3
 0002:00001014       .1
 0002:00001018       .1
 0002:0000101C       .1
 0002:00001020       .1
 0002:00001024       .1
 0002:00001028       .1
 0002:0000102C       .1
 0002:00001030       .1
 0002:00001034       .3
 0002:00001038       .1
 0002:0000103C       .1
 0002:00001040       .1
 0002:00001044       FieldEditForm
 0002:00001048       .2
 0002:0000104C       NewConnectionForm
 0002:00001050       .2
 0002:00001054       DriverSettingsForm
 0002:00001058       .2
 0002:0000105C       ConnEditForm
 0002:00001060       .2
 0002:00001064       .7
 0002:00001068       .03


Bound resource files

c:\tp\db\FldEdit.dfm
c:\tp\db\AddConn.dfm
c:\tp\db\DBDrvEd.dfm
c:\tp\db\DBConnEd.dfm
dcldbx.res
c:\tp\db\sqlreg.dcr
C:\DOCUME~1\~KOKOP~1\LOCALS~1\Temp\dtf2813.tmp


Program entry point at 0001:00008094
