
 Start         Length     Name                   Class
 0001:00000000 00005B04H .text                   CODE
 0002:00000000 00000034H .data                   DATA
 0002:00000034 0000004DH .bss                    BSS


Detailed map of segments

 0001:00000000 000000D6 C=CODE     S=.text    G=(none)   M=System   ACBP=A9
 0001:000000D8 000001EC C=CODE     S=.text    G=(none)   M=SysInit  ACBP=A9
 0001:000002C4 0000000E C=CODE     S=.text    G=(none)   M=SysUtils ACBP=A9
 0001:000002D4 0000000E C=CODE     S=.text    G=(none)   M=SysConst ACBP=A9
 0001:000002E4 00000038 C=CODE     S=.text    G=(none)   M=Windows  ACBP=A9
 0001:0000031C 0000000E C=CODE     S=.text    G=(none)   M=Types    ACBP=A9
 0001:0000032C 0000000E C=CODE     S=.text    G=(none)   M=Classes  ACBP=A9
 0001:0000033C 0000000E C=CODE     S=.text    G=(none)   M=ActiveX  ACBP=A9
 0001:0000034C 00000038 C=CODE     S=.text    G=(none)   M=Messages ACBP=A9
 0001:00000384 0000000E C=CODE     S=.text    G=(none)   M=TypInfo  ACBP=A9
 0001:00000394 0000000E C=CODE     S=.text    G=(none)   M=Variants ACBP=A9
 0001:000003A4 0000000E C=CODE     S=.text    G=(none)   M=VarUtils ACBP=A9
 0001:000003B4 0000000E C=CODE     S=.text    G=(none)   M=RTLConsts ACBP=A9
 0001:000003C4 0000002E C=CODE     S=.text    G=(none)   M=ToolsAPI ACBP=A9
 0001:000003F4 0000000E C=CODE     S=.text    G=(none)   M=ComCtrls ACBP=A9
 0001:00000404 0000000E C=CODE     S=.text    G=(none)   M=ActnList ACBP=A9
 0001:00000414 0000000E C=CODE     S=.text    G=(none)   M=Contnrs  ACBP=A9
 0001:00000424 0000000E C=CODE     S=.text    G=(none)   M=Math     ACBP=A9
 0001:00000434 0000000E C=CODE     S=.text    G=(none)   M=ImgList  ACBP=A9
 0001:00000444 00000038 C=CODE     S=.text    G=(none)   M=CommCtrl ACBP=A9
 0001:0000047C 0000000E C=CODE     S=.text    G=(none)   M=Graphics ACBP=A9
 0001:0000048C 0000000E C=CODE     S=.text    G=(none)   M=Consts   ACBP=A9
 0001:0000049C 0000000E C=CODE     S=.text    G=(none)   M=Forms    ACBP=A9
 0001:000004AC 0000000E C=CODE     S=.text    G=(none)   M=HelpIntfs ACBP=A9
 0001:000004BC 0000000E C=CODE     S=.text    G=(none)   M=MultiMon ACBP=A9
 0001:000004CC 0000000E C=CODE     S=.text    G=(none)   M=Controls ACBP=A9
 0001:000004DC 00000038 C=CODE     S=.text    G=(none)   M=Imm      ACBP=A9
 0001:00000514 0000001E C=CODE     S=.text    G=(none)   M=Menus    ACBP=A9
 0001:00000534 0000000E C=CODE     S=.text    G=(none)   M=Themes   ACBP=A9
 0001:00000544 0000000E C=CODE     S=.text    G=(none)   M=UxTheme  ACBP=A9
 0001:00000554 0000000E C=CODE     S=.text    G=(none)   M=SyncObjs ACBP=A9
 0001:00000564 00000038 C=CODE     S=.text    G=(none)   M=ShlObj   ACBP=A9
 0001:0000059C 00000038 C=CODE     S=.text    G=(none)   M=UrlMon   ACBP=A9
 0001:000005D4 00000038 C=CODE     S=.text    G=(none)   M=WinInet  ACBP=A9
 0001:0000060C 00000038 C=CODE     S=.text    G=(none)   M=RegStr   ACBP=A9
 0001:00000644 00000038 C=CODE     S=.text    G=(none)   M=ShellAPI ACBP=A9
 0001:0000067C 0000000E C=CODE     S=.text    G=(none)   M=ListActns ACBP=A9
 0001:0000068C 0000000E C=CODE     S=.text    G=(none)   M=ExtCtrls ACBP=A9
 0001:0000069C 0000000E C=CODE     S=.text    G=(none)   M=StdCtrls ACBP=A9
 0001:000006AC 0000000E C=CODE     S=.text    G=(none)   M=WinHelpViewer ACBP=A9
 0001:000006BC 0000000E C=CODE     S=.text    G=(none)   M=StdActns ACBP=A9
 0001:000006CC 0000000E C=CODE     S=.text    G=(none)   M=Dialogs  ACBP=A9
 0001:000006DC 0000000E C=CODE     S=.text    G=(none)   M=Printers ACBP=A9
 0001:000006EC 00000038 C=CODE     S=.text    G=(none)   M=WinSpool ACBP=A9
 0001:00000724 00000038 C=CODE     S=.text    G=(none)   M=CommDlg  ACBP=A9
 0001:0000075C 00000038 C=CODE     S=.text    G=(none)   M=Dlgs     ACBP=A9
 0001:00000794 0000000E C=CODE     S=.text    G=(none)   M=StrUtils ACBP=A9
 0001:000007A4 0000000E C=CODE     S=.text    G=(none)   M=Clipbrd  ACBP=A9
 0001:000007B4 0000000E C=CODE     S=.text    G=(none)   M=FlatSB   ACBP=A9
 0001:000007C4 0000000E C=CODE     S=.text    G=(none)   M=ToolWin  ACBP=A9
 0001:000007D4 00000038 C=CODE     S=.text    G=(none)   M=RichEdit ACBP=A9
 0001:0000080C 0000000E C=CODE     S=.text    G=(none)   M=ExtActns ACBP=A9
 0001:0000081C 0000000E C=CODE     S=.text    G=(none)   M=Registry ACBP=A9
 0001:0000082C 0000000E C=CODE     S=.text    G=(none)   M=IniFiles ACBP=A9
 0001:0000083C 0000000E C=CODE     S=.text    G=(none)   M=ExtDlgs  ACBP=A9
 0001:0000084C 0000000E C=CODE     S=.text    G=(none)   M=Buttons  ACBP=A9
 0001:0000085C 0000000E C=CODE     S=.text    G=(none)   M=Mapi     ACBP=A9
 0001:0000086C 0000000E C=CODE     S=.text    G=(none)   M=ComStrs  ACBP=A9
 0001:0000087C 0000000E C=CODE     S=.text    G=(none)   M=DesignIntf ACBP=A9
 0001:0000088C 0000000E C=CODE     S=.text    G=(none)   M=DesignMenus ACBP=A9
 0001:0000089C 000013DC C=CODE     S=.text    G=(none)   M=EmacsBaseBindings ACBP=A9
 0001:00001C78 00003C64 C=CODE     S=.text    G=(none)   M=Emacsbufferlist ACBP=A9
 0001:000058DC 00000225 C=CODE     S=.text    G=(none)   M=dclemacsedit ACBP=A9
 0002:00000000 0000002C C=DATA     S=.data    G=DGROUP   M=SysInit  ACBP=A9
 0002:00001000 00000010 C=BSS      S=.bss     G=DGROUP   M=SysInit  ACBP=A9
 0002:00001010 00000004 C=BSS      S=.bss     G=DGROUP   M=Windows  ACBP=A9
 0002:00001014 00000004 C=BSS      S=.bss     G=DGROUP   M=Messages ACBP=A9
 0002:00001018 00000004 C=BSS      S=.bss     G=DGROUP   M=CommCtrl ACBP=A9
 0002:0000101C 00000004 C=BSS      S=.bss     G=DGROUP   M=Imm      ACBP=A9
 0002:00001020 00000004 C=BSS      S=.bss     G=DGROUP   M=ShlObj   ACBP=A9
 0002:00001024 00000004 C=BSS      S=.bss     G=DGROUP   M=UrlMon   ACBP=A9
 0002:00001028 00000004 C=BSS      S=.bss     G=DGROUP   M=WinInet  ACBP=A9
 0002:0000102C 00000004 C=BSS      S=.bss     G=DGROUP   M=RegStr   ACBP=A9
 0002:00001030 00000004 C=BSS      S=.bss     G=DGROUP   M=ShellAPI ACBP=A9
 0002:00001034 00000004 C=BSS      S=.bss     G=DGROUP   M=WinSpool ACBP=A9
 0002:00001038 00000004 C=BSS      S=.bss     G=DGROUP   M=CommDlg  ACBP=A9
 0002:0000103C 00000004 C=BSS      S=.bss     G=DGROUP   M=Dlgs     ACBP=A9
 0002:00001040 00000004 C=BSS      S=.bss     G=DGROUP   M=RichEdit ACBP=A9
 0002:00001044 00000004 C=BSS      S=.bss     G=DGROUP   M=EmacsBaseBindings ACBP=A9
 0002:00001048 00000004 C=BSS      S=.bss     G=DGROUP   M=Emacsbufferlist ACBP=A9


  Address         Publics by Name

 0002:00001040       .1
 0002:00001038       .1
 0002:00001030       .1
 0002:0000102C       .1
 0002:0000103C       .1
 0002:00001008       .1
 0002:00001028       .1
 0002:00001024       .1
 0002:00001020       .1
 0002:0000101C       .1
 0002:00001018       .1
 0002:00001048       .1
 0002:00001014       .1
 0002:00001044       .2
 0002:00001034       .3
 0002:00001010       .3
 0001:00005ADC       @GetPackageInfoTable
 0001:00000210       @InitPkg
 0001:00005AE4       @PackageLoad
 0001:00000274       @PackageLoad
 0001:00005AF0       @PackageUnload
 0001:00000280       @PackageUnload
 0001:00000110       AllocTlsBuffer
 0001:00000474       CommCtrl
 0001:00000754       CommDlg
 0001:00005AFC       dclemacsedit
 0001:0000078C       Dlgs
 0001:00001C70       EmacsBaseBindings
 0001:000058D4       Emacsbufferlist
 0001:000001BC       ExitProcessTLS
 0001:00000194       ExitThreadTLS
 0001:0000075C       Finalization
 0001:0000059C       Finalization
 0001:000005D4       Finalization
 0001:00000564       Finalization
 0001:0000060C       Finalization
 0001:000004DC       Finalization
 0001:00000444       Finalization
 0001:000058A4       Finalization
 0001:0000034C       Finalization
 0001:000002E4       Finalization
 0001:00001C40       Finalization
 0001:000007D4       Finalization
 0001:0000028C       Finalization
 0001:00000644       Finalization
 0001:00000724       Finalization
 0001:000006EC       Finalization
 0001:000000D8       FreeLibrary
 0001:0000011C       GetTlsSize
 0002:00001004       HInstance
 0001:0000050C       Imm
 0001:000001E0       InitializeModule
 0001:00000168       InitProcessTLS
 0001:00000124       InitThreadTLS
 0001:000000E0       LocalAlloc
 0001:000000E8       LocalFree
 0001:0000037C       Messages
 0002:00000004       Module
 0002:00001000       ModuleIsLib
 0002:00001001       ModuleIsPackage
 0001:00001D88       Register
 0001:0000063C       RegStr
 0001:00000804       RichEdit
 0001:00000674       ShellAPI
 0001:00000594       ShlObj
 0001:000002BC       SysInit
 0001:0000494C       TEmacsBinding.AdjustBlockCase
 0001:000047EC       TEmacsBinding.AdjustWordCase
 0001:000040E0       TEmacsBinding.BackspaceDelete
 0001:00001E00       TEmacsBinding.BindKeyboard
 0001:000056C8       TEmacsBinding.CapitalizeWord
 0001:00004294       TEmacsBinding.CursorLeft
 0001:0000414C       TEmacsBinding.CursorRight
 0001:000046B0       TEmacsBinding.DeleteChar
 0001:00003C98       TEmacsBinding.DeleteToBOL
 0001:00003BA4       TEmacsBinding.DeleteToEOL
 0001:00003EC4       TEmacsBinding.DeleteWordLeft
 0001:000043DC       TEmacsBinding.DeleteWordRight
 0001:00003B5C       TEmacsBinding.GetBindingType
 0001:00003B60       TEmacsBinding.GetDisplayName
 0001:00003B74       TEmacsBinding.GetName
 0001:00004CF4       TEmacsBinding.GotoBookmark
 0001:00004E68       TEmacsBinding.InsertCharacter
 0001:00004A2C       TEmacsBinding.InsertFile
 0001:0000471C       TEmacsBinding.InsertTab
 0001:00004300       TEmacsBinding.LineDown
 0001:000041BC       TEmacsBinding.LineUp
 0001:00004B48       TEmacsBinding.MoveCursorToBOF
 0001:00004C24       TEmacsBinding.MoveCursorToBOL
 0001:00004BBC       TEmacsBinding.MoveCursorToEOF
 0001:00004C8C       TEmacsBinding.MoveCursorToEOL
 0001:00004228       TEmacsBinding.PageDown
 0001:00004370       TEmacsBinding.PageUp
 0001:00004EDC       TEmacsBinding.SaveAllFiles
 0001:00004F70       TEmacsBinding.SaveFile
 0001:00004AD0       TEmacsBinding.SetBookmark
 0001:00004DA0       TEmacsBinding.ToggleInsertMode
 0001:00005004       TEmacsBinding.TransposeChar
 0001:00005158       TEmacsBinding.TransposeLine
 0001:000052B4       TEmacsBinding.TransposeWord
 0001:00005674       TEmacsBinding.Undo
 0001:00003D8C       TEmacsBinding.WordLeft
 0001:00003E28       TEmacsBinding.WordRight
 0001:000009CC       TEmacsBindings.AddWatchAtCursor
 0001:00000B88       TEmacsBindings.AutoCodeInsight
 0001:00000C78       TEmacsBindings.BlockSave
 0001:00000CE4       TEmacsBindings.BrowseSymbolAtCursor
 0001:00000D78       TEmacsBindings.ClassComplete
 0001:00000E0C       TEmacsBindings.ClassNavigate
 0001:00000EA4       TEmacsBindings.ClipClear
 0001:00000F0C       TEmacsBindings.ClipCopy
 0001:00000F78       TEmacsBindings.ClipCut
 0001:00000FE4       TEmacsBindings.ClipPaste
 0001:0000104C       TEmacsBindings.CodeCompletion
 0001:000010EC       TEmacsBindings.CodeTemplate
 0001:00001180       TEmacsBindings.DebugInspect
 0001:00000AF4       TEmacsBindings.EvaluateModify
 0001:00001214       TEmacsBindings.GotoLine
 0001:00001280       TEmacsBindings.HelpKeyword
 0001:00001314       TEmacsBindings.IncrementalSearch
 0001:00001444       TEmacsBindings.InsertCompilerOptions
 0001:000014D8       TEmacsBindings.InsertNewGUID
 0001:0000156C       TEmacsBindings.MarkWord
 0001:00001684       TEmacsBindings.NullCmd
 0001:00001694       TEmacsBindings.OpenFileAtCursor
 0001:00001728       TEmacsBindings.OpenLine
 0001:000017CC       TEmacsBindings.Print
 0001:00000A60       TEmacsBindings.RunToCursor
 0001:00001820       TEmacsBindings.SearchAgain
 0001:00001888       TEmacsBindings.SearchFind
 0001:000018F4       TEmacsBindings.SearchReplace
 0001:00001960       TEmacsBindings.SetBlockStyle
 0001:000019D4       TEmacsBindings.SlideBlock
 0001:00001B10       TEmacsBindings.SwapCPPHeader
 0001:00001BA8       TEmacsBindings.ViewExplorer
 0001:000000F0       TlsAlloc
 0002:0000100C       tlsBuffer
 0001:000000F8       TlsFree
 0001:00000100       TlsGetValue
 0002:00000000       TlsIndex
 0002:AFD69000       TlsLast
 0002:0000001C       TlsProc
 0001:00000108       TlsSetValue
 0001:000001EC       UninitializeModule
 0001:000005CC       UrlMon
 0001:00000314       Windows
 0001:00000604       WinInet
 0001:0000071C       WinSpool


  Address         Publics by Value

 0002:AFD69000       TlsLast
 0001:000000D8       FreeLibrary
 0001:000000E0       LocalAlloc
 0001:000000E8       LocalFree
 0001:000000F0       TlsAlloc
 0001:000000F8       TlsFree
 0001:00000100       TlsGetValue
 0001:00000108       TlsSetValue
 0001:00000110       AllocTlsBuffer
 0001:0000011C       GetTlsSize
 0001:00000124       InitThreadTLS
 0001:00000168       InitProcessTLS
 0001:00000194       ExitThreadTLS
 0001:000001BC       ExitProcessTLS
 0001:000001E0       InitializeModule
 0001:000001EC       UninitializeModule
 0001:00000210       @InitPkg
 0001:00000274       @PackageLoad
 0001:00000280       @PackageUnload
 0001:0000028C       Finalization
 0001:000002BC       SysInit
 0001:000002E4       Finalization
 0001:00000314       Windows
 0001:0000034C       Finalization
 0001:0000037C       Messages
 0001:00000444       Finalization
 0001:00000474       CommCtrl
 0001:000004DC       Finalization
 0001:0000050C       Imm
 0001:00000564       Finalization
 0001:00000594       ShlObj
 0001:0000059C       Finalization
 0001:000005CC       UrlMon
 0001:000005D4       Finalization
 0001:00000604       WinInet
 0001:0000060C       Finalization
 0001:0000063C       RegStr
 0001:00000644       Finalization
 0001:00000674       ShellAPI
 0001:000006EC       Finalization
 0001:0000071C       WinSpool
 0001:00000724       Finalization
 0001:00000754       CommDlg
 0001:0000075C       Finalization
 0001:0000078C       Dlgs
 0001:000007D4       Finalization
 0001:00000804       RichEdit
 0001:000009CC       TEmacsBindings.AddWatchAtCursor
 0001:00000A60       TEmacsBindings.RunToCursor
 0001:00000AF4       TEmacsBindings.EvaluateModify
 0001:00000B88       TEmacsBindings.AutoCodeInsight
 0001:00000C78       TEmacsBindings.BlockSave
 0001:00000CE4       TEmacsBindings.BrowseSymbolAtCursor
 0001:00000D78       TEmacsBindings.ClassComplete
 0001:00000E0C       TEmacsBindings.ClassNavigate
 0001:00000EA4       TEmacsBindings.ClipClear
 0001:00000F0C       TEmacsBindings.ClipCopy
 0001:00000F78       TEmacsBindings.ClipCut
 0001:00000FE4       TEmacsBindings.ClipPaste
 0001:0000104C       TEmacsBindings.CodeCompletion
 0001:000010EC       TEmacsBindings.CodeTemplate
 0001:00001180       TEmacsBindings.DebugInspect
 0001:00001214       TEmacsBindings.GotoLine
 0001:00001280       TEmacsBindings.HelpKeyword
 0001:00001314       TEmacsBindings.IncrementalSearch
 0001:00001444       TEmacsBindings.InsertCompilerOptions
 0001:000014D8       TEmacsBindings.InsertNewGUID
 0001:0000156C       TEmacsBindings.MarkWord
 0001:00001684       TEmacsBindings.NullCmd
 0001:00001694       TEmacsBindings.OpenFileAtCursor
 0001:00001728       TEmacsBindings.OpenLine
 0001:000017CC       TEmacsBindings.Print
 0001:00001820       TEmacsBindings.SearchAgain
 0001:00001888       TEmacsBindings.SearchFind
 0001:000018F4       TEmacsBindings.SearchReplace
 0001:00001960       TEmacsBindings.SetBlockStyle
 0001:000019D4       TEmacsBindings.SlideBlock
 0001:00001B10       TEmacsBindings.SwapCPPHeader
 0001:00001BA8       TEmacsBindings.ViewExplorer
 0001:00001C40       Finalization
 0001:00001C70       EmacsBaseBindings
 0001:00001D88       Register
 0001:00001E00       TEmacsBinding.BindKeyboard
 0001:00003B5C       TEmacsBinding.GetBindingType
 0001:00003B60       TEmacsBinding.GetDisplayName
 0001:00003B74       TEmacsBinding.GetName
 0001:00003BA4       TEmacsBinding.DeleteToEOL
 0001:00003C98       TEmacsBinding.DeleteToBOL
 0001:00003D8C       TEmacsBinding.WordLeft
 0001:00003E28       TEmacsBinding.WordRight
 0001:00003EC4       TEmacsBinding.DeleteWordLeft
 0001:000040E0       TEmacsBinding.BackspaceDelete
 0001:0000414C       TEmacsBinding.CursorRight
 0001:000041BC       TEmacsBinding.LineUp
 0001:00004228       TEmacsBinding.PageDown
 0001:00004294       TEmacsBinding.CursorLeft
 0001:00004300       TEmacsBinding.LineDown
 0001:00004370       TEmacsBinding.PageUp
 0001:000043DC       TEmacsBinding.DeleteWordRight
 0001:000046B0       TEmacsBinding.DeleteChar
 0001:0000471C       TEmacsBinding.InsertTab
 0001:000047EC       TEmacsBinding.AdjustWordCase
 0001:0000494C       TEmacsBinding.AdjustBlockCase
 0001:00004A2C       TEmacsBinding.InsertFile
 0001:00004AD0       TEmacsBinding.SetBookmark
 0001:00004B48       TEmacsBinding.MoveCursorToBOF
 0001:00004BBC       TEmacsBinding.MoveCursorToEOF
 0001:00004C24       TEmacsBinding.MoveCursorToBOL
 0001:00004C8C       TEmacsBinding.MoveCursorToEOL
 0001:00004CF4       TEmacsBinding.GotoBookmark
 0001:00004DA0       TEmacsBinding.ToggleInsertMode
 0001:00004E68       TEmacsBinding.InsertCharacter
 0001:00004EDC       TEmacsBinding.SaveAllFiles
 0001:00004F70       TEmacsBinding.SaveFile
 0001:00005004       TEmacsBinding.TransposeChar
 0001:00005158       TEmacsBinding.TransposeLine
 0001:000052B4       TEmacsBinding.TransposeWord
 0001:00005674       TEmacsBinding.Undo
 0001:000056C8       TEmacsBinding.CapitalizeWord
 0001:000058A4       Finalization
 0001:000058D4       Emacsbufferlist
 0001:00005ADC       @GetPackageInfoTable
 0001:00005AE4       @PackageLoad
 0001:00005AF0       @PackageUnload
 0001:00005AFC       dclemacsedit
 0002:00000000       TlsIndex
 0002:00000004       Module
 0002:0000001C       TlsProc
 0002:00001000       ModuleIsLib
 0002:00001001       ModuleIsPackage
 0002:00001004       HInstance
 0002:00001008       .1
 0002:0000100C       tlsBuffer
 0002:00001010       .3
 0002:00001014       .1
 0002:00001018       .1
 0002:0000101C       .1
 0002:00001020       .1
 0002:00001024       .1
 0002:00001028       .1
 0002:0000102C       .1
 0002:00001030       .1
 0002:00001034       .3
 0002:00001038       .1
 0002:0000103C       .1
 0002:00001040       .1
 0002:00001044       .2
 0002:00001048       .1


Bound resource files

dclemacsedit.res
C:\DOCUME~1\~KOKOP~1\LOCALS~1\Temp\dtf290A.tmp


Program entry point at 0001:00005AFC
