
 Start         Length     Name                   Class
 0001:00000000 0000FA44H .text                   CODE
 0002:00000000 000000A4H .data                   DATA
 0002:000000A4 0000007DH .bss                    BSS


Detailed map of segments

 0001:00000000 00000186 C=CODE     S=.text    G=(none)   M=System   ACBP=A9
 0001:00000188 000001EC C=CODE     S=.text    G=(none)   M=SysInit  ACBP=A9
 0001:00000374 00000038 C=CODE     S=.text    G=(none)   M=Windows  ACBP=A9
 0001:000003AC 0000000E C=CODE     S=.text    G=(none)   M=Types    ACBP=A9
 0001:000003BC 0000005E C=CODE     S=.text    G=(none)   M=SysUtils ACBP=A9
 0001:0000041C 0000000E C=CODE     S=.text    G=(none)   M=SysConst ACBP=A9
 0001:0000042C 00000076 C=CODE     S=.text    G=(none)   M=Classes  ACBP=A9
 0001:000004A4 0000000E C=CODE     S=.text    G=(none)   M=ActiveX  ACBP=A9
 0001:000004B4 00000038 C=CODE     S=.text    G=(none)   M=Messages ACBP=A9
 0001:000004EC 0000003E C=CODE     S=.text    G=(none)   M=TypInfo  ACBP=A9
 0001:0000052C 0000002E C=CODE     S=.text    G=(none)   M=Variants ACBP=A9
 0001:0000055C 0000000E C=CODE     S=.text    G=(none)   M=VarUtils ACBP=A9
 0001:0000056C 0000000E C=CODE     S=.text    G=(none)   M=RTLConsts ACBP=A9
 0001:0000057C 00000026 C=CODE     S=.text    G=(none)   M=Graphics ACBP=A9
 0001:000005A4 0000000E C=CODE     S=.text    G=(none)   M=Consts   ACBP=A9
 0001:000005B4 00000036 C=CODE     S=.text    G=(none)   M=Dialogs  ACBP=A9
 0001:000005EC 00000038 C=CODE     S=.text    G=(none)   M=ShlObj   ACBP=A9
 0001:00000624 00000038 C=CODE     S=.text    G=(none)   M=UrlMon   ACBP=A9
 0001:0000065C 00000038 C=CODE     S=.text    G=(none)   M=WinInet  ACBP=A9
 0001:00000694 00000038 C=CODE     S=.text    G=(none)   M=RegStr   ACBP=A9
 0001:000006CC 00000038 C=CODE     S=.text    G=(none)   M=ShellAPI ACBP=A9
 0001:00000704 00000038 C=CODE     S=.text    G=(none)   M=CommCtrl ACBP=A9
 0001:0000073C 0000003E C=CODE     S=.text    G=(none)   M=StdCtrls ACBP=A9
 0001:0000077C 0000000E C=CODE     S=.text    G=(none)   M=ActnList ACBP=A9
 0001:0000078C 0000000E C=CODE     S=.text    G=(none)   M=Contnrs  ACBP=A9
 0001:0000079C 0000000E C=CODE     S=.text    G=(none)   M=Math     ACBP=A9
 0001:000007AC 0000000E C=CODE     S=.text    G=(none)   M=ImgList  ACBP=A9
 0001:000007BC 0000013E C=CODE     S=.text    G=(none)   M=Forms    ACBP=A9
 0001:000008FC 0000000E C=CODE     S=.text    G=(none)   M=HelpIntfs ACBP=A9
 0001:0000090C 0000000E C=CODE     S=.text    G=(none)   M=MultiMon ACBP=A9
 0001:0000091C 000000FE C=CODE     S=.text    G=(none)   M=Controls ACBP=A9
 0001:00000A1C 00000038 C=CODE     S=.text    G=(none)   M=Imm      ACBP=A9
 0001:00000A54 0000000E C=CODE     S=.text    G=(none)   M=Menus    ACBP=A9
 0001:00000A64 0000000E C=CODE     S=.text    G=(none)   M=Themes   ACBP=A9
 0001:00000A74 0000000E C=CODE     S=.text    G=(none)   M=UxTheme  ACBP=A9
 0001:00000A84 0000000E C=CODE     S=.text    G=(none)   M=SyncObjs ACBP=A9
 0001:00000A94 00000026 C=CODE     S=.text    G=(none)   M=ComCtrls ACBP=A9
 0001:00000ABC 0000000E C=CODE     S=.text    G=(none)   M=ListActns ACBP=A9
 0001:00000ACC 00000016 C=CODE     S=.text    G=(none)   M=ExtCtrls ACBP=A9
 0001:00000AE4 0000000E C=CODE     S=.text    G=(none)   M=WinHelpViewer ACBP=A9
 0001:00000AF4 0000000E C=CODE     S=.text    G=(none)   M=StdActns ACBP=A9
 0001:00000B04 0000000E C=CODE     S=.text    G=(none)   M=Printers ACBP=A9
 0001:00000B14 00000038 C=CODE     S=.text    G=(none)   M=WinSpool ACBP=A9
 0001:00000B4C 00000038 C=CODE     S=.text    G=(none)   M=CommDlg  ACBP=A9
 0001:00000B84 00000038 C=CODE     S=.text    G=(none)   M=Dlgs     ACBP=A9
 0001:00000BBC 0000000E C=CODE     S=.text    G=(none)   M=StrUtils ACBP=A9
 0001:00000BCC 0000000E C=CODE     S=.text    G=(none)   M=Clipbrd  ACBP=A9
 0001:00000BDC 0000000E C=CODE     S=.text    G=(none)   M=FlatSB   ACBP=A9
 0001:00000BEC 0000000E C=CODE     S=.text    G=(none)   M=ToolWin  ACBP=A9
 0001:00000BFC 00000038 C=CODE     S=.text    G=(none)   M=RichEdit ACBP=A9
 0001:00000C34 0000000E C=CODE     S=.text    G=(none)   M=ExtActns ACBP=A9
 0001:00000C44 0000000E C=CODE     S=.text    G=(none)   M=Registry ACBP=A9
 0001:00000C54 0000000E C=CODE     S=.text    G=(none)   M=IniFiles ACBP=A9
 0001:00000C64 0000000E C=CODE     S=.text    G=(none)   M=ExtDlgs  ACBP=A9
 0001:00000C74 0000000E C=CODE     S=.text    G=(none)   M=Buttons  ACBP=A9
 0001:00000C84 0000000E C=CODE     S=.text    G=(none)   M=Mapi     ACBP=A9
 0001:00000C94 0000000E C=CODE     S=.text    G=(none)   M=ComStrs  ACBP=A9
 0001:00000CA4 0000000E C=CODE     S=.text    G=(none)   M=DesignWindows ACBP=A9
 0001:00000CB4 0000000E C=CODE     S=.text    G=(none)   M=ComponentDesigner ACBP=A9
 0001:00000CC4 0000000E C=CODE     S=.text    G=(none)   M=EditIntf ACBP=A9
 0001:00000CD4 0000000E C=CODE     S=.text    G=(none)   M=VirtIntf ACBP=A9
 0001:00000CE4 0000000E C=CODE     S=.text    G=(none)   M=Events   ACBP=A9
 0001:00000CF4 0000000E C=CODE     S=.text    G=(none)   M=ToolUtils ACBP=A9
 0001:00000D04 0000001E C=CODE     S=.text    G=(none)   M=DesignIntf ACBP=A9
 0001:00000D24 0000000E C=CODE     S=.text    G=(none)   M=DesignMenus ACBP=A9
 0001:00000D34 0000000E C=CODE     S=.text    G=(none)   M=ToolsAPI ACBP=A9
 0001:00000D44 0000000E C=CODE     S=.text    G=(none)   M=Update   ACBP=A9
 0001:00000D54 0000000E C=CODE     S=.text    G=(none)   M=LibConst ACBP=A9
 0001:00000D64 0000014E C=CODE     S=.text    G=(none)   M=DesignEditors ACBP=A9
 0001:00000EB4 0000000E C=CODE     S=.text    G=(none)   M=Proxies  ACBP=A9
 0001:00000EC4 0000000E C=CODE     S=.text    G=(none)   M=DesignConst ACBP=A9
 0001:00000ED4 0000000E C=CODE     S=.text    G=(none)   M=Designer ACBP=A9
 0001:00000EE4 0000000E C=CODE     S=.text    G=(none)   M=StFilSys ACBP=A9
 0001:00000EF4 0000000E C=CODE     S=.text    G=(none)   M=IStreams ACBP=A9
 0001:00000F04 0000000E C=CODE     S=.text    G=(none)   M=AxCtrls  ACBP=A9
 0001:00000F14 0000000E C=CODE     S=.text    G=(none)   M=StdVCL   ACBP=A9
 0001:00000F24 0000000E C=CODE     S=.text    G=(none)   M=ComObj   ACBP=A9
 0001:00000F34 0000000E C=CODE     S=.text    G=(none)   M=ComConst ACBP=A9
 0001:00000F44 0000000E C=CODE     S=.text    G=(none)   M=TopLevels ACBP=A9
 0001:00000F54 000001EE C=CODE     S=.text    G=(none)   M=TreeIntf ACBP=A9
 0001:00001144 0000000E C=CODE     S=.text    G=(none)   M=VCLEditors ACBP=A9
 0001:00001154 00000066 C=CODE     S=.text    G=(none)   M=DB       ACBP=A9
 0001:000011BC 0000000E C=CODE     S=.text    G=(none)   M=FMTBcd   ACBP=A9
 0001:000011CC 0000000E C=CODE     S=.text    G=(none)   M=DBConsts ACBP=A9
 0001:000011DC 0000000E C=CODE     S=.text    G=(none)   M=SqlTimSt ACBP=A9
 0001:000011EC 0000000E C=CODE     S=.text    G=(none)   M=DateUtils ACBP=A9
 0001:000011FC 0000000E C=CODE     S=.text    G=(none)   M=MaskUtils ACBP=A9
 0001:0000120C 0000005E C=CODE     S=.text    G=(none)   M=DsnDb    ACBP=A9
 0001:0000126C 0000012E C=CODE     S=.text    G=(none)   M=DiagramSupport ACBP=A9
 0001:0000139C 0000000E C=CODE     S=.text    G=(none)   M=DiagramViewModels ACBP=A9
 0001:000013AC 0000000E C=CODE     S=.text    G=(none)   M=ModelPrimitives ACBP=A9
 0001:000013BC 0000000E C=CODE     S=.text    G=(none)   M=ModelFactories ACBP=A9
 0001:000013CC 0000000E C=CODE     S=.text    G=(none)   M=ModelDesigner ACBP=A9
 0001:000013DC 0000000E C=CODE     S=.text    G=(none)   M=ModelViews ACBP=A9
 0001:000013EC 0000000E C=CODE     S=.text    G=(none)   M=ModelTypes ACBP=A9
 0001:000013FC 0000000E C=CODE     S=.text    G=(none)   M=ModelClasses ACBP=A9
 0001:0000140C 0000000E C=CODE     S=.text    G=(none)   M=StringScanner ACBP=A9
 0001:0000141C 0000000E C=CODE     S=.text    G=(none)   M=ModelUtils ACBP=A9
 0001:0000142C 0000000E C=CODE     S=.text    G=(none)   M=ModelCaps ACBP=A9
 0001:0000143C 0000000E C=CODE     S=.text    G=(none)   M=ModelControl ACBP=A9
 0001:0000144C 0000000E C=CODE     S=.text    G=(none)   M=EditorViewSupport ACBP=A9
 0001:0000145C 0000000E C=CODE     S=.text    G=(none)   M=DSDefine ACBP=A9
 0001:0000146C 0000000E C=CODE     S=.text    G=(none)   M=LibHelp  ACBP=A9
 0001:0000147C 0000006E C=CODE     S=.text    G=(none)   M=DSDesign ACBP=A9
 0001:000014EC 0000000E C=CODE     S=.text    G=(none)   M=DrpCtrls ACBP=A9
 0001:000014FC 0000000E C=CODE     S=.text    G=(none)   M=DsnDBCst ACBP=A9
 0001:0000150C 0000000E C=CODE     S=.text    G=(none)   M=DBCtrls  ACBP=A9
 0001:0000151C 0000000E C=CODE     S=.text    G=(none)   M=Mask     ACBP=A9
 0001:0000152C 0000000E C=CODE     S=.text    G=(none)   M=VDBConsts ACBP=A9
 0001:0000153C 0000000E C=CODE     S=.text    G=(none)   M=DBPWDlg  ACBP=A9
 0001:0000154C 0000000E C=CODE     S=.text    G=(none)   M=DBLogDlg ACBP=A9
 0001:0000155C 0000000E C=CODE     S=.text    G=(none)   M=DSAdd    ACBP=A9
 0001:0000156C 0000000E C=CODE     S=.text    G=(none)   M=DBGrids  ACBP=A9
 0001:0000157C 0000003E C=CODE     S=.text    G=(none)   M=Grids    ACBP=A9
 0001:000015BC 00000026 C=CODE     S=.text    G=(none)   M=DBReg    ACBP=A9
 0001:000015E4 0000000E C=CODE     S=.text    G=(none)   M=DBColnEd ACBP=A9
 0001:000015F4 0000000E C=CODE     S=.text    G=(none)   M=ToolWnds ACBP=A9
 0001:00001604 0000000E C=CODE     S=.text    G=(none)   M=ActnPopup ACBP=A9
 0001:00001614 0000000E C=CODE     S=.text    G=(none)   M=ActnCtrls ACBP=A9
 0001:00001624 0000000E C=CODE     S=.text    G=(none)   M=GraphUtil ACBP=A9
 0001:00001634 0000000E C=CODE     S=.text    G=(none)   M=ActnMan  ACBP=A9
 0001:00001644 0000000E C=CODE     S=.text    G=(none)   M=ActnColorMaps ACBP=A9
 0001:00001654 0000000E C=CODE     S=.text    G=(none)   M=ActnMenus ACBP=A9
 0001:00001664 0000000E C=CODE     S=.text    G=(none)   M=ShadowWnd ACBP=A9
 0001:00001674 00000038 C=CODE     S=.text    G=(none)   M=MMSystem ACBP=A9
 0001:000016AC 0000000E C=CODE     S=.text    G=(none)   M=XPActnCtrls ACBP=A9
 0001:000016BC 0000002E C=CODE     S=.text    G=(none)   M=ColnEdit ACBP=A9
 0001:000016EC 0000000E C=CODE     S=.text    G=(none)   M=DBActRes ACBP=A9
 0001:000016FC 0000000E C=CODE     S=.text    G=(none)   M=DBActns  ACBP=A9
 0001:0000170C 00000056 C=CODE     S=.text    G=(none)   M=FldLinks ACBP=A9
 0001:00001764 00000016 C=CODE     S=.text    G=(none)   M=SqlEdit  ACBP=A9
 0001:0000177C 00000046 C=CODE     S=.text    G=(none)   M=IBTable  ACBP=A9
 0001:000017C4 00000016 C=CODE     S=.text    G=(none)   M=IBUtils  ACBP=A9
 0001:000017DC 0000000E C=CODE     S=.text    G=(none)   M=DBCommon ACBP=A9
 0001:000017EC 00000066 C=CODE     S=.text    G=(none)   M=IBSQL    ACBP=A9
 0001:00001854 0000000E C=CODE     S=.text    G=(none)   M=IBXConst ACBP=A9
 0001:00001864 0000007E C=CODE     S=.text    G=(none)   M=IBDatabase ACBP=A9
 0001:000018E4 00000016 C=CODE     S=.text    G=(none)   M=IB       ACBP=A9
 0001:000018FC 0000000E C=CODE     S=.text    G=(none)   M=IBExternals ACBP=A9
 0001:0000190C 0000000E C=CODE     S=.text    G=(none)   M=IBHeader ACBP=A9
 0001:0000191C 0000001E C=CODE     S=.text    G=(none)   M=IBIntf   ACBP=A9
 0001:0000193C 0000000E C=CODE     S=.text    G=(none)   M=IBInstallHeader ACBP=A9
 0001:0000194C 0000000E C=CODE     S=.text    G=(none)   M=IBErrorCodes ACBP=A9
 0001:0000195C 0000000E C=CODE     S=.text    G=(none)   M=IBSQLMonitor ACBP=A9
 0001:0000196C 00000026 C=CODE     S=.text    G=(none)   M=IBServices ACBP=A9
 0001:00001994 00000086 C=CODE     S=.text    G=(none)   M=IBCustomDataSet ACBP=A9
 0001:00001A1C 0000000E C=CODE     S=.text    G=(none)   M=IBBlob   ACBP=A9
 0001:00001A2C 0000000E C=CODE     S=.text    G=(none)   M=IBDatabaseInfo ACBP=A9
 0001:00001A3C 00000026 C=CODE     S=.text    G=(none)   M=IBUpdateSQL ACBP=A9
 0001:00001A64 0000001E C=CODE     S=.text    G=(none)   M=IBQuery  ACBP=A9
 0001:00001A84 0000314C C=CODE     S=.text    G=(none)   M=IBUpdateSQLEditor ACBP=A9
 0001:00004BD0 0000000E C=CODE     S=.text    G=(none)   M=IBEvents ACBP=A9
 0001:00004BE0 0000046C C=CODE     S=.text    G=(none)   M=IBEventsEditor ACBP=A9
 0001:0000504C 00000026 C=CODE     S=.text    G=(none)   M=DBLocalI ACBP=A9
 0001:00005074 0000000E C=CODE     S=.text    G=(none)   M=Provider ACBP=A9
 0001:00005084 0000000E C=CODE     S=.text    G=(none)   M=Midas    ACBP=A9
 0001:00005094 0000000E C=CODE     S=.text    G=(none)   M=DSIntf   ACBP=A9
 0001:000050A4 0000000E C=CODE     S=.text    G=(none)   M=MidConst ACBP=A9
 0001:000050B4 0000001E C=CODE     S=.text    G=(none)   M=DBClient ACBP=A9
 0001:000050D4 0000000E C=CODE     S=.text    G=(none)   M=DataBkr  ACBP=A9
 0001:000050E4 0000000E C=CODE     S=.text    G=(none)   M=DBLocal  ACBP=A9
 0001:000050F4 00000026 C=CODE     S=.text    G=(none)   M=IBStoredProc ACBP=A9
 0001:0000511C 0000000E C=CODE     S=.text    G=(none)   M=IBInstall ACBP=A9
 0001:0000512C 00001560 C=CODE     S=.text    G=(none)   M=IBDatabaseEdit ACBP=A9
 0001:0000668C 00000998 C=CODE     S=.text    G=(none)   M=IBTransactionEdit ACBP=A9
 0001:00007024 0000000E C=CODE     S=.text    G=(none)   M=IBBatchMove ACBP=A9
 0001:00007034 0000000E C=CODE     S=.text    G=(none)   M=IBExtract ACBP=A9
 0001:00007044 0000027C C=CODE     S=.text    G=(none)   M=IBGeneratorEditor ACBP=A9
 0001:000072C0 00000D6C C=CODE     S=.text    G=(none)   M=IBServiceEditor ACBP=A9
 0001:0000802C 00000060 C=CODE     S=.text    G=(none)   M=IBDCLConst ACBP=A9
 0001:0000808C 000007E8 C=CODE     S=.text    G=(none)   M=IBRestoreEditor ACBP=A9
 0001:00008874 00000B6C C=CODE     S=.text    G=(none)   M=IBSecurityEditor ACBP=A9
 0001:000093E0 000060C4 C=CODE     S=.text    G=(none)   M=IBDBReg  ACBP=A9
 0001:0000F4A4 0000059D C=CODE     S=.text    G=(none)   M=dclib    ACBP=A9
 0002:00000000 00000030 C=DATA     S=.data    G=DGROUP   M=SysInit  ACBP=A9
 0002:00001000 00000010 C=BSS      S=.bss     G=DGROUP   M=SysInit  ACBP=A9
 0002:00001010 00000004 C=BSS      S=.bss     G=DGROUP   M=Windows  ACBP=A9
 0002:00001014 00000004 C=BSS      S=.bss     G=DGROUP   M=Messages ACBP=A9
 0002:00001018 00000004 C=BSS      S=.bss     G=DGROUP   M=ShlObj   ACBP=A9
 0002:0000101C 00000004 C=BSS      S=.bss     G=DGROUP   M=UrlMon   ACBP=A9
 0002:00001020 00000004 C=BSS      S=.bss     G=DGROUP   M=WinInet  ACBP=A9
 0002:00001024 00000004 C=BSS      S=.bss     G=DGROUP   M=RegStr   ACBP=A9
 0002:00001028 00000004 C=BSS      S=.bss     G=DGROUP   M=ShellAPI ACBP=A9
 0002:0000102C 00000004 C=BSS      S=.bss     G=DGROUP   M=CommCtrl ACBP=A9
 0002:00001030 00000004 C=BSS      S=.bss     G=DGROUP   M=Imm      ACBP=A9
 0002:00001034 00000004 C=BSS      S=.bss     G=DGROUP   M=WinSpool ACBP=A9
 0002:00001038 00000004 C=BSS      S=.bss     G=DGROUP   M=CommDlg  ACBP=A9
 0002:0000103C 00000004 C=BSS      S=.bss     G=DGROUP   M=Dlgs     ACBP=A9
 0002:00001040 00000004 C=BSS      S=.bss     G=DGROUP   M=RichEdit ACBP=A9
 0002:00001044 00000004 C=BSS      S=.bss     G=DGROUP   M=MMSystem ACBP=A9
 0002:00001048 00000004 C=BSS      S=.bss     G=DGROUP   M=IBUpdateSQLEditor ACBP=A9
 0002:0000104C 00000004 C=BSS      S=.bss     G=DGROUP   M=IBEventsEditor ACBP=A9
 0002:00001050 00000008 C=BSS      S=.bss     G=DGROUP   M=IBDatabaseEdit ACBP=A9
 0002:00001058 00000008 C=BSS      S=.bss     G=DGROUP   M=IBTransactionEdit ACBP=A9
 0002:00001060 00000008 C=BSS      S=.bss     G=DGROUP   M=IBGeneratorEditor ACBP=A9
 0002:00001068 00000004 C=BSS      S=.bss     G=DGROUP   M=IBServiceEditor ACBP=A9
 0002:0000106C 00000004 C=BSS      S=.bss     G=DGROUP   M=IBDCLConst ACBP=A9
 0002:00001070 00000004 C=BSS      S=.bss     G=DGROUP   M=IBRestoreEditor ACBP=A9
 0002:00001074 00000004 C=BSS      S=.bss     G=DGROUP   M=IBSecurityEditor ACBP=A9
 0002:00001078 00000004 C=BSS      S=.bss     G=DGROUP   M=IBDBReg  ACBP=A9


  Address         Publics by Name

 0002:0000102C       .1
 0002:00001008       .1
 0002:00001028       .1
 0002:00001030       .1
 0002:0000101C       .1
 0002:00001024       .1
 0002:00001040       .1
 0002:0000103C       .1
 0002:00001020       .1
 0002:0000106C       .1
 0002:00001038       .1
 0002:00001018       .1
 0002:00001014       .1
 0002:00001068       .2
 0002:00001064       .2
 0002:00001074       .2
 0002:00001070       .2
 0002:00001054       .2
 0002:0000104C       .2
 0002:0000105C       .2
 0002:00001034       .3
 0002:00001048       .3
 0002:00001010       .3
 0002:00001044       .7
 0002:00001078       .94
 0001:0000FA1C       @GetPackageInfoTable
 0001:000002C0       @InitPkg
 0001:00000324       @PackageLoad
 0001:0000FA24       @PackageLoad
 0001:0000FA30       @PackageUnload
 0001:00000330       @PackageUnload
 0001:000001C0       AllocTlsBuffer
 0001:00000734       CommCtrl
 0001:00000B7C       CommDlg
 0001:0000FA3C       dclib
 0001:00005884       DecomposeDatabaseName
 0001:00000BB4       Dlgs
 0001:00004DF4       EditAlerterEvents
 0001:0000553C       EditIBDatabase
 0001:0000211C       EditIBDataSet
 0001:00008BB4       EditIBSecurity
 0001:0000763C       EditIBService
 0001:000069FC       EditIBtransaction
 0001:000020A8       EditIBUpdateSQL
 0001:0000026C       ExitProcessTLS
 0001:00000244       ExitThreadTLS
 0001:00001674       Finalization
 0001:00000BFC       Finalization
 0001:00000B84       Finalization
 0001:00000B4C       Finalization
 0001:00000B14       Finalization
 0001:00000A1C       Finalization
 0001:00000704       Finalization
 0001:00004B98       Finalization
 0001:000006CC       Finalization
 0001:00000694       Finalization
 0001:0000065C       Finalization
 0001:00005014       Finalization
 0001:00000624       Finalization
 0001:000005EC       Finalization
 0001:000004B4       Finalization
 0001:00000374       Finalization
 0001:00006654       Finalization
 0001:0000033C       Finalization
 0001:00006FEC       Finalization
 0001:00007FF4       Finalization
 0001:00008054       Finalization
 0001:0000883C       Finalization
 0001:000093A8       Finalization
 0001:0000F46C       Finalization
 0001:00007288       Finalization
 0001:00000188       FreeLibrary
 0002:00001060       frmGeneratorEditor
 0001:000034A0       GenFieldList
 0001:00003934       GenRefreshWhereClause
 0001:000025B8       GetDataFieldNames
 0001:0000CC28       GetIndexDefs
 0001:0000CBE4       GetPropertyValue
 0001:00002370       GetSelectedItems
 0001:000026F0       GetSQLTableNames
 0001:000001CC       GetTlsSize
 0002:00001004       HInstance
 0001:0000DF74       IBAnyProblems
 0001:00006684       IBDatabaseEdit
 0002:00001050       IBDatabaseEditForm
 0001:0000F49C       IBDBReg
 0001:00008084       IBDCLConst
 0001:0000DFD0       IBDragOver
 0001:0000E000       IBDropOver
 0001:00005044       IBEventsEditor
 0001:0000DF88       IBFigureParent
 0001:000072B8       IBGeneratorEditor
 0001:0000886C       IBRestoreEditor
 0001:000093D8       IBSecurityEditor
 0001:00008024       IBServiceEditor
 0001:0000701C       IBTransactionEdit
 0002:00001058       IBTransactionEditForm
 0001:00004BC8       IBUpdateSQLEditor
 0001:00000A4C       Imm
 0001:00004090       InitFromDataSet
 0001:000040E0       InitFromUpdateSQL
 0001:00000290       InitializeModule
 0001:00000218       InitProcessTLS
 0001:000001D4       InitThreadTLS
 0001:0000281C       IsKatakana
 0001:00000190       LocalAlloc
 0001:00000198       LocalFree
 0001:000004E4       Messages
 0001:000016A4       MMSystem
 0002:00000008       Module
 0002:00001000       ModuleIsLib
 0002:00001001       ModuleIsPackage
 0001:00002744       ParseUpdateSQL
 0002:00000004       PtrToNil
 0001:0000C210       Register
 0001:000006C4       RegStr
 0001:00000C2C       RichEdit
 0001:00002518       SelectAll
 0001:00002408       SetSelectedItems
 0001:000006FC       ShellAPI
 0001:0000061C       ShlObj
 0001:0000036C       SysInit
 0001:0000CB20       TDBStringProperty.GetAttributes
 0001:0000CB2C       TDBStringProperty.GetValueList
 0001:0000CB30       TDBStringProperty.GetValues
 0001:0000855C       TfrmIBRestoreEditor.Create
 0001:000084D8       TfrmIBRestoreEditor.FormCreate
 0001:0000871C       TfrmIBRestoreEditor.GetStrings
 0001:000082E8       TfrmIBRestoreEditor.sgDatabaseFilesDrawCell
 0001:000083BC       TfrmIBRestoreEditor.sgDatabaseFilesKeyDown
 0001:000084AC       TfrmIBRestoreEditor.sgDatabaseFilesSelectCell
 0001:00008C1C       TfrmIBSecurityEditor.AddParam
 0001:00008D6C       TfrmIBSecurityEditor.DeleteParam
 0001:00008E20       TfrmIBSecurityEditor.Edit
 0001:00009184       TfrmIBSecurityEditor.GetParam
 0001:00009260       TfrmIBSecurityEditor.LocalRbtnClick
 0001:00009340       TfrmIBSecurityEditor.PasswordChange
 0001:0000929C       TfrmIBSecurityEditor.RemoteRbtnClick
 0001:000092D8       TfrmIBSecurityEditor.UserNameChange
 0001:000076A4       TfrmIBServiceEditor.AddParam
 0001:00007E3C       TfrmIBServiceEditor.BrowseClick
 0001:000077F4       TfrmIBServiceEditor.DeleteParam
 0001:000078A8       TfrmIBServiceEditor.Edit
 0001:00007CD0       TfrmIBServiceEditor.GetParam
 0001:00007DAC       TfrmIBServiceEditor.LocalRbtnClick
 0001:00007F8C       TfrmIBServiceEditor.PasswordChange
 0001:00007DF4       TfrmIBServiceEditor.RemoteRbtnClick
 0001:00007F24       TfrmIBServiceEditor.UserNameChange
 0001:0000EEFC       TIBBackupFilesProperty.Edit
 0001:0000EFC8       TIBBackupFilesProperty.GetAttributes
 0001:0000EFD4       TIBBackupFilesProperty.GetValue
 0001:0000F234       TIBCDSCommandTextProperty.Edit
 0001:0000F284       TIBCDSCommandTextProperty.EditSQL
 0001:0000F318       TIBCDSCommandTextProperty.GetAttributes
 0001:0000F324       TIBCDSCommandTextProperty.GetFieldNames
 0001:0000F41C       TIBCDSCommandTextProperty.GetTableNames
 0001:0000F444       TIBCDSCommandTextProperty.GetValue
 0001:0000F1A8       TIBClientDataSetFieldLinkProperty.Edit
 0001:0000F1F4       TIBClientDataSetFieldLinkProperty.GetIndexFieldNames
 0001:0000F208       TIBClientDataSetFieldLinkProperty.GetMasterFields
 0001:0000F21C       TIBClientDataSetFieldLinkProperty.SetIndexFieldNames
 0001:0000F228       TIBClientDataSetFieldLinkProperty.SetMasterFields
 0001:0000E530       TIBCustomDataSetIsland.VisibleTreeParent
 0001:0000E13C       TIBCustomDataSetSprig.AnyProblems
 0001:0000E178       TIBCustomDataSetSprig.DragDropTo
 0001:0000E1C8       TIBCustomDataSetSprig.DragOverTo
 0001:0000E158       TIBCustomDataSetSprig.FigureParent
 0001:0000E1D8       TIBCustomDataSetSprig.GetDSDesignerClass
 0001:0000E1D0       TIBCustomDataSetSprig.PaletteOverTo
 0001:00005680       TIBDatabaseEditForm.AddParam
 0001:00005FBC       TIBDatabaseEditForm.BrowseClick
 0001:000062D8       TIBDatabaseEditForm.CharacterSetChange
 0001:000057D0       TIBDatabaseEditForm.DeleteParam
 0001:00005BB4       TIBDatabaseEditForm.Edit
 0001:00006178       TIBDatabaseEditForm.FormCreate
 0001:000055A4       TIBDatabaseEditForm.GetParam
 0001:00006184       TIBDatabaseEditForm.HelpBtnClick
 0001:000060A4       TIBDatabaseEditForm.LocalRbtnClick
 0001:000060EC       TIBDatabaseEditForm.OKBtnClick
 0001:00006204       TIBDatabaseEditForm.PasswordChange
 0001:00005F74       TIBDatabaseEditForm.RemoteRbtnClick
 0001:0000626C       TIBDatabaseEditForm.SQLRoleChange
 0001:00006384       TIBDatabaseEditForm.TestClick
 0001:0000619C       TIBDatabaseEditForm.UserNameChange
 0001:0000D728       TIBDatabaseEditor.ExecuteVerb
 0001:0000D7A8       TIBDatabaseEditor.GetVerb
 0001:0000D85C       TIBDatabaseEditor.GetVerbCount
 0001:0000E330       TIBDatabaseInfoSprig.ParentProperty
 0001:0000DDA8       TIBDatabaseSprig.AnyProblems
 0001:0000DDCC       TIBDatabaseSprig.Caption
 0001:0000E9F8       TIBDataSetBaseEditor.GetDSDesignerClass
 0001:0000EA00       TIBDataSetBaseEditor.GetFieldNames
 0001:0000EAF8       TIBDataSetBaseEditor.GetTableNames
 0001:0000D3B4       TIBDataSetEditor.EditSQL
 0001:0000D4BC       TIBDataSetEditor.ExecuteVerb
 0001:0000D5A8       TIBDataSetEditor.GetVerb
 0001:0000D680       TIBDataSetEditor.GetVerbCount
 0001:0000E308       TIBDatasetSprig.AnyProblems
 0001:0000CFE8       TIBDatasetSQLProperty.Edit
 0001:0000D038       TIBDatasetSQLProperty.GetFieldNames
 0001:0000D130       TIBDatasetSQLProperty.GetTableNames
 0001:0000F084       TIBDSDesigner.DoCreateField
 0001:0000D6BC       TIBEventListProperty.Edit
 0001:0000D690       TIBEventListProperty.GetAttributes
 0001:00004F98       TIBEventsEditor.Button1Click
 0001:0000E3AC       TIBEventsSprig.AnyProblems
 0001:0000E3D4       TIBEventsSprig.ParentProperty
 0001:0000C8F4       TIBFileNameProperty.Edit
 0001:0000C9D0       TIBFileNameProperty.GetAttributes
 0001:0000E548       TIBGeneratorFieldProperty.Edit
 0001:0000E9B0       TIBGeneratorFieldProperty.GetAttributes
 0001:0000E9BC       TIBGeneratorFieldProperty.GetValue
 0001:0000CC7C       TIBIndexFieldNamesProperty.GetValueList
 0001:0000CD3C       TIBIndexNameProperty.GetValueList
 0001:0000C9DC       TIBNameProperty.GetAttributes
 0001:0000EC64       TIBPageSizeProperty.GetAttributes
 0001:0000EC70       TIBPageSizeProperty.GetValues
 0001:0000D95C       TIBQueryEditor.EditSQL
 0001:0000DA64       TIBQueryEditor.ExecuteVerb
 0001:0000DAF8       TIBQueryEditor.GetVerb
 0001:0000DBBC       TIBQueryEditor.GetVerbCount
 0001:0000E4F8       TIBQueryMasterDetailBridge.Caption
 0001:0000E50C       TIBQueryMasterDetailBridge.GetOmegaSource
 0001:0000E518       TIBQueryMasterDetailBridge.OmegaIslandClass
 0001:0000E520       TIBQueryMasterDetailBridge.RemoveMasterFieldsAsWell
 0001:0000E524       TIBQueryMasterDetailBridge.SetOmegaSource
 0001:0000E2E0       TIBQuerySprig.AnyProblems
 0001:0000CE78       TIBQuerySQLProperty.Edit
 0001:0000CEC8       TIBQuerySQLProperty.GetFieldNames
 0001:0000CFC0       TIBQuerySQLProperty.GetTableNames
 0001:0000ECE4       TIBRestoreFilesProperty.Edit
 0001:0000EE9C       TIBRestoreFilesProperty.GetAttributes
 0001:0000EEC8       TIBRestoreFilesProperty.GetValue
 0001:0000F028       TIBSecurityEditor.ExecuteVerb
 0001:0000EB20       TIBServiceEditor.ExecuteVerb
 0001:0000EBA0       TIBServiceEditor.GetVerb
 0001:0000EC54       TIBServiceEditor.GetVerbCount
 0001:0000E534       TIBSQLIsland.VisibleTreeParent
 0001:0000D158       TIBSQLProperty.Edit
 0001:0000D1A8       TIBSQLProperty.GetFieldNames
 0001:0000D2A0       TIBSQLProperty.GetTableNames
 0001:0000E084       TIBSQLSprig.AnyProblems
 0001:0000E0BC       TIBSQLSprig.DragDropTo
 0001:0000E10C       TIBSQLSprig.DragOverTo
 0001:0000E114       TIBSQLSprig.FigureParent
 0001:0000E134       TIBSQLSprig.PaletteOverTo
 0001:0000DBCC       TIBStoredProcEditor.ExecuteVerb
 0001:0000DC0C       TIBStoredProcEditor.GetVerb
 0001:0000DCC0       TIBStoredProcEditor.GetVerbCount
 0001:0000C9E8       TIBStoredProcNameProperty.GetValues
 0001:0000DCD0       TIBStoredProcParamsProperty.Edit
 0001:0000E1E0       TIBStoredProcSprig.AnyProblems
 0001:0000E204       TIBStoredProcSprig.Caption
 0001:0000DD44       TIBTableFieldLinkProperty.Edit
 0001:0000DD68       TIBTableFieldLinkProperty.GetIndexFieldNames
 0001:0000DD7C       TIBTableFieldLinkProperty.GetMasterFields
 0001:0000DD90       TIBTableFieldLinkProperty.SetIndexFieldNames
 0001:0000DD9C       TIBTableFieldLinkProperty.SetMasterFields
 0001:0000E3FC       TIBTableMasterDetailBridge.CanEdit
 0001:0000E400       TIBTableMasterDetailBridge.Caption
 0001:0000E470       TIBTableMasterDetailBridge.Edit
 0001:0000E4D8       TIBTableMasterDetailBridge.GetOmegaSource
 0001:0000E4E4       TIBTableMasterDetailBridge.OmegaIslandClass
 0001:0000E4EC       TIBTableMasterDetailBridge.SetOmegaSource
 0001:0000CA7C       TIBTableNameProperty.GetValues
 0001:0000E260       TIBTableSprig.AnyProblems
 0001:0000E284       TIBTableSprig.Caption
 0001:00006D24       TIBTransactionEditForm.ClearParamSelection
 0001:00006A64       TIBTransactionEditForm.Edit
 0001:00006DF8       TIBTransactionEditForm.FormCreate
 0001:00006E04       TIBTransactionEditForm.HelpBtnClick
 0001:00006D6C       TIBTransactionEditForm.OKBtnClick
 0001:00006AB0       TIBTransactionEditForm.ParseParams
 0001:00006E80       TIBTransactionEditForm.rbReadCommittedClick
 0001:00006F14       TIBTransactionEditForm.rbReadOnlyTableStabilityClick
 0001:00006F78       TIBTransactionEditForm.rbReadWriteTableStabilityClick
 0001:00006E1C       TIBTransactionEditForm.rbSnapShotClick
 0001:00006FDC       TIBTransactionEditForm.TransactionParamsClick
 0001:00006FE4       TIBTransactionEditForm.TransactionParamsExit
 0001:0000D86C       TIBTransactionEditor.ExecuteVerb
 0001:0000D8C8       TIBTransactionEditor.GetVerb
 0001:0000D954       TIBTransactionEditor.GetVerbCount
 0001:0000E538       TIBTransactionIsland.VisibleTreeParent
 0001:0000DE28       TIBTransactionSprig.AnyProblems
 0001:0000DE34       TIBTransactionSprig.Caption
 0001:0000DF08       TIBTransactionSprig.DragDropTo
 0001:0000DF4C       TIBTransactionSprig.DragOverTo
 0001:0000DEEC       TIBTransactionSprig.FigureParent
 0001:0000DF60       TIBTransactionSprig.PaletteOverTo
 0001:00004B00       TIBUpdateSQLEditForm.ClearAllClick
 0001:00004944       TIBUpdateSQLEditForm.DefaultButtonClick
 0001:00002EC0       TIBUpdateSQLEditForm.Edit
 0001:00004A58       TIBUpdateSQLEditForm.FormCloseQuery
 0001:00004884       TIBUpdateSQLEditForm.FormCreate
 0001:00004A04       TIBUpdateSQLEditForm.FormDestroy
 0001:000033D0       TIBUpdateSQLEditForm.GenDeleteSQL
 0001:0000499C       TIBUpdateSQLEditForm.GenerateButtonClick
 0001:00003CF0       TIBUpdateSQLEditForm.GenerateSQL
 0001:0000366C       TIBUpdateSQLEditForm.GenInsertSQL
 0001:00003770       TIBUpdateSQLEditForm.GenModifySQL
 0001:00003A90       TIBUpdateSQLEditForm.GenRefreshSQL
 0001:0000327C       TIBUpdateSQLEditForm.GenWhereClause
 0001:00003F44       TIBUpdateSQLEditForm.GetDataSetFieldNames
 0001:00003FFC       TIBUpdateSQLEditForm.GetTableFieldNames
 0001:00004A1C       TIBUpdateSQLEditForm.GetTableFieldsButtonClick
 0001:0000404C       TIBUpdateSQLEditForm.GetTableRef
 0001:00004890       TIBUpdateSQLEditForm.HelpButtonClick
 0001:00004214       TIBUpdateSQLEditForm.InitGenerateOptions
 0001:00004308       TIBUpdateSQLEditForm.InitUpdateTableNames
 0001:00004910       TIBUpdateSQLEditForm.OkButtonClick
 0001:000049D0       TIBUpdateSQLEditForm.PageControlChanging
 0001:000049B0       TIBUpdateSQLEditForm.PrimaryKeyButtonClick
 0001:00004AE0       TIBUpdateSQLEditForm.SelectAllClick
 0001:0000452C       TIBUpdateSQLEditForm.SelectPrimaryKeyFields
 0001:00004430       TIBUpdateSQLEditForm.SetButtonStates
 0001:000046B4       TIBUpdateSQLEditForm.SetDefaultSelections
 0001:00004A44       TIBUpdateSQLEditForm.SettingsChanged
 0001:00004764       TIBUpdateSQLEditForm.ShowWait
 0001:00004B8C       TIBUpdateSQLEditForm.SQLMemoKeyPress
 0001:000048A8       TIBUpdateSQLEditForm.StatementTypeClick
 0001:000047F0       TIBUpdateSQLEditForm.TempTable
 0001:00004ACC       TIBUpdateSQLEditForm.UpdateTableNameChange
 0001:00004AD4       TIBUpdateSQLEditForm.UpdateTableNameClick
 0001:0000D2C8       TIBUpdateSQLEditor.ExecuteVerb
 0001:0000D320       TIBUpdateSQLEditor.GetVerb
 0001:0000D3AC       TIBUpdateSQLEditor.GetVerbCount
 0001:0000E358       TIBUpdateSQLSprig.AnyProblems
 0001:000001A0       TlsAlloc
 0002:0000100C       tlsBuffer
 0001:000001A8       TlsFree
 0001:000001B0       TlsGetValue
 0002:00000000       TlsIndex
 0002:AFD3F000       TlsLast
 0002:00000020       TlsProc
 0001:000001B8       TlsSetValue
 0001:000027D0       TSQLParser.Create
 0001:00002B1C       TSQLParser.GetSelectTableNames
 0001:00002C5C       TSQLParser.GetUpdateFields
 0001:00002C14       TSQLParser.GetUpdateTableName
 0001:00002D8C       TSQLParser.GetWhereFields
 0001:00002834       TSQLParser.NextToken
 0001:00002ADC       TSQLParser.Reset
 0001:00002AF8       TSQLParser.TokenSymbolIs
 0001:0000CD5C       TSQLPropertyEditor.EditSQL
 0001:0000CE4C       TSQLPropertyEditor.GetAttributes
 0001:0000029C       UninitializeModule
 0001:00000654       UrlMon
 0001:000003A4       Windows
 0001:0000068C       WinInet
 0001:00000B44       WinSpool


  Address         Publics by Value

 0002:AFD3F000       TlsLast
 0001:00000188       FreeLibrary
 0001:00000190       LocalAlloc
 0001:00000198       LocalFree
 0001:000001A0       TlsAlloc
 0001:000001A8       TlsFree
 0001:000001B0       TlsGetValue
 0001:000001B8       TlsSetValue
 0001:000001C0       AllocTlsBuffer
 0001:000001CC       GetTlsSize
 0001:000001D4       InitThreadTLS
 0001:00000218       InitProcessTLS
 0001:00000244       ExitThreadTLS
 0001:0000026C       ExitProcessTLS
 0001:00000290       InitializeModule
 0001:0000029C       UninitializeModule
 0001:000002C0       @InitPkg
 0001:00000324       @PackageLoad
 0001:00000330       @PackageUnload
 0001:0000033C       Finalization
 0001:0000036C       SysInit
 0001:00000374       Finalization
 0001:000003A4       Windows
 0001:000004B4       Finalization
 0001:000004E4       Messages
 0001:000005EC       Finalization
 0001:0000061C       ShlObj
 0001:00000624       Finalization
 0001:00000654       UrlMon
 0001:0000065C       Finalization
 0001:0000068C       WinInet
 0001:00000694       Finalization
 0001:000006C4       RegStr
 0001:000006CC       Finalization
 0001:000006FC       ShellAPI
 0001:00000704       Finalization
 0001:00000734       CommCtrl
 0001:00000A1C       Finalization
 0001:00000A4C       Imm
 0001:00000B14       Finalization
 0001:00000B44       WinSpool
 0001:00000B4C       Finalization
 0001:00000B7C       CommDlg
 0001:00000B84       Finalization
 0001:00000BB4       Dlgs
 0001:00000BFC       Finalization
 0001:00000C2C       RichEdit
 0001:00001674       Finalization
 0001:000016A4       MMSystem
 0001:000020A8       EditIBUpdateSQL
 0001:0000211C       EditIBDataSet
 0001:00002370       GetSelectedItems
 0001:00002408       SetSelectedItems
 0001:00002518       SelectAll
 0001:000025B8       GetDataFieldNames
 0001:000026F0       GetSQLTableNames
 0001:00002744       ParseUpdateSQL
 0001:000027D0       TSQLParser.Create
 0001:0000281C       IsKatakana
 0001:00002834       TSQLParser.NextToken
 0001:00002ADC       TSQLParser.Reset
 0001:00002AF8       TSQLParser.TokenSymbolIs
 0001:00002B1C       TSQLParser.GetSelectTableNames
 0001:00002C14       TSQLParser.GetUpdateTableName
 0001:00002C5C       TSQLParser.GetUpdateFields
 0001:00002D8C       TSQLParser.GetWhereFields
 0001:00002EC0       TIBUpdateSQLEditForm.Edit
 0001:0000327C       TIBUpdateSQLEditForm.GenWhereClause
 0001:000033D0       TIBUpdateSQLEditForm.GenDeleteSQL
 0001:000034A0       GenFieldList
 0001:0000366C       TIBUpdateSQLEditForm.GenInsertSQL
 0001:00003770       TIBUpdateSQLEditForm.GenModifySQL
 0001:00003934       GenRefreshWhereClause
 0001:00003A90       TIBUpdateSQLEditForm.GenRefreshSQL
 0001:00003CF0       TIBUpdateSQLEditForm.GenerateSQL
 0001:00003F44       TIBUpdateSQLEditForm.GetDataSetFieldNames
 0001:00003FFC       TIBUpdateSQLEditForm.GetTableFieldNames
 0001:0000404C       TIBUpdateSQLEditForm.GetTableRef
 0001:00004090       InitFromDataSet
 0001:000040E0       InitFromUpdateSQL
 0001:00004214       TIBUpdateSQLEditForm.InitGenerateOptions
 0001:00004308       TIBUpdateSQLEditForm.InitUpdateTableNames
 0001:00004430       TIBUpdateSQLEditForm.SetButtonStates
 0001:0000452C       TIBUpdateSQLEditForm.SelectPrimaryKeyFields
 0001:000046B4       TIBUpdateSQLEditForm.SetDefaultSelections
 0001:00004764       TIBUpdateSQLEditForm.ShowWait
 0001:000047F0       TIBUpdateSQLEditForm.TempTable
 0001:00004884       TIBUpdateSQLEditForm.FormCreate
 0001:00004890       TIBUpdateSQLEditForm.HelpButtonClick
 0001:000048A8       TIBUpdateSQLEditForm.StatementTypeClick
 0001:00004910       TIBUpdateSQLEditForm.OkButtonClick
 0001:00004944       TIBUpdateSQLEditForm.DefaultButtonClick
 0001:0000499C       TIBUpdateSQLEditForm.GenerateButtonClick
 0001:000049B0       TIBUpdateSQLEditForm.PrimaryKeyButtonClick
 0001:000049D0       TIBUpdateSQLEditForm.PageControlChanging
 0001:00004A04       TIBUpdateSQLEditForm.FormDestroy
 0001:00004A1C       TIBUpdateSQLEditForm.GetTableFieldsButtonClick
 0001:00004A44       TIBUpdateSQLEditForm.SettingsChanged
 0001:00004A58       TIBUpdateSQLEditForm.FormCloseQuery
 0001:00004ACC       TIBUpdateSQLEditForm.UpdateTableNameChange
 0001:00004AD4       TIBUpdateSQLEditForm.UpdateTableNameClick
 0001:00004AE0       TIBUpdateSQLEditForm.SelectAllClick
 0001:00004B00       TIBUpdateSQLEditForm.ClearAllClick
 0001:00004B8C       TIBUpdateSQLEditForm.SQLMemoKeyPress
 0001:00004B98       Finalization
 0001:00004BC8       IBUpdateSQLEditor
 0001:00004DF4       EditAlerterEvents
 0001:00004F98       TIBEventsEditor.Button1Click
 0001:00005014       Finalization
 0001:00005044       IBEventsEditor
 0001:0000553C       EditIBDatabase
 0001:000055A4       TIBDatabaseEditForm.GetParam
 0001:00005680       TIBDatabaseEditForm.AddParam
 0001:000057D0       TIBDatabaseEditForm.DeleteParam
 0001:00005884       DecomposeDatabaseName
 0001:00005BB4       TIBDatabaseEditForm.Edit
 0001:00005F74       TIBDatabaseEditForm.RemoteRbtnClick
 0001:00005FBC       TIBDatabaseEditForm.BrowseClick
 0001:000060A4       TIBDatabaseEditForm.LocalRbtnClick
 0001:000060EC       TIBDatabaseEditForm.OKBtnClick
 0001:00006178       TIBDatabaseEditForm.FormCreate
 0001:00006184       TIBDatabaseEditForm.HelpBtnClick
 0001:0000619C       TIBDatabaseEditForm.UserNameChange
 0001:00006204       TIBDatabaseEditForm.PasswordChange
 0001:0000626C       TIBDatabaseEditForm.SQLRoleChange
 0001:000062D8       TIBDatabaseEditForm.CharacterSetChange
 0001:00006384       TIBDatabaseEditForm.TestClick
 0001:00006654       Finalization
 0001:00006684       IBDatabaseEdit
 0001:000069FC       EditIBtransaction
 0001:00006A64       TIBTransactionEditForm.Edit
 0001:00006AB0       TIBTransactionEditForm.ParseParams
 0001:00006D24       TIBTransactionEditForm.ClearParamSelection
 0001:00006D6C       TIBTransactionEditForm.OKBtnClick
 0001:00006DF8       TIBTransactionEditForm.FormCreate
 0001:00006E04       TIBTransactionEditForm.HelpBtnClick
 0001:00006E1C       TIBTransactionEditForm.rbSnapShotClick
 0001:00006E80       TIBTransactionEditForm.rbReadCommittedClick
 0001:00006F14       TIBTransactionEditForm.rbReadOnlyTableStabilityClick
 0001:00006F78       TIBTransactionEditForm.rbReadWriteTableStabilityClick
 0001:00006FDC       TIBTransactionEditForm.TransactionParamsClick
 0001:00006FE4       TIBTransactionEditForm.TransactionParamsExit
 0001:00006FEC       Finalization
 0001:0000701C       IBTransactionEdit
 0001:00007288       Finalization
 0001:000072B8       IBGeneratorEditor
 0001:0000763C       EditIBService
 0001:000076A4       TfrmIBServiceEditor.AddParam
 0001:000077F4       TfrmIBServiceEditor.DeleteParam
 0001:000078A8       TfrmIBServiceEditor.Edit
 0001:00007CD0       TfrmIBServiceEditor.GetParam
 0001:00007DAC       TfrmIBServiceEditor.LocalRbtnClick
 0001:00007DF4       TfrmIBServiceEditor.RemoteRbtnClick
 0001:00007E3C       TfrmIBServiceEditor.BrowseClick
 0001:00007F24       TfrmIBServiceEditor.UserNameChange
 0001:00007F8C       TfrmIBServiceEditor.PasswordChange
 0001:00007FF4       Finalization
 0001:00008024       IBServiceEditor
 0001:00008054       Finalization
 0001:00008084       IBDCLConst
 0001:000082E8       TfrmIBRestoreEditor.sgDatabaseFilesDrawCell
 0001:000083BC       TfrmIBRestoreEditor.sgDatabaseFilesKeyDown
 0001:000084AC       TfrmIBRestoreEditor.sgDatabaseFilesSelectCell
 0001:000084D8       TfrmIBRestoreEditor.FormCreate
 0001:0000855C       TfrmIBRestoreEditor.Create
 0001:0000871C       TfrmIBRestoreEditor.GetStrings
 0001:0000883C       Finalization
 0001:0000886C       IBRestoreEditor
 0001:00008BB4       EditIBSecurity
 0001:00008C1C       TfrmIBSecurityEditor.AddParam
 0001:00008D6C       TfrmIBSecurityEditor.DeleteParam
 0001:00008E20       TfrmIBSecurityEditor.Edit
 0001:00009184       TfrmIBSecurityEditor.GetParam
 0001:00009260       TfrmIBSecurityEditor.LocalRbtnClick
 0001:0000929C       TfrmIBSecurityEditor.RemoteRbtnClick
 0001:000092D8       TfrmIBSecurityEditor.UserNameChange
 0001:00009340       TfrmIBSecurityEditor.PasswordChange
 0001:000093A8       Finalization
 0001:000093D8       IBSecurityEditor
 0001:0000C210       Register
 0001:0000C8F4       TIBFileNameProperty.Edit
 0001:0000C9D0       TIBFileNameProperty.GetAttributes
 0001:0000C9DC       TIBNameProperty.GetAttributes
 0001:0000C9E8       TIBStoredProcNameProperty.GetValues
 0001:0000CA7C       TIBTableNameProperty.GetValues
 0001:0000CB20       TDBStringProperty.GetAttributes
 0001:0000CB2C       TDBStringProperty.GetValueList
 0001:0000CB30       TDBStringProperty.GetValues
 0001:0000CBE4       GetPropertyValue
 0001:0000CC28       GetIndexDefs
 0001:0000CC7C       TIBIndexFieldNamesProperty.GetValueList
 0001:0000CD3C       TIBIndexNameProperty.GetValueList
 0001:0000CD5C       TSQLPropertyEditor.EditSQL
 0001:0000CE4C       TSQLPropertyEditor.GetAttributes
 0001:0000CE78       TIBQuerySQLProperty.Edit
 0001:0000CEC8       TIBQuerySQLProperty.GetFieldNames
 0001:0000CFC0       TIBQuerySQLProperty.GetTableNames
 0001:0000CFE8       TIBDatasetSQLProperty.Edit
 0001:0000D038       TIBDatasetSQLProperty.GetFieldNames
 0001:0000D130       TIBDatasetSQLProperty.GetTableNames
 0001:0000D158       TIBSQLProperty.Edit
 0001:0000D1A8       TIBSQLProperty.GetFieldNames
 0001:0000D2A0       TIBSQLProperty.GetTableNames
 0001:0000D2C8       TIBUpdateSQLEditor.ExecuteVerb
 0001:0000D320       TIBUpdateSQLEditor.GetVerb
 0001:0000D3AC       TIBUpdateSQLEditor.GetVerbCount
 0001:0000D3B4       TIBDataSetEditor.EditSQL
 0001:0000D4BC       TIBDataSetEditor.ExecuteVerb
 0001:0000D5A8       TIBDataSetEditor.GetVerb
 0001:0000D680       TIBDataSetEditor.GetVerbCount
 0001:0000D690       TIBEventListProperty.GetAttributes
 0001:0000D6BC       TIBEventListProperty.Edit
 0001:0000D728       TIBDatabaseEditor.ExecuteVerb
 0001:0000D7A8       TIBDatabaseEditor.GetVerb
 0001:0000D85C       TIBDatabaseEditor.GetVerbCount
 0001:0000D86C       TIBTransactionEditor.ExecuteVerb
 0001:0000D8C8       TIBTransactionEditor.GetVerb
 0001:0000D954       TIBTransactionEditor.GetVerbCount
 0001:0000D95C       TIBQueryEditor.EditSQL
 0001:0000DA64       TIBQueryEditor.ExecuteVerb
 0001:0000DAF8       TIBQueryEditor.GetVerb
 0001:0000DBBC       TIBQueryEditor.GetVerbCount
 0001:0000DBCC       TIBStoredProcEditor.ExecuteVerb
 0001:0000DC0C       TIBStoredProcEditor.GetVerb
 0001:0000DCC0       TIBStoredProcEditor.GetVerbCount
 0001:0000DCD0       TIBStoredProcParamsProperty.Edit
 0001:0000DD44       TIBTableFieldLinkProperty.Edit
 0001:0000DD68       TIBTableFieldLinkProperty.GetIndexFieldNames
 0001:0000DD7C       TIBTableFieldLinkProperty.GetMasterFields
 0001:0000DD90       TIBTableFieldLinkProperty.SetIndexFieldNames
 0001:0000DD9C       TIBTableFieldLinkProperty.SetMasterFields
 0001:0000DDA8       TIBDatabaseSprig.AnyProblems
 0001:0000DDCC       TIBDatabaseSprig.Caption
 0001:0000DE28       TIBTransactionSprig.AnyProblems
 0001:0000DE34       TIBTransactionSprig.Caption
 0001:0000DEEC       TIBTransactionSprig.FigureParent
 0001:0000DF08       TIBTransactionSprig.DragDropTo
 0001:0000DF4C       TIBTransactionSprig.DragOverTo
 0001:0000DF60       TIBTransactionSprig.PaletteOverTo
 0001:0000DF74       IBAnyProblems
 0001:0000DF88       IBFigureParent
 0001:0000DFD0       IBDragOver
 0001:0000E000       IBDropOver
 0001:0000E084       TIBSQLSprig.AnyProblems
 0001:0000E0BC       TIBSQLSprig.DragDropTo
 0001:0000E10C       TIBSQLSprig.DragOverTo
 0001:0000E114       TIBSQLSprig.FigureParent
 0001:0000E134       TIBSQLSprig.PaletteOverTo
 0001:0000E13C       TIBCustomDataSetSprig.AnyProblems
 0001:0000E158       TIBCustomDataSetSprig.FigureParent
 0001:0000E178       TIBCustomDataSetSprig.DragDropTo
 0001:0000E1C8       TIBCustomDataSetSprig.DragOverTo
 0001:0000E1D0       TIBCustomDataSetSprig.PaletteOverTo
 0001:0000E1D8       TIBCustomDataSetSprig.GetDSDesignerClass
 0001:0000E1E0       TIBStoredProcSprig.AnyProblems
 0001:0000E204       TIBStoredProcSprig.Caption
 0001:0000E260       TIBTableSprig.AnyProblems
 0001:0000E284       TIBTableSprig.Caption
 0001:0000E2E0       TIBQuerySprig.AnyProblems
 0001:0000E308       TIBDatasetSprig.AnyProblems
 0001:0000E330       TIBDatabaseInfoSprig.ParentProperty
 0001:0000E358       TIBUpdateSQLSprig.AnyProblems
 0001:0000E3AC       TIBEventsSprig.AnyProblems
 0001:0000E3D4       TIBEventsSprig.ParentProperty
 0001:0000E3FC       TIBTableMasterDetailBridge.CanEdit
 0001:0000E400       TIBTableMasterDetailBridge.Caption
 0001:0000E470       TIBTableMasterDetailBridge.Edit
 0001:0000E4D8       TIBTableMasterDetailBridge.GetOmegaSource
 0001:0000E4E4       TIBTableMasterDetailBridge.OmegaIslandClass
 0001:0000E4EC       TIBTableMasterDetailBridge.SetOmegaSource
 0001:0000E4F8       TIBQueryMasterDetailBridge.Caption
 0001:0000E50C       TIBQueryMasterDetailBridge.GetOmegaSource
 0001:0000E518       TIBQueryMasterDetailBridge.OmegaIslandClass
 0001:0000E520       TIBQueryMasterDetailBridge.RemoveMasterFieldsAsWell
 0001:0000E524       TIBQueryMasterDetailBridge.SetOmegaSource
 0001:0000E530       TIBCustomDataSetIsland.VisibleTreeParent
 0001:0000E534       TIBSQLIsland.VisibleTreeParent
 0001:0000E538       TIBTransactionIsland.VisibleTreeParent
 0001:0000E548       TIBGeneratorFieldProperty.Edit
 0001:0000E9B0       TIBGeneratorFieldProperty.GetAttributes
 0001:0000E9BC       TIBGeneratorFieldProperty.GetValue
 0001:0000E9F8       TIBDataSetBaseEditor.GetDSDesignerClass
 0001:0000EA00       TIBDataSetBaseEditor.GetFieldNames
 0001:0000EAF8       TIBDataSetBaseEditor.GetTableNames
 0001:0000EB20       TIBServiceEditor.ExecuteVerb
 0001:0000EBA0       TIBServiceEditor.GetVerb
 0001:0000EC54       TIBServiceEditor.GetVerbCount
 0001:0000EC64       TIBPageSizeProperty.GetAttributes
 0001:0000EC70       TIBPageSizeProperty.GetValues
 0001:0000ECE4       TIBRestoreFilesProperty.Edit
 0001:0000EE9C       TIBRestoreFilesProperty.GetAttributes
 0001:0000EEC8       TIBRestoreFilesProperty.GetValue
 0001:0000EEFC       TIBBackupFilesProperty.Edit
 0001:0000EFC8       TIBBackupFilesProperty.GetAttributes
 0001:0000EFD4       TIBBackupFilesProperty.GetValue
 0001:0000F028       TIBSecurityEditor.ExecuteVerb
 0001:0000F084       TIBDSDesigner.DoCreateField
 0001:0000F1A8       TIBClientDataSetFieldLinkProperty.Edit
 0001:0000F1F4       TIBClientDataSetFieldLinkProperty.GetIndexFieldNames
 0001:0000F208       TIBClientDataSetFieldLinkProperty.GetMasterFields
 0001:0000F21C       TIBClientDataSetFieldLinkProperty.SetIndexFieldNames
 0001:0000F228       TIBClientDataSetFieldLinkProperty.SetMasterFields
 0001:0000F234       TIBCDSCommandTextProperty.Edit
 0001:0000F284       TIBCDSCommandTextProperty.EditSQL
 0001:0000F318       TIBCDSCommandTextProperty.GetAttributes
 0001:0000F324       TIBCDSCommandTextProperty.GetFieldNames
 0001:0000F41C       TIBCDSCommandTextProperty.GetTableNames
 0001:0000F444       TIBCDSCommandTextProperty.GetValue
 0001:0000F46C       Finalization
 0001:0000F49C       IBDBReg
 0001:0000FA1C       @GetPackageInfoTable
 0001:0000FA24       @PackageLoad
 0001:0000FA30       @PackageUnload
 0001:0000FA3C       dclib
 0002:00000000       TlsIndex
 0002:00000004       PtrToNil
 0002:00000008       Module
 0002:00000020       TlsProc
 0002:00001000       ModuleIsLib
 0002:00001001       ModuleIsPackage
 0002:00001004       HInstance
 0002:00001008       .1
 0002:0000100C       tlsBuffer
 0002:00001010       .3
 0002:00001014       .1
 0002:00001018       .1
 0002:0000101C       .1
 0002:00001020       .1
 0002:00001024       .1
 0002:00001028       .1
 0002:0000102C       .1
 0002:00001030       .1
 0002:00001034       .3
 0002:00001038       .1
 0002:0000103C       .1
 0002:00001040       .1
 0002:00001044       .7
 0002:00001048       .3
 0002:0000104C       .2
 0002:00001050       IBDatabaseEditForm
 0002:00001054       .2
 0002:00001058       IBTransactionEditForm
 0002:0000105C       .2
 0002:00001060       frmGeneratorEditor
 0002:00001064       .2
 0002:00001068       .2
 0002:0000106C       .1
 0002:00001070       .2
 0002:00001074       .2
 0002:00001078       .94


Bound resource files

IBUpdateSQLEditor.dfm
IBEventsEditor.dfm
IBDatabaseEdit.dfm
IBTransactionEdit.dfm
IBGeneratorEditor.dfm
IBServiceEditor.dfm
IBRestoreEditor.dfm
IBSecurityEditor.dfm
dclib.res
ibreg.dcr
C:\DOCUME~1\~KOKOP~1\LOCALS~1\Temp\dtf2887.tmp


Program entry point at 0001:0000FA3C
