
 Start         Length     Name                   Class
 0001:00000000 0000665CH .text                   CODE
 0002:00000000 000000F4H .data                   DATA
 0002:000000F4 00000061H .bss                    BSS


Detailed map of segments

 0001:00000000 00000176 C=CODE     S=.text    G=(none)   M=System   ACBP=A9
 0001:00000178 000001EC C=CODE     S=.text    G=(none)   M=SysInit  ACBP=A9
 0001:00000364 0000002E C=CODE     S=.text    G=(none)   M=SysUtils ACBP=A9
 0001:00000394 0000000E C=CODE     S=.text    G=(none)   M=SysConst ACBP=A9
 0001:000003A4 00000038 C=CODE     S=.text    G=(none)   M=Windows  ACBP=A9
 0001:000003DC 0000000E C=CODE     S=.text    G=(none)   M=Types    ACBP=A9
 0001:000003EC 00000038 C=CODE     S=.text    G=(none)   M=Messages ACBP=A9
 0001:00000424 00000106 C=CODE     S=.text    G=(none)   M=Classes  ACBP=A9
 0001:0000052C 0000000E C=CODE     S=.text    G=(none)   M=ActiveX  ACBP=A9
 0001:0000053C 00000016 C=CODE     S=.text    G=(none)   M=TypInfo  ACBP=A9
 0001:00000554 0000004E C=CODE     S=.text    G=(none)   M=Variants ACBP=A9
 0001:000005A4 0000000E C=CODE     S=.text    G=(none)   M=VarUtils ACBP=A9
 0001:000005B4 0000000E C=CODE     S=.text    G=(none)   M=RTLConsts ACBP=A9
 0001:000005C4 00000016 C=CODE     S=.text    G=(none)   M=Graphics ACBP=A9
 0001:000005DC 0000000E C=CODE     S=.text    G=(none)   M=Consts   ACBP=A9
 0001:000005EC 000000FE C=CODE     S=.text    G=(none)   M=Controls ACBP=A9
 0001:000006EC 00000066 C=CODE     S=.text    G=(none)   M=ActnList ACBP=A9
 0001:00000754 0000000E C=CODE     S=.text    G=(none)   M=Contnrs  ACBP=A9
 0001:00000764 0000000E C=CODE     S=.text    G=(none)   M=Math     ACBP=A9
 0001:00000774 0000000E C=CODE     S=.text    G=(none)   M=ImgList  ACBP=A9
 0001:00000784 00000038 C=CODE     S=.text    G=(none)   M=CommCtrl ACBP=A9
 0001:000007BC 0000013E C=CODE     S=.text    G=(none)   M=Forms    ACBP=A9
 0001:000008FC 0000000E C=CODE     S=.text    G=(none)   M=HelpIntfs ACBP=A9
 0001:0000090C 0000000E C=CODE     S=.text    G=(none)   M=MultiMon ACBP=A9
 0001:0000091C 00000038 C=CODE     S=.text    G=(none)   M=Imm      ACBP=A9
 0001:00000954 0000000E C=CODE     S=.text    G=(none)   M=Menus    ACBP=A9
 0001:00000964 0000000E C=CODE     S=.text    G=(none)   M=Themes   ACBP=A9
 0001:00000974 0000000E C=CODE     S=.text    G=(none)   M=UxTheme  ACBP=A9
 0001:00000984 0000000E C=CODE     S=.text    G=(none)   M=SyncObjs ACBP=A9
 0001:00000994 0000000E C=CODE     S=.text    G=(none)   M=ComCtrls ACBP=A9
 0001:000009A4 00000038 C=CODE     S=.text    G=(none)   M=ShlObj   ACBP=A9
 0001:000009DC 00000038 C=CODE     S=.text    G=(none)   M=UrlMon   ACBP=A9
 0001:00000A14 00000038 C=CODE     S=.text    G=(none)   M=WinInet  ACBP=A9
 0001:00000A4C 00000038 C=CODE     S=.text    G=(none)   M=RegStr   ACBP=A9
 0001:00000A84 00000038 C=CODE     S=.text    G=(none)   M=ShellAPI ACBP=A9
 0001:00000ABC 0000000E C=CODE     S=.text    G=(none)   M=ListActns ACBP=A9
 0001:00000ACC 00000016 C=CODE     S=.text    G=(none)   M=ExtCtrls ACBP=A9
 0001:00000AE4 0000000E C=CODE     S=.text    G=(none)   M=StdCtrls ACBP=A9
 0001:00000AF4 0000000E C=CODE     S=.text    G=(none)   M=WinHelpViewer ACBP=A9
 0001:00000B04 0000000E C=CODE     S=.text    G=(none)   M=StdActns ACBP=A9
 0001:00000B14 0000001E C=CODE     S=.text    G=(none)   M=Dialogs  ACBP=A9
 0001:00000B34 0000000E C=CODE     S=.text    G=(none)   M=Printers ACBP=A9
 0001:00000B44 00000038 C=CODE     S=.text    G=(none)   M=WinSpool ACBP=A9
 0001:00000B7C 00000038 C=CODE     S=.text    G=(none)   M=CommDlg  ACBP=A9
 0001:00000BB4 00000038 C=CODE     S=.text    G=(none)   M=Dlgs     ACBP=A9
 0001:00000BEC 0000000E C=CODE     S=.text    G=(none)   M=StrUtils ACBP=A9
 0001:00000BFC 0000000E C=CODE     S=.text    G=(none)   M=Clipbrd  ACBP=A9
 0001:00000C0C 0000000E C=CODE     S=.text    G=(none)   M=FlatSB   ACBP=A9
 0001:00000C1C 0000000E C=CODE     S=.text    G=(none)   M=ToolWin  ACBP=A9
 0001:00000C2C 00000038 C=CODE     S=.text    G=(none)   M=RichEdit ACBP=A9
 0001:00000C64 0000000E C=CODE     S=.text    G=(none)   M=ExtActns ACBP=A9
 0001:00000C74 0000000E C=CODE     S=.text    G=(none)   M=Registry ACBP=A9
 0001:00000C84 0000000E C=CODE     S=.text    G=(none)   M=IniFiles ACBP=A9
 0001:00000C94 0000000E C=CODE     S=.text    G=(none)   M=ExtDlgs  ACBP=A9
 0001:00000CA4 0000000E C=CODE     S=.text    G=(none)   M=Buttons  ACBP=A9
 0001:00000CB4 0000000E C=CODE     S=.text    G=(none)   M=Mapi     ACBP=A9
 0001:00000CC4 0000000E C=CODE     S=.text    G=(none)   M=ComStrs  ACBP=A9
 0001:00000CD4 00000366 C=CODE     S=.text    G=(none)   M=DB       ACBP=A9
 0001:0000103C 0000000E C=CODE     S=.text    G=(none)   M=FMTBcd   ACBP=A9
 0001:0000104C 0000000E C=CODE     S=.text    G=(none)   M=DBConsts ACBP=A9
 0001:0000105C 0000000E C=CODE     S=.text    G=(none)   M=SqlTimSt ACBP=A9
 0001:0000106C 0000000E C=CODE     S=.text    G=(none)   M=DateUtils ACBP=A9
 0001:0000107C 0000000E C=CODE     S=.text    G=(none)   M=MaskUtils ACBP=A9
 0001:0000108C 0000000E C=CODE     S=.text    G=(none)   M=ComObj   ACBP=A9
 0001:0000109C 0000000E C=CODE     S=.text    G=(none)   M=ComConst ACBP=A9
 0001:000010AC 0000039E C=CODE     S=.text    G=(none)   M=DBClient ACBP=A9
 0001:0000144C 0000000E C=CODE     S=.text    G=(none)   M=Midas    ACBP=A9
 0001:0000145C 0000000E C=CODE     S=.text    G=(none)   M=DBCommon ACBP=A9
 0001:0000146C 0000000E C=CODE     S=.text    G=(none)   M=DSIntf   ACBP=A9
 0001:0000147C 0000000E C=CODE     S=.text    G=(none)   M=MidConst ACBP=A9
 0001:0000148C 00000026 C=CODE     S=.text    G=(none)   M=Provider ACBP=A9
 0001:000014B4 0000000E C=CODE     S=.text    G=(none)   M=DataBkr  ACBP=A9
 0001:000014C4 0000001E C=CODE     S=.text    G=(none)   M=DesignIntf ACBP=A9
 0001:000014E4 0000000E C=CODE     S=.text    G=(none)   M=DesignMenus ACBP=A9
 0001:000014F4 0000000E C=CODE     S=.text    G=(none)   M=DsnDBCst ACBP=A9
 0001:00001504 0000000E C=CODE     S=.text    G=(none)   M=LibHelp  ACBP=A9
 0001:00001514 00000968 C=CODE     S=.text    G=(none)   M=CDSEdit  ACBP=A9
 0001:00001E7C 00000056 C=CODE     S=.text    G=(none)   M=FldLinks ACBP=A9
 0001:00001ED4 000000C6 C=CODE     S=.text    G=(none)   M=DesignEditors ACBP=A9
 0001:00001F9C 0000000E C=CODE     S=.text    G=(none)   M=Proxies  ACBP=A9
 0001:00001FAC 0000000E C=CODE     S=.text    G=(none)   M=DesignConst ACBP=A9
 0001:00001FBC 00000036 C=CODE     S=.text    G=(none)   M=DBReg    ACBP=A9
 0001:00001FF4 0000005E C=CODE     S=.text    G=(none)   M=DSDesign ACBP=A9
 0001:00002054 0000000E C=CODE     S=.text    G=(none)   M=DrpCtrls ACBP=A9
 0001:00002064 0000000E C=CODE     S=.text    G=(none)   M=DesignWindows ACBP=A9
 0001:00002074 0000000E C=CODE     S=.text    G=(none)   M=ComponentDesigner ACBP=A9
 0001:00002084 0000000E C=CODE     S=.text    G=(none)   M=EditIntf ACBP=A9
 0001:00002094 0000000E C=CODE     S=.text    G=(none)   M=VirtIntf ACBP=A9
 0001:000020A4 0000000E C=CODE     S=.text    G=(none)   M=Events   ACBP=A9
 0001:000020B4 0000000E C=CODE     S=.text    G=(none)   M=ToolUtils ACBP=A9
 0001:000020C4 0000000E C=CODE     S=.text    G=(none)   M=ToolsAPI ACBP=A9
 0001:000020D4 0000000E C=CODE     S=.text    G=(none)   M=Update   ACBP=A9
 0001:000020E4 0000000E C=CODE     S=.text    G=(none)   M=LibConst ACBP=A9
 0001:000020F4 0000000E C=CODE     S=.text    G=(none)   M=Designer ACBP=A9
 0001:00002104 0000000E C=CODE     S=.text    G=(none)   M=StFilSys ACBP=A9
 0001:00002114 0000000E C=CODE     S=.text    G=(none)   M=IStreams ACBP=A9
 0001:00002124 0000000E C=CODE     S=.text    G=(none)   M=AxCtrls  ACBP=A9
 0001:00002134 0000000E C=CODE     S=.text    G=(none)   M=StdVCL   ACBP=A9
 0001:00002144 0000000E C=CODE     S=.text    G=(none)   M=TopLevels ACBP=A9
 0001:00002154 000001F6 C=CODE     S=.text    G=(none)   M=TreeIntf ACBP=A9
 0001:0000234C 0000000E C=CODE     S=.text    G=(none)   M=VCLEditors ACBP=A9
 0001:0000235C 0000000E C=CODE     S=.text    G=(none)   M=DBCtrls  ACBP=A9
 0001:0000236C 0000000E C=CODE     S=.text    G=(none)   M=Mask     ACBP=A9
 0001:0000237C 0000000E C=CODE     S=.text    G=(none)   M=VDBConsts ACBP=A9
 0001:0000238C 0000000E C=CODE     S=.text    G=(none)   M=DBPWDlg  ACBP=A9
 0001:0000239C 0000000E C=CODE     S=.text    G=(none)   M=DBLogDlg ACBP=A9
 0001:000023AC 0000000E C=CODE     S=.text    G=(none)   M=DSDefine ACBP=A9
 0001:000023BC 0000000E C=CODE     S=.text    G=(none)   M=DSAdd    ACBP=A9
 0001:000023CC 0000000E C=CODE     S=.text    G=(none)   M=DBGrids  ACBP=A9
 0001:000023DC 00000066 C=CODE     S=.text    G=(none)   M=Grids    ACBP=A9
 0001:00002444 0000000E C=CODE     S=.text    G=(none)   M=DBColnEd ACBP=A9
 0001:00002454 0000000E C=CODE     S=.text    G=(none)   M=ToolWnds ACBP=A9
 0001:00002464 0000000E C=CODE     S=.text    G=(none)   M=ActnPopup ACBP=A9
 0001:00002474 0000000E C=CODE     S=.text    G=(none)   M=ActnCtrls ACBP=A9
 0001:00002484 0000000E C=CODE     S=.text    G=(none)   M=GraphUtil ACBP=A9
 0001:00002494 0000000E C=CODE     S=.text    G=(none)   M=ActnMan  ACBP=A9
 0001:000024A4 0000000E C=CODE     S=.text    G=(none)   M=ActnColorMaps ACBP=A9
 0001:000024B4 0000000E C=CODE     S=.text    G=(none)   M=ActnMenus ACBP=A9
 0001:000024C4 0000000E C=CODE     S=.text    G=(none)   M=ShadowWnd ACBP=A9
 0001:000024D4 00000038 C=CODE     S=.text    G=(none)   M=MMSystem ACBP=A9
 0001:0000250C 0000000E C=CODE     S=.text    G=(none)   M=XPActnCtrls ACBP=A9
 0001:0000251C 0000000E C=CODE     S=.text    G=(none)   M=ColnEdit ACBP=A9
 0001:0000252C 0000000E C=CODE     S=.text    G=(none)   M=DBActRes ACBP=A9
 0001:0000253C 0000002E C=CODE     S=.text    G=(none)   M=DBActns  ACBP=A9
 0001:0000256C 0000000E C=CODE     S=.text    G=(none)   M=DMForm   ACBP=A9
 0001:0000257C 0000011E C=CODE     S=.text    G=(none)   M=DiagramSupport ACBP=A9
 0001:0000269C 0000000E C=CODE     S=.text    G=(none)   M=DiagramViewModels ACBP=A9
 0001:000026AC 0000000E C=CODE     S=.text    G=(none)   M=ModelPrimitives ACBP=A9
 0001:000026BC 0000000E C=CODE     S=.text    G=(none)   M=ModelFactories ACBP=A9
 0001:000026CC 0000000E C=CODE     S=.text    G=(none)   M=ModelDesigner ACBP=A9
 0001:000026DC 0000000E C=CODE     S=.text    G=(none)   M=ModelViews ACBP=A9
 0001:000026EC 0000000E C=CODE     S=.text    G=(none)   M=ModelTypes ACBP=A9
 0001:000026FC 0000000E C=CODE     S=.text    G=(none)   M=ModelClasses ACBP=A9
 0001:0000270C 0000000E C=CODE     S=.text    G=(none)   M=StringScanner ACBP=A9
 0001:0000271C 0000000E C=CODE     S=.text    G=(none)   M=ModelUtils ACBP=A9
 0001:0000272C 0000000E C=CODE     S=.text    G=(none)   M=ModelCaps ACBP=A9
 0001:0000273C 0000000E C=CODE     S=.text    G=(none)   M=ModelControl ACBP=A9
 0001:0000274C 0000000E C=CODE     S=.text    G=(none)   M=EditorViewSupport ACBP=A9
 0001:0000275C 0000005E C=CODE     S=.text    G=(none)   M=DsnDb    ACBP=A9
 0001:000027BC 0000019C C=CODE     S=.text    G=(none)   M=DBClientActnRes ACBP=A9
 0001:00002958 00000FB8 C=CODE     S=.text    G=(none)   M=recerror ACBP=A9
 0001:00003910 00000820 C=CODE     S=.text    G=(none)   M=DBClientActns ACBP=A9
 0001:00004130 0000207C C=CODE     S=.text    G=(none)   M=LMidReg  ACBP=A9
 0001:000061AC 000004AD C=CODE     S=.text    G=(none)   M=dclmid   ACBP=A9
 0002:00000000 00000030 C=DATA     S=.data    G=DGROUP   M=SysInit  ACBP=A9
 0002:00000030 00000029 C=DATA     S=.data    G=DGROUP   M=recerror ACBP=A9
 0002:00001000 00000010 C=BSS      S=.bss     G=DGROUP   M=SysInit  ACBP=A9
 0002:00001010 00000004 C=BSS      S=.bss     G=DGROUP   M=Windows  ACBP=A9
 0002:00001014 00000004 C=BSS      S=.bss     G=DGROUP   M=Messages ACBP=A9
 0002:00001018 00000004 C=BSS      S=.bss     G=DGROUP   M=CommCtrl ACBP=A9
 0002:0000101C 00000004 C=BSS      S=.bss     G=DGROUP   M=Imm      ACBP=A9
 0002:00001020 00000004 C=BSS      S=.bss     G=DGROUP   M=ShlObj   ACBP=A9
 0002:00001024 00000004 C=BSS      S=.bss     G=DGROUP   M=UrlMon   ACBP=A9
 0002:00001028 00000004 C=BSS      S=.bss     G=DGROUP   M=WinInet  ACBP=A9
 0002:0000102C 00000004 C=BSS      S=.bss     G=DGROUP   M=RegStr   ACBP=A9
 0002:00001030 00000004 C=BSS      S=.bss     G=DGROUP   M=ShellAPI ACBP=A9
 0002:00001034 00000004 C=BSS      S=.bss     G=DGROUP   M=WinSpool ACBP=A9
 0002:00001038 00000004 C=BSS      S=.bss     G=DGROUP   M=CommDlg  ACBP=A9
 0002:0000103C 00000004 C=BSS      S=.bss     G=DGROUP   M=Dlgs     ACBP=A9
 0002:00001040 00000004 C=BSS      S=.bss     G=DGROUP   M=RichEdit ACBP=A9
 0002:00001044 00000004 C=BSS      S=.bss     G=DGROUP   M=CDSEdit  ACBP=A9
 0002:00001048 00000004 C=BSS      S=.bss     G=DGROUP   M=MMSystem ACBP=A9
 0002:0000104C 00000008 C=BSS      S=.bss     G=DGROUP   M=DBClientActnRes ACBP=A9
 0002:00001054 00000004 C=BSS      S=.bss     G=DGROUP   M=recerror ACBP=A9
 0002:00001058 00000004 C=BSS      S=.bss     G=DGROUP   M=DBClientActns ACBP=A9
 0002:0000105C 00000004 C=BSS      S=.bss     G=DGROUP   M=LMidReg  ACBP=A9


  Address         Publics by Name

 0002:0000101C       .1
 0002:00001018       .1
 0002:00001014       .1
 0002:00001020       .1
 0002:00001024       .1
 0002:00001028       .1
 0002:00001008       .1
 0002:0000102C       .1
 0002:00001030       .1
 0002:00001038       .1
 0002:0000103C       .1
 0002:00001040       .1
 0002:00001050       .2
 0002:00001044       .2
 0002:0000105C       .21
 0002:00001034       .3
 0002:00001010       .3
 0002:00001054       .4
 0002:00001058       .5
 0002:00001048       .7
 0001:00006634       @GetPackageInfoTable
 0001:000002B0       @InitPkg
 0001:00000314       @PackageLoad
 0001:0000663C       @PackageLoad
 0001:00006648       @PackageUnload
 0001:00000320       @PackageUnload
 0002:00000030       ActionStr
 0001:00003198       AddAction
 0001:000001B0       AllocTlsBuffer
 0002:00000054       BinaryDataTypes
 0001:00001E74       CDSEdit
 0002:0000104C       ClientDatasetActions
 0001:000007B4       CommCtrl
 0001:00000BAC       CommDlg
 0001:00002950       DBClientActnRes
 0001:00004128       DBClientActns
 0001:00006654       dclmid
 0001:00000BE4       Dlgs
 0001:00001770       EditClientDataSet
 0001:0000025C       ExitProcessTLS
 0001:00000234       ExitThreadTLS
 0001:00000B7C       Finalization
 0001:0000091C       Finalization
 0001:000009A4       Finalization
 0001:00006174       Finalization
 0001:000003A4       Finalization
 0001:000009DC       Finalization
 0001:00002920       Finalization
 0001:000040F8       Finalization
 0001:00000A14       Finalization
 0001:000003EC       Finalization
 0001:0000032C       Finalization
 0001:00000A4C       Finalization
 0001:00003854       Finalization
 0001:00000784       Finalization
 0001:00000A84       Finalization
 0001:00000C2C       Finalization
 0001:00001E44       Finalization
 0001:00000B44       Finalization
 0001:000024D4       Finalization
 0001:00000BB4       Finalization
 0001:00000178       FreeLibrary
 0001:00001888       GetLoadFromFileName
 0001:000001BC       GetTlsSize
 0001:00002C6C       HandleReconcileError
 0002:00001004       HInstance
 0001:0000094C       Imm
 0001:00000280       InitializeModule
 0001:00000208       InitProcessTLS
 0001:000001C4       InitThreadTLS
 0001:000061A4       LMidReg
 0001:00001924       LoadFromFile
 0001:00000180       LocalAlloc
 0001:00000188       LocalFree
 0001:0000041C       Messages
 0001:00002504       MMSystem
 0002:00000008       Module
 0002:00001000       ModuleIsLib
 0002:00001001       ModuleIsPackage
 0002:00000004       PtrToNil
 0001:000038FC       recerror
 0001:00005F10       Register
 0001:00000A7C       RegStr
 0001:00000C5C       RichEdit
 0001:0000197C       SaveToFile
 0001:00000AB4       ShellAPI
 0001:000009D4       ShlObj
 0001:0000035C       SysInit
 0001:000052CC       TCDSDesigner.BeginUpdateFieldDefs
 0001:00005320       TCDSDesigner.EndUpdateFieldDefs
 0001:0000533C       TCDSDesigner.SupportsAggregates
 0001:00005340       TCDSDesigner.SupportsInternalCalc
 0001:00005A20       TCDSFieldLinkProperty.Edit
 0001:00005AC4       TCDSFieldLinkProperty.GetIndexFieldNames
 0001:00005AD8       TCDSFieldLinkProperty.GetMasterFields
 0001:00005AEC       TCDSFieldLinkProperty.SetIndexFieldNames
 0001:00005AF8       TCDSFieldLinkProperty.SetMasterFields
 0001:0000591C       TCDSFilenameProperty.Edit
 0001:00005A14       TCDSFilenameProperty.GetAttributes
 0001:00001A94       TClientDataForm.CheckComponent
 0001:00001DF0       TClientDataForm.DataSetListDblClick
 0001:00001E18       TClientDataForm.DataSetListKeyPress
 0001:00001B54       TClientDataForm.Edit
 0001:00001DCC       TClientDataForm.FormCreate
 0001:00001DD8       TClientDataForm.HelpBtnClick
 0001:00001BF4       TClientDataForm.OkBtnClick
 0001:00003DAC       TClientDataSetApply.Create
 0001:00003DEC       TClientDataSetApply.Destroy
 0001:00003E1C       TClientDataSetApply.DoReconcileError
 0001:00003E48       TClientDataSetApply.ExecuteTarget
 0001:00003EFC       TClientDataSetApply.SetDisplayErrorDlg
 0001:00003F3C       TClientDataSetApply.UpdateTarget
 0001:00005400       TClientDataSetEditor.ExecuteVerb
 0001:000053F8       TClientDataSetEditor.GetDSDesignerClass
 0001:000055B8       TClientDataSetEditor.GetVerb
 0001:00005694       TClientDataSetEditor.GetVerbCount
 0001:00005DE8       TClientDataSetIsland.VisibleTreeParent
 0001:00005E14       TClientDataSetMasterDetailBridge.CanEdit
 0001:00005EA0       TClientDataSetMasterDetailBridge.Caption
 0001:00005E18       TClientDataSetMasterDetailBridge.Edit
 0001:00005E80       TClientDataSetMasterDetailBridge.GetOmegaSource
 0001:00005E8C       TClientDataSetMasterDetailBridge.OmegaIslandClass
 0001:00005E94       TClientDataSetMasterDetailBridge.SetOmegaSource
 0001:00003FAC       TClientDataSetRevert.ExecuteTarget
 0001:00003FDC       TClientDataSetRevert.UpdateTarget
 0001:00005B28       TClientDataSetSprig.AnyProblems
 0001:00005B80       TClientDataSetSprig.Caption
 0001:00005BC4       TClientDataSetSprig.DragDropTo
 0001:00005CBC       TClientDataSetSprig.DragOverTo
 0001:00005D0C       TClientDataSetSprig.FigureParent
 0001:00005D90       TClientDataSetSprig.GetDSDesignerClass
 0001:00005D98       TClientDataSetSprig.PaletteOverTo
 0001:00004048       TClientDataSetUndo.ExecuteTarget
 0001:00004080       TClientDataSetUndo.UpdateTarget
 0001:00005B04       TDataSetProviderSprig.ParentProperty
 0001:00005344       TLookupAggIndexProperty.GetValueList
 0001:00000190       TlsAlloc
 0002:0000100C       tlsBuffer
 0001:00000198       TlsFree
 0001:000001A0       TlsGetValue
 0002:00000000       TlsIndex
 0002:AFF28000       TlsLast
 0002:00000020       TlsProc
 0001:000001A8       TlsSetValue
 0001:000057B0       TProviderNameProperty.GetAttributes
 0001:000057D0       TProviderNameProperty.GetValues
 0001:000040C8       TReconcileActionLink.DataEvent
 0001:00003594       TReconcileErrorForm.AdjustColumnWidths
 0001:00002DFC       TReconcileErrorForm.CreateForm
 0001:00003218       TReconcileErrorForm.DisplayFieldValues
 0001:000035DC       TReconcileErrorForm.FormCreate
 0001:00003754       TReconcileErrorForm.FormDestroy
 0001:00002E58       TReconcileErrorForm.InitDataFields
 0001:000031C4       TReconcileErrorForm.InitReconcileActions
 0001:00003030       TReconcileErrorForm.InitUpdateData
 0001:0000350C       TReconcileErrorForm.SetFieldValues
 0001:000037E0       TReconcileErrorForm.UpdateDataSelectCell
 0001:0000379C       TReconcileErrorForm.UpdateDataSetEditText
 0001:0000028C       UninitializeModule
 0002:00000048       UpdateKindStr
 0001:00000A0C       UrlMon
 0001:00002D00       VarToString
 0001:000003D4       Windows
 0001:00000A44       WinInet
 0001:00000B74       WinSpool


  Address         Publics by Value

 0002:AFF28000       TlsLast
 0001:00000178       FreeLibrary
 0001:00000180       LocalAlloc
 0001:00000188       LocalFree
 0001:00000190       TlsAlloc
 0001:00000198       TlsFree
 0001:000001A0       TlsGetValue
 0001:000001A8       TlsSetValue
 0001:000001B0       AllocTlsBuffer
 0001:000001BC       GetTlsSize
 0001:000001C4       InitThreadTLS
 0001:00000208       InitProcessTLS
 0001:00000234       ExitThreadTLS
 0001:0000025C       ExitProcessTLS
 0001:00000280       InitializeModule
 0001:0000028C       UninitializeModule
 0001:000002B0       @InitPkg
 0001:00000314       @PackageLoad
 0001:00000320       @PackageUnload
 0001:0000032C       Finalization
 0001:0000035C       SysInit
 0001:000003A4       Finalization
 0001:000003D4       Windows
 0001:000003EC       Finalization
 0001:0000041C       Messages
 0001:00000784       Finalization
 0001:000007B4       CommCtrl
 0001:0000091C       Finalization
 0001:0000094C       Imm
 0001:000009A4       Finalization
 0001:000009D4       ShlObj
 0001:000009DC       Finalization
 0001:00000A0C       UrlMon
 0001:00000A14       Finalization
 0001:00000A44       WinInet
 0001:00000A4C       Finalization
 0001:00000A7C       RegStr
 0001:00000A84       Finalization
 0001:00000AB4       ShellAPI
 0001:00000B44       Finalization
 0001:00000B74       WinSpool
 0001:00000B7C       Finalization
 0001:00000BAC       CommDlg
 0001:00000BB4       Finalization
 0001:00000BE4       Dlgs
 0001:00000C2C       Finalization
 0001:00000C5C       RichEdit
 0001:00001770       EditClientDataSet
 0001:00001888       GetLoadFromFileName
 0001:00001924       LoadFromFile
 0001:0000197C       SaveToFile
 0001:00001A94       TClientDataForm.CheckComponent
 0001:00001B54       TClientDataForm.Edit
 0001:00001BF4       TClientDataForm.OkBtnClick
 0001:00001DCC       TClientDataForm.FormCreate
 0001:00001DD8       TClientDataForm.HelpBtnClick
 0001:00001DF0       TClientDataForm.DataSetListDblClick
 0001:00001E18       TClientDataForm.DataSetListKeyPress
 0001:00001E44       Finalization
 0001:00001E74       CDSEdit
 0001:000024D4       Finalization
 0001:00002504       MMSystem
 0001:00002920       Finalization
 0001:00002950       DBClientActnRes
 0001:00002C6C       HandleReconcileError
 0001:00002D00       VarToString
 0001:00002DFC       TReconcileErrorForm.CreateForm
 0001:00002E58       TReconcileErrorForm.InitDataFields
 0001:00003030       TReconcileErrorForm.InitUpdateData
 0001:00003198       AddAction
 0001:000031C4       TReconcileErrorForm.InitReconcileActions
 0001:00003218       TReconcileErrorForm.DisplayFieldValues
 0001:0000350C       TReconcileErrorForm.SetFieldValues
 0001:00003594       TReconcileErrorForm.AdjustColumnWidths
 0001:000035DC       TReconcileErrorForm.FormCreate
 0001:00003754       TReconcileErrorForm.FormDestroy
 0001:0000379C       TReconcileErrorForm.UpdateDataSetEditText
 0001:000037E0       TReconcileErrorForm.UpdateDataSelectCell
 0001:00003854       Finalization
 0001:000038FC       recerror
 0001:00003DAC       TClientDataSetApply.Create
 0001:00003DEC       TClientDataSetApply.Destroy
 0001:00003E1C       TClientDataSetApply.DoReconcileError
 0001:00003E48       TClientDataSetApply.ExecuteTarget
 0001:00003EFC       TClientDataSetApply.SetDisplayErrorDlg
 0001:00003F3C       TClientDataSetApply.UpdateTarget
 0001:00003FAC       TClientDataSetRevert.ExecuteTarget
 0001:00003FDC       TClientDataSetRevert.UpdateTarget
 0001:00004048       TClientDataSetUndo.ExecuteTarget
 0001:00004080       TClientDataSetUndo.UpdateTarget
 0001:000040C8       TReconcileActionLink.DataEvent
 0001:000040F8       Finalization
 0001:00004128       DBClientActns
 0001:000052CC       TCDSDesigner.BeginUpdateFieldDefs
 0001:00005320       TCDSDesigner.EndUpdateFieldDefs
 0001:0000533C       TCDSDesigner.SupportsAggregates
 0001:00005340       TCDSDesigner.SupportsInternalCalc
 0001:00005344       TLookupAggIndexProperty.GetValueList
 0001:000053F8       TClientDataSetEditor.GetDSDesignerClass
 0001:00005400       TClientDataSetEditor.ExecuteVerb
 0001:000055B8       TClientDataSetEditor.GetVerb
 0001:00005694       TClientDataSetEditor.GetVerbCount
 0001:000057B0       TProviderNameProperty.GetAttributes
 0001:000057D0       TProviderNameProperty.GetValues
 0001:0000591C       TCDSFilenameProperty.Edit
 0001:00005A14       TCDSFilenameProperty.GetAttributes
 0001:00005A20       TCDSFieldLinkProperty.Edit
 0001:00005AC4       TCDSFieldLinkProperty.GetIndexFieldNames
 0001:00005AD8       TCDSFieldLinkProperty.GetMasterFields
 0001:00005AEC       TCDSFieldLinkProperty.SetIndexFieldNames
 0001:00005AF8       TCDSFieldLinkProperty.SetMasterFields
 0001:00005B04       TDataSetProviderSprig.ParentProperty
 0001:00005B28       TClientDataSetSprig.AnyProblems
 0001:00005B80       TClientDataSetSprig.Caption
 0001:00005BC4       TClientDataSetSprig.DragDropTo
 0001:00005CBC       TClientDataSetSprig.DragOverTo
 0001:00005D0C       TClientDataSetSprig.FigureParent
 0001:00005D90       TClientDataSetSprig.GetDSDesignerClass
 0001:00005D98       TClientDataSetSprig.PaletteOverTo
 0001:00005DE8       TClientDataSetIsland.VisibleTreeParent
 0001:00005E14       TClientDataSetMasterDetailBridge.CanEdit
 0001:00005E18       TClientDataSetMasterDetailBridge.Edit
 0001:00005E80       TClientDataSetMasterDetailBridge.GetOmegaSource
 0001:00005E8C       TClientDataSetMasterDetailBridge.OmegaIslandClass
 0001:00005E94       TClientDataSetMasterDetailBridge.SetOmegaSource
 0001:00005EA0       TClientDataSetMasterDetailBridge.Caption
 0001:00005F10       Register
 0001:00006174       Finalization
 0001:000061A4       LMidReg
 0001:00006634       @GetPackageInfoTable
 0001:0000663C       @PackageLoad
 0001:00006648       @PackageUnload
 0001:00006654       dclmid
 0002:00000000       TlsIndex
 0002:00000004       PtrToNil
 0002:00000008       Module
 0002:00000020       TlsProc
 0002:00000030       ActionStr
 0002:00000048       UpdateKindStr
 0002:00000054       BinaryDataTypes
 0002:00001000       ModuleIsLib
 0002:00001001       ModuleIsPackage
 0002:00001004       HInstance
 0002:00001008       .1
 0002:0000100C       tlsBuffer
 0002:00001010       .3
 0002:00001014       .1
 0002:00001018       .1
 0002:0000101C       .1
 0002:00001020       .1
 0002:00001024       .1
 0002:00001028       .1
 0002:0000102C       .1
 0002:00001030       .1
 0002:00001034       .3
 0002:00001038       .1
 0002:0000103C       .1
 0002:00001040       .1
 0002:00001044       .2
 0002:00001048       .7
 0002:0000104C       ClientDatasetActions
 0002:00001050       .2
 0002:00001054       .4
 0002:00001058       .5
 0002:0000105C       .21


Bound resource files

c:\tp\db\CDSEdit.dfm
c:\tp\db\DBClientActnRes.dfm
c:\tp\db\recerror.dfm
dclmid.res
c:\tp\db\midreg.dcr
C:\DOCUME~1\~KOKOP~1\LOCALS~1\Temp\dtf2804.tmp


Program entry point at 0001:00006654
