
 Start         Length     Name                   Class
 0001:00000000 0001DC8CH .text                   CODE
 0002:00000000 00000498H .data                   DATA
 0002:00000498 000000FDH .bss                    BSS


Detailed map of segments

 0001:00000000 00000266 C=CODE     S=.text    G=(none)   M=System   ACBP=A9
 0001:00000268 000001EC C=CODE     S=.text    G=(none)   M=SysInit  ACBP=A9
 0001:00000454 00000060 C=CODE     S=.text    G=(none)   M=Windows  ACBP=A9
 0001:000004B4 0000000E C=CODE     S=.text    G=(none)   M=Types    ACBP=A9
 0001:000004C4 000000A6 C=CODE     S=.text    G=(none)   M=SysUtils ACBP=A9
 0001:0000056C 0000000E C=CODE     S=.text    G=(none)   M=SysConst ACBP=A9
 0001:0000057C 000000B6 C=CODE     S=.text    G=(none)   M=Classes  ACBP=A9
 0001:00000634 0000003E C=CODE     S=.text    G=(none)   M=ActiveX  ACBP=A9
 0001:00000674 00000038 C=CODE     S=.text    G=(none)   M=Messages ACBP=A9
 0001:000006AC 0000002E C=CODE     S=.text    G=(none)   M=TypInfo  ACBP=A9
 0001:000006DC 00000016 C=CODE     S=.text    G=(none)   M=Variants ACBP=A9
 0001:000006F4 0000000E C=CODE     S=.text    G=(none)   M=VarUtils ACBP=A9
 0001:00000704 0000000E C=CODE     S=.text    G=(none)   M=RTLConsts ACBP=A9
 0001:00000714 00000016 C=CODE     S=.text    G=(none)   M=Dialogs  ACBP=A9
 0001:0000072C 00000038 C=CODE     S=.text    G=(none)   M=ShlObj   ACBP=A9
 0001:00000764 00000038 C=CODE     S=.text    G=(none)   M=UrlMon   ACBP=A9
 0001:0000079C 00000038 C=CODE     S=.text    G=(none)   M=WinInet  ACBP=A9
 0001:000007D4 00000038 C=CODE     S=.text    G=(none)   M=RegStr   ACBP=A9
 0001:0000080C 00000038 C=CODE     S=.text    G=(none)   M=ShellAPI ACBP=A9
 0001:00000844 00000038 C=CODE     S=.text    G=(none)   M=CommCtrl ACBP=A9
 0001:0000087C 00000036 C=CODE     S=.text    G=(none)   M=StdCtrls ACBP=A9
 0001:000008B4 0000000E C=CODE     S=.text    G=(none)   M=ActnList ACBP=A9
 0001:000008C4 0000005E C=CODE     S=.text    G=(none)   M=Contnrs  ACBP=A9
 0001:00000924 0000000E C=CODE     S=.text    G=(none)   M=Math     ACBP=A9
 0001:00000934 0000000E C=CODE     S=.text    G=(none)   M=ImgList  ACBP=A9
 0001:00000944 0000000E C=CODE     S=.text    G=(none)   M=Graphics ACBP=A9
 0001:00000954 0000000E C=CODE     S=.text    G=(none)   M=Consts   ACBP=A9
 0001:00000964 0000017E C=CODE     S=.text    G=(none)   M=Forms    ACBP=A9
 0001:00000AE4 0000000E C=CODE     S=.text    G=(none)   M=HelpIntfs ACBP=A9
 0001:00000AF4 0000000E C=CODE     S=.text    G=(none)   M=MultiMon ACBP=A9
 0001:00000B04 00000156 C=CODE     S=.text    G=(none)   M=Controls ACBP=A9
 0001:00000C5C 00000038 C=CODE     S=.text    G=(none)   M=Imm      ACBP=A9
 0001:00000C94 0000000E C=CODE     S=.text    G=(none)   M=Menus    ACBP=A9
 0001:00000CA4 0000000E C=CODE     S=.text    G=(none)   M=Themes   ACBP=A9
 0001:00000CB4 0000000E C=CODE     S=.text    G=(none)   M=UxTheme  ACBP=A9
 0001:00000CC4 0000000E C=CODE     S=.text    G=(none)   M=SyncObjs ACBP=A9
 0001:00000CD4 0000003E C=CODE     S=.text    G=(none)   M=ComCtrls ACBP=A9
 0001:00000D14 0000000E C=CODE     S=.text    G=(none)   M=ListActns ACBP=A9
 0001:00000D24 0000000E C=CODE     S=.text    G=(none)   M=ExtCtrls ACBP=A9
 0001:00000D34 0000000E C=CODE     S=.text    G=(none)   M=WinHelpViewer ACBP=A9
 0001:00000D44 0000000E C=CODE     S=.text    G=(none)   M=StdActns ACBP=A9
 0001:00000D54 0000000E C=CODE     S=.text    G=(none)   M=Printers ACBP=A9
 0001:00000D64 00000038 C=CODE     S=.text    G=(none)   M=WinSpool ACBP=A9
 0001:00000D9C 00000038 C=CODE     S=.text    G=(none)   M=CommDlg  ACBP=A9
 0001:00000DD4 00000038 C=CODE     S=.text    G=(none)   M=Dlgs     ACBP=A9
 0001:00000E0C 0000000E C=CODE     S=.text    G=(none)   M=StrUtils ACBP=A9
 0001:00000E1C 0000000E C=CODE     S=.text    G=(none)   M=Clipbrd  ACBP=A9
 0001:00000E2C 0000000E C=CODE     S=.text    G=(none)   M=FlatSB   ACBP=A9
 0001:00000E3C 0000000E C=CODE     S=.text    G=(none)   M=ToolWin  ACBP=A9
 0001:00000E4C 00000038 C=CODE     S=.text    G=(none)   M=RichEdit ACBP=A9
 0001:00000E84 0000000E C=CODE     S=.text    G=(none)   M=ExtActns ACBP=A9
 0001:00000E94 00000046 C=CODE     S=.text    G=(none)   M=Registry ACBP=A9
 0001:00000EDC 0000000E C=CODE     S=.text    G=(none)   M=IniFiles ACBP=A9
 0001:00000EEC 0000000E C=CODE     S=.text    G=(none)   M=ExtDlgs  ACBP=A9
 0001:00000EFC 0000000E C=CODE     S=.text    G=(none)   M=Buttons  ACBP=A9
 0001:00000F0C 0000000E C=CODE     S=.text    G=(none)   M=Mapi     ACBP=A9
 0001:00000F1C 0000000E C=CODE     S=.text    G=(none)   M=ComStrs  ACBP=A9
 0001:00000F2C 00000036 C=CODE     S=.text    G=(none)   M=ToolsAPI ACBP=A9
 0001:00000F64 00000026 C=CODE     S=.text    G=(none)   M=DesignIntf ACBP=A9
 0001:00000F8C 0000000E C=CODE     S=.text    G=(none)   M=DesignMenus ACBP=A9
 0001:00000F9C 0000000E C=CODE     S=.text    G=(none)   M=WebSess  ACBP=A9
 0001:00000FAC 0000000E C=CODE     S=.text    G=(none)   M=WebDisp  ACBP=A9
 0001:00000FBC 0000000E C=CODE     S=.text    G=(none)   M=SiteComp ACBP=A9
 0001:00000FCC 0000001E C=CODE     S=.text    G=(none)   M=WebCntxt ACBP=A9
 0001:00000FEC 00000046 C=CODE     S=.text    G=(none)   M=HTTPApp  ACBP=A9
 0001:00001034 0000000E C=CODE     S=.text    G=(none)   M=Masks    ACBP=A9
 0001:00001044 0000000E C=CODE     S=.text    G=(none)   M=BrkrConst ACBP=A9
 0001:00001054 0000000E C=CODE     S=.text    G=(none)   M=WebConst ACBP=A9
 0001:00001064 0000000E C=CODE     S=.text    G=(none)   M=HTTPProd ACBP=A9
 0001:00001074 0000000E C=CODE     S=.text    G=(none)   M=CopyPrsr ACBP=A9
 0001:00001084 0000000E C=CODE     S=.text    G=(none)   M=WebContnrs ACBP=A9
 0001:00001094 0000002E C=CODE     S=.text    G=(none)   M=WebComp  ACBP=A9
 0001:000010C4 0000000E C=CODE     S=.text    G=(none)   M=WbmConst ACBP=A9
 0001:000010D4 0000000E C=CODE     S=.text    G=(none)   M=SiteConst ACBP=A9
 0001:000010E4 0000000E C=CODE     S=.text    G=(none)   M=AdaptReq ACBP=A9
 0001:000010F4 0000000E C=CODE     S=.text    G=(none)   M=SessColn ACBP=A9
 0001:00001104 0000000E C=CODE     S=.text    G=(none)   M=DateUtils ACBP=A9
 0001:00001114 0000004E C=CODE     S=.text    G=(none)   M=WebScript ACBP=A9
 0001:00001164 0000000E C=CODE     S=.text    G=(none)   M=WebSnapObjs ACBP=A9
 0001:00001174 0000000E C=CODE     S=.text    G=(none)   M=ObjComAuto ACBP=A9
 0001:00001184 0000000E C=CODE     S=.text    G=(none)   M=ObjAuto  ACBP=A9
 0001:00001194 0000002E C=CODE     S=.text    G=(none)   M=ComObj   ACBP=A9
 0001:000011C4 0000000E C=CODE     S=.text    G=(none)   M=ComConst ACBP=A9
 0001:000011D4 0000000E C=CODE     S=.text    G=(none)   M=WebAuto  ACBP=A9
 0001:000011E4 00000026 C=CODE     S=.text    G=(none)   M=WebScriptAS ACBP=A9
 0001:0000120C 0000000E C=CODE     S=.text    G=(none)   M=AutoAdap ACBP=A9
 0001:0000121C 0000000E C=CODE     S=.text    G=(none)   M=AscrLib  ACBP=A9
 0001:0000122C 0000000E C=CODE     S=.text    G=(none)   M=StdVCL   ACBP=A9
 0001:0000123C 0000000E C=CODE     S=.text    G=(none)   M=AutoAdapAS ACBP=A9
 0001:0000124C 0000000E C=CODE     S=.text    G=(none)   M=WebAdapt ACBP=A9
 0001:0000125C 0000000E C=CODE     S=.text    G=(none)   M=DB       ACBP=A9
 0001:0000126C 0000000E C=CODE     S=.text    G=(none)   M=FMTBcd   ACBP=A9
 0001:0000127C 0000000E C=CODE     S=.text    G=(none)   M=DBConsts ACBP=A9
 0001:0000128C 0000000E C=CODE     S=.text    G=(none)   M=SqlTimSt ACBP=A9
 0001:0000129C 0000000E C=CODE     S=.text    G=(none)   M=MaskUtils ACBP=A9
 0001:000012AC 0000001E C=CODE     S=.text    G=(none)   M=MidItems ACBP=A9
 0001:000012CC 0000000E C=CODE     S=.text    G=(none)   M=MidComp  ACBP=A9
 0001:000012DC 00000016 C=CODE     S=.text    G=(none)   M=MidProd  ACBP=A9
 0001:000012F4 0000000E C=CODE     S=.text    G=(none)   M=CompProd ACBP=A9
 0001:00001304 00000016 C=CODE     S=.text    G=(none)   M=XMLBrokr ACBP=A9
 0001:0000131C 0000000E C=CODE     S=.text    G=(none)   M=AutoDisp ACBP=A9
 0001:0000132C 0000000E C=CODE     S=.text    G=(none)   M=Midas    ACBP=A9
 0001:0000133C 0000000E C=CODE     S=.text    G=(none)   M=Provider ACBP=A9
 0001:0000134C 0000000E C=CODE     S=.text    G=(none)   M=DSIntf   ACBP=A9
 0001:0000135C 0000000E C=CODE     S=.text    G=(none)   M=DBCommon ACBP=A9
 0001:0000136C 0000000E C=CODE     S=.text    G=(none)   M=MidConst ACBP=A9
 0001:0000137C 0000000E C=CODE     S=.text    G=(none)   M=DBClient ACBP=A9
 0001:0000138C 0000000E C=CODE     S=.text    G=(none)   M=DataBkr  ACBP=A9
 0001:0000139C 0000000E C=CODE     S=.text    G=(none)   M=DBWeb    ACBP=A9
 0001:000013AC 0000000E C=CODE     S=.text    G=(none)   M=PagItems ACBP=A9
 0001:000013BC 0000000E C=CODE     S=.text    G=(none)   M=ScrptMgr ACBP=A9
 0001:000013CC 00000136 C=CODE     S=.text    G=(none)   M=DesignEditors ACBP=A9
 0001:00001504 0000000E C=CODE     S=.text    G=(none)   M=Proxies  ACBP=A9
 0001:00001514 0000000E C=CODE     S=.text    G=(none)   M=DesignConst ACBP=A9
 0001:00001524 0000000E C=CODE     S=.text    G=(none)   M=WebFact  ACBP=A9
 0001:00001534 000014ED C=CODE     S=.text    G=(none)   M=ProdTemplateReg ACBP=A9
 0001:00002A24 00001514 C=CODE     S=.text    G=(none)   M=NwPageFrame ACBP=A9
 0001:00003F38 00000638 C=CODE     S=.text    G=(none)   M=NwWebPageMod ACBP=A9
 0001:00004570 00000380 C=CODE     S=.text    G=(none)   M=NwWebDataMod ACBP=A9
 0001:000048F0 0000000E C=CODE     S=.text    G=(none)   M=WebUsers ACBP=A9
 0001:00004900 00000016 C=CODE     S=.text    G=(none)   M=InetSource ACBP=A9
 0001:00004918 0000000E C=CODE     S=.text    G=(none)   M=ExpertFilter ACBP=A9
 0001:00004928 0000002E C=CODE     S=.text    G=(none)   M=InetWiz  ACBP=A9
 0001:00004958 0000000E C=CODE     S=.text    G=(none)   M=VirtIntf ACBP=A9
 0001:00004968 0000000E C=CODE     S=.text    G=(none)   M=ExptIntf ACBP=A9
 0001:00004978 0000000E C=CODE     S=.text    G=(none)   M=ToolIntf ACBP=A9
 0001:00004988 0000000E C=CODE     S=.text    G=(none)   M=FileIntf ACBP=A9
 0001:00004998 0000000E C=CODE     S=.text    G=(none)   M=EditIntf ACBP=A9
 0001:000049A8 0000000E C=CODE     S=.text    G=(none)   M=IStreams ACBP=A9
 0001:000049B8 0000000E C=CODE     S=.text    G=(none)   M=AxCtrls  ACBP=A9
 0001:000049C8 0000000E C=CODE     S=.text    G=(none)   M=DMForm   ACBP=A9
 0001:000049D8 0000000E C=CODE     S=.text    G=(none)   M=VCLEditors ACBP=A9
 0001:000049E8 00000016 C=CODE     S=.text    G=(none)   M=ComponentDesigner ACBP=A9
 0001:00004A00 0000000E C=CODE     S=.text    G=(none)   M=Events   ACBP=A9
 0001:00004A10 0000000E C=CODE     S=.text    G=(none)   M=ToolUtils ACBP=A9
 0001:00004A20 0000000E C=CODE     S=.text    G=(none)   M=Update   ACBP=A9
 0001:00004A30 0000000E C=CODE     S=.text    G=(none)   M=LibConst ACBP=A9
 0001:00004A40 0000000E C=CODE     S=.text    G=(none)   M=Designer ACBP=A9
 0001:00004A50 0000000E C=CODE     S=.text    G=(none)   M=StFilSys ACBP=A9
 0001:00004A60 0000000E C=CODE     S=.text    G=(none)   M=TopLevels ACBP=A9
 0001:00004A70 0000022E C=CODE     S=.text    G=(none)   M=TreeIntf ACBP=A9
 0001:00004CA0 0000000E C=CODE     S=.text    G=(none)   M=NwWebSrv ACBP=A9
 0001:00004CB0 0000000E C=CODE     S=.text    G=(none)   M=NetConst ACBP=A9
 0001:00004CC0 0000000E C=CODE     S=.text    G=(none)   M=LibHelp  ACBP=A9
 0001:00004CD0 00000016 C=CODE     S=.text    G=(none)   M=ColnEdit ACBP=A9
 0001:00004CE8 0000000E C=CODE     S=.text    G=(none)   M=ActnPopup ACBP=A9
 0001:00004CF8 0000000E C=CODE     S=.text    G=(none)   M=ActnCtrls ACBP=A9
 0001:00004D08 0000000E C=CODE     S=.text    G=(none)   M=GraphUtil ACBP=A9
 0001:00004D18 0000000E C=CODE     S=.text    G=(none)   M=ActnMan  ACBP=A9
 0001:00004D28 0000000E C=CODE     S=.text    G=(none)   M=ActnColorMaps ACBP=A9
 0001:00004D38 0000000E C=CODE     S=.text    G=(none)   M=ActnMenus ACBP=A9
 0001:00004D48 0000000E C=CODE     S=.text    G=(none)   M=ShadowWnd ACBP=A9
 0001:00004D58 00000038 C=CODE     S=.text    G=(none)   M=MMSystem ACBP=A9
 0001:00004D90 0000000E C=CODE     S=.text    G=(none)   M=XPActnCtrls ACBP=A9
 0001:00004DA0 0000000E C=CODE     S=.text    G=(none)   M=ToolWnds ACBP=A9
 0001:00004DB0 0000000E C=CODE     S=.text    G=(none)   M=DesignWindows ACBP=A9
 0001:00004DC0 0000000E C=CODE     S=.text    G=(none)   M=HtColEdt ACBP=A9
 0001:00004DD0 0000000E C=CODE     S=.text    G=(none)   M=MSHTML   ACBP=A9
 0001:00004DE0 0000000E C=CODE     S=.text    G=(none)   M=OleCtrls ACBP=A9
 0001:00004DF0 0000000E C=CODE     S=.text    G=(none)   M=OleConst ACBP=A9
 0001:00004E00 0000000E C=CODE     S=.text    G=(none)   M=OleServer ACBP=A9
 0001:00004E10 0000000E C=CODE     S=.text    G=(none)   M=SHDocVw  ACBP=A9
 0001:00004E20 0000000E C=CODE     S=.text    G=(none)   M=HostIE   ACBP=A9
 0001:00004E30 0000000E C=CODE     S=.text    G=(none)   M=IDocIntf ACBP=A9
 0001:00004E40 000003D4 C=CODE     S=.text    G=(none)   M=NwAppPage ACBP=A9
 0001:00005214 0000000E C=CODE     S=.text    G=(none)   M=WebModu  ACBP=A9
 0001:00005224 0000018F C=CODE     S=.text    G=(none)   M=WSvcReg  ACBP=A9
 0001:000053B4 000009D0 C=CODE     S=.text    G=(none)   M=NwAppServices ACBP=A9
 0001:00005D84 00000F0C C=CODE     S=.text    G=(none)   M=NwSiteSrv ACBP=A9
 0001:00006C90 0000001E C=CODE     S=.text    G=(none)   M=SiteProd ACBP=A9
 0001:00006CB0 00000016 C=CODE     S=.text    G=(none)   M=WebForm  ACBP=A9
 0001:00006CC8 0000000E C=CODE     S=.text    G=(none)   M=DSProd   ACBP=A9
 0001:00006CD8 00000836 C=CODE     S=.text    G=(none)   M=WProdReg ACBP=A9
 0001:00007510 0000870C C=CODE     S=.text    G=(none)   M=SiteWiz  ACBP=A9
 0001:0000FC1C 00000D99 C=CODE     S=.text    G=(none)   M=DsgnCntxt ACBP=A9
 0001:000109B8 00000480 C=CODE     S=.text    G=(none)   M=InetFileTypeReg ACBP=A9
 0001:00010E38 0000000E C=CODE     S=.text    G=(none)   M=SItemEdtW ACBP=A9
 0001:00010E48 000000AE C=CODE     S=.text    G=(none)   M=WCmpEdit ACBP=A9
 0001:00010EF8 0000000E C=CODE     S=.text    G=(none)   M=AddWComp ACBP=A9
 0001:00010F08 0000000E C=CODE     S=.text    G=(none)   M=DsnConst ACBP=A9
 0001:00010F18 0000000E C=CODE     S=.text    G=(none)   M=StdConst ACBP=A9
 0001:00010F28 0000000E C=CODE     S=.text    G=(none)   M=WItemEdtW ACBP=A9
 0001:00010F38 0000000E C=CODE     S=.text    G=(none)   M=WItemEdt ACBP=A9
 0001:00010F48 0000000E C=CODE     S=.text    G=(none)   M=SItemEdt ACBP=A9
 0001:00010F58 0000000E C=CODE     S=.text    G=(none)   M=DBAdapt  ACBP=A9
 0001:00010F68 00000016 C=CODE     S=.text    G=(none)   M=AddWFld  ACBP=A9
 0001:00010F80 0000000E C=CODE     S=.text    G=(none)   M=WbmDCnst ACBP=A9
 0001:00010F90 000035C8 C=CODE     S=.text    G=(none)   M=SiteEdit ACBP=A9
 0001:00014558 0000000E C=CODE     S=.text    G=(none)   M=DsnDb    ACBP=A9
 0001:00014568 0000000E C=CODE     S=.text    G=(none)   M=DiagramSupport ACBP=A9
 0001:00014578 0000000E C=CODE     S=.text    G=(none)   M=DiagramViewModels ACBP=A9
 0001:00014588 0000000E C=CODE     S=.text    G=(none)   M=ModelPrimitives ACBP=A9
 0001:00014598 0000000E C=CODE     S=.text    G=(none)   M=ModelFactories ACBP=A9
 0001:000145A8 0000000E C=CODE     S=.text    G=(none)   M=ModelDesigner ACBP=A9
 0001:000145B8 0000000E C=CODE     S=.text    G=(none)   M=ModelViews ACBP=A9
 0001:000145C8 0000000E C=CODE     S=.text    G=(none)   M=ModelTypes ACBP=A9
 0001:000145D8 0000000E C=CODE     S=.text    G=(none)   M=ModelClasses ACBP=A9
 0001:000145E8 0000000E C=CODE     S=.text    G=(none)   M=StringScanner ACBP=A9
 0001:000145F8 0000000E C=CODE     S=.text    G=(none)   M=ModelUtils ACBP=A9
 0001:00014608 0000000E C=CODE     S=.text    G=(none)   M=ModelCaps ACBP=A9
 0001:00014618 0000000E C=CODE     S=.text    G=(none)   M=ModelControl ACBP=A9
 0001:00014628 0000000E C=CODE     S=.text    G=(none)   M=EditorViewSupport ACBP=A9
 0001:00014638 0000000E C=CODE     S=.text    G=(none)   M=DSDefine ACBP=A9
 0001:00014648 0000000E C=CODE     S=.text    G=(none)   M=DSDesign ACBP=A9
 0001:00014658 0000000E C=CODE     S=.text    G=(none)   M=DrpCtrls ACBP=A9
 0001:00014668 0000000E C=CODE     S=.text    G=(none)   M=DsnDBCst ACBP=A9
 0001:00014678 0000000E C=CODE     S=.text    G=(none)   M=DBCtrls  ACBP=A9
 0001:00014688 0000000E C=CODE     S=.text    G=(none)   M=Mask     ACBP=A9
 0001:00014698 0000000E C=CODE     S=.text    G=(none)   M=VDBConsts ACBP=A9
 0001:000146A8 0000000E C=CODE     S=.text    G=(none)   M=DBPWDlg  ACBP=A9
 0001:000146B8 0000000E C=CODE     S=.text    G=(none)   M=DBLogDlg ACBP=A9
 0001:000146C8 0000000E C=CODE     S=.text    G=(none)   M=DSAdd    ACBP=A9
 0001:000146D8 0000000E C=CODE     S=.text    G=(none)   M=DBGrids  ACBP=A9
 0001:000146E8 0000000E C=CODE     S=.text    G=(none)   M=Grids    ACBP=A9
 0001:000146F8 0000371C C=CODE     S=.text    G=(none)   M=WebSprig ACBP=A9
 0001:00017E14 0000000E C=CODE     S=.text    G=(none)   M=DBAdaptImg ACBP=A9
 0001:00017E24 0000000E C=CODE     S=.text    G=(none)   M=jpeg     ACBP=A9
 0001:00017E34 0000000E C=CODE     S=.text    G=(none)   M=JConsts  ACBP=A9
 0001:00017E44 00000026 C=CODE     S=.text    G=(none)   M=InetReg  ACBP=A9
 0001:00017E6C 0000000E C=CODE     S=.text    G=(none)   M=StrEdit  ACBP=A9
 0001:00017E7C 0000000E C=CODE     S=.text    G=(none)   M=ValueEdit ACBP=A9
 0001:00017E8C 0000000E C=CODE     S=.text    G=(none)   M=ValEdit  ACBP=A9
 0001:00017E9C 0000000E C=CODE     S=.text    G=(none)   M=StringsEdit ACBP=A9
 0001:00017EAC 0000000E C=CODE     S=.text    G=(none)   M=XMLBindExpert ACBP=A9
 0001:00017EBC 0000000E C=CODE     S=.text    G=(none)   M=XMLBindPasGen ACBP=A9
 0001:00017ECC 0000000E C=CODE     S=.text    G=(none)   M=XMLBindMgr ACBP=A9
 0001:00017EDC 0000000E C=CODE     S=.text    G=(none)   M=xmldom   ACBP=A9
 0001:00017EEC 0000000E C=CODE     S=.text    G=(none)   M=XMLConst ACBP=A9
 0001:00017EFC 0000000E C=CODE     S=.text    G=(none)   M=msxmldom ACBP=A9
 0001:00017F0C 0000000E C=CODE     S=.text    G=(none)   M=msxml    ACBP=A9
 0001:00017F1C 0000000E C=CODE     S=.text    G=(none)   M=XMLIntf  ACBP=A9
 0001:00017F2C 0000000E C=CODE     S=.text    G=(none)   M=XMLDoc   ACBP=A9
 0001:00017F3C 0000000E C=CODE     S=.text    G=(none)   M=XMLSchema ACBP=A9
 0001:00017F4C 0000000E C=CODE     S=.text    G=(none)   M=XMLSchemaTags ACBP=A9
 0001:00017F5C 0000000E C=CODE     S=.text    G=(none)   M=XMLBindCppGen ACBP=A9
 0001:00017F6C 0000000E C=CODE     S=.text    G=(none)   M=XMLBindConst ACBP=A9
 0001:00017F7C 0000000E C=CODE     S=.text    G=(none)   M=XMLBindForm ACBP=A9
 0001:00017F8C 0000000E C=CODE     S=.text    G=(none)   M=XDRSchema ACBP=A9
 0001:00017F9C 0000000E C=CODE     S=.text    G=(none)   M=XMLDataToSchema ACBP=A9
 0001:00017FAC 0000000E C=CODE     S=.text    G=(none)   M=DTDSchema ACBP=A9
 0001:00017FBC 0000000E C=CODE     S=.text    G=(none)   M=PasSym   ACBP=A9
 0001:00017FCC 0000000E C=CODE     S=.text    G=(none)   M=Symbols  ACBP=A9
 0001:00017FDC 0000000E C=CODE     S=.text    G=(none)   M=CppSym   ACBP=A9
 0001:00017FEC 0000000E C=CODE     S=.text    G=(none)   M=XMLBindOptions ACBP=A9
 0001:00017FFC 0000000E C=CODE     S=.text    G=(none)   M=SocketsEditor ACBP=A9
 0001:0001800C 0000000E C=CODE     S=.text    G=(none)   M=Sockets  ACBP=A9
 0001:0001801C 00000038 C=CODE     S=.text    G=(none)   M=WinSock  ACBP=A9
 0001:00018054 0000000E C=CODE     S=.text    G=(none)   M=xercesxmldom ACBP=A9
 0001:00018064 0000000E C=CODE     S=.text    G=(none)   M=oxmldom  ACBP=A9
 0001:00018074 0000000E C=CODE     S=.text    G=(none)   M=xdom     ACBP=A9
 0001:00018084 0000000E C=CODE     S=.text    G=(none)   M=DBXpressWeb ACBP=A9
 0001:00018094 0000000E C=CODE     S=.text    G=(none)   M=SqlExpr  ACBP=A9
 0001:000180A4 0000000E C=CODE     S=.text    G=(none)   M=DBXpress ACBP=A9
 0001:000180B4 0000000E C=CODE     S=.text    G=(none)   M=DBConnAdmin ACBP=A9
 0001:000180C4 0000000E C=CODE     S=.text    G=(none)   M=SqlConst ACBP=A9
 0001:000180D4 0000000E C=CODE     S=.text    G=(none)   M=DBBdeWeb ACBP=A9
 0001:000180E4 0000000E C=CODE     S=.text    G=(none)   M=DBTables ACBP=A9
 0001:000180F4 0000000E C=CODE     S=.text    G=(none)   M=SMINTF   ACBP=A9
 0001:00018104 0000000E C=CODE     S=.text    G=(none)   M=BDE      ACBP=A9
 0001:00018114 0000000E C=CODE     S=.text    G=(none)   M=bdeconst ACBP=A9
 0001:00018124 00000036 C=CODE     S=.text    G=(none)   M=WCompReg ACBP=A9
 0001:0001815C 0000000E C=CODE     S=.text    G=(none)   M=Xmlxform ACBP=A9
 0001:0001816C 0000000E C=CODE     S=.text    G=(none)   M=xmlutil  ACBP=A9
 0001:0001817C 0000000E C=CODE     S=.text    G=(none)   M=WFldEdit ACBP=A9
 0001:0001818C 0000000E C=CODE     S=.text    G=(none)   M=MConnect ACBP=A9
 0001:0001819C 0000000E C=CODE     S=.text    G=(none)   M=SConnect ACBP=A9
 0001:000181AC 0000000E C=CODE     S=.text    G=(none)   M=ScktComp ACBP=A9
 0001:000181BC 0000000E C=CODE     S=.text    G=(none)   M=XSLProd  ACBP=A9
 0001:000181CC 00002A89 C=CODE     S=.text    G=(none)   M=SiteReg  ACBP=A9
 0001:0001AC58 00000DC0 C=CODE     S=.text    G=(none)   M=ActivDbgLib ACBP=A9
 0001:0001BA18 0000109C C=CODE     S=.text    G=(none)   M=DbgSiteAS ACBP=A9
 0001:0001CAB4 0000039D C=CODE     S=.text    G=(none)   M=DesignerDbgSite ACBP=A9
 0001:0001CE54 00000577 C=CODE     S=.text    G=(none)   M=ActiveScriptCat ACBP=A9
 0001:0001D3CC 000008BD C=CODE     S=.text    G=(none)   M=dclwebsnap ACBP=A9
 0002:00000000 00000030 C=DATA     S=.data    G=DGROUP   M=SysInit  ACBP=A9
 0002:00000030 00000094 C=DATA     S=.data    G=DGROUP   M=SiteWiz  ACBP=A9
 0002:000000C4 00000330 C=DATA     S=.data    G=DGROUP   M=ActivDbgLib ACBP=A9
 0002:000003F4 00000001 C=DATA     S=.data    G=DGROUP   M=DesignerDbgSite ACBP=A9
 0002:000003F8 00000010 C=DATA     S=.data    G=DGROUP   M=ActiveScriptCat ACBP=A9
 0002:00001000 00000010 C=BSS      S=.bss     G=DGROUP   M=SysInit  ACBP=A9
 0002:00001010 00000004 C=BSS      S=.bss     G=DGROUP   M=Windows  ACBP=A9
 0002:00001014 00000004 C=BSS      S=.bss     G=DGROUP   M=Messages ACBP=A9
 0002:00001018 00000004 C=BSS      S=.bss     G=DGROUP   M=ShlObj   ACBP=A9
 0002:0000101C 00000004 C=BSS      S=.bss     G=DGROUP   M=UrlMon   ACBP=A9
 0002:00001020 00000004 C=BSS      S=.bss     G=DGROUP   M=WinInet  ACBP=A9
 0002:00001024 00000004 C=BSS      S=.bss     G=DGROUP   M=RegStr   ACBP=A9
 0002:00001028 00000004 C=BSS      S=.bss     G=DGROUP   M=ShellAPI ACBP=A9
 0002:0000102C 00000004 C=BSS      S=.bss     G=DGROUP   M=CommCtrl ACBP=A9
 0002:00001030 00000004 C=BSS      S=.bss     G=DGROUP   M=Imm      ACBP=A9
 0002:00001034 00000004 C=BSS      S=.bss     G=DGROUP   M=WinSpool ACBP=A9
 0002:00001038 00000004 C=BSS      S=.bss     G=DGROUP   M=CommDlg  ACBP=A9
 0002:0000103C 00000004 C=BSS      S=.bss     G=DGROUP   M=Dlgs     ACBP=A9
 0002:00001040 00000004 C=BSS      S=.bss     G=DGROUP   M=RichEdit ACBP=A9
 0002:00001044 00000008 C=BSS      S=.bss     G=DGROUP   M=ProdTemplateReg ACBP=A9
 0002:0000104C 00000004 C=BSS      S=.bss     G=DGROUP   M=NwPageFrame ACBP=A9
 0002:00001050 00000008 C=BSS      S=.bss     G=DGROUP   M=NwWebPageMod ACBP=A9
 0002:00001058 00000008 C=BSS      S=.bss     G=DGROUP   M=NwWebDataMod ACBP=A9
 0002:00001060 00000004 C=BSS      S=.bss     G=DGROUP   M=MMSystem ACBP=A9
 0002:00001064 00000008 C=BSS      S=.bss     G=DGROUP   M=NwAppPage ACBP=A9
 0002:0000106C 00000008 C=BSS      S=.bss     G=DGROUP   M=WSvcReg  ACBP=A9
 0002:00001074 00000008 C=BSS      S=.bss     G=DGROUP   M=NwAppServices ACBP=A9
 0002:0000107C 0000000C C=BSS      S=.bss     G=DGROUP   M=NwSiteSrv ACBP=A9
 0002:00001088 00000010 C=BSS      S=.bss     G=DGROUP   M=WProdReg ACBP=A9
 0002:00001098 00000010 C=BSS      S=.bss     G=DGROUP   M=SiteWiz  ACBP=A9
 0002:000010A8 00000008 C=BSS      S=.bss     G=DGROUP   M=DsgnCntxt ACBP=A9
 0002:000010B0 00000008 C=BSS      S=.bss     G=DGROUP   M=InetFileTypeReg ACBP=A9
 0002:000010B8 00000004 C=BSS      S=.bss     G=DGROUP   M=SiteEdit ACBP=A9
 0002:000010BC 00000004 C=BSS      S=.bss     G=DGROUP   M=WebSprig ACBP=A9
 0002:000010C0 00000004 C=BSS      S=.bss     G=DGROUP   M=WinSock  ACBP=A9
 0002:000010C4 00000004 C=BSS      S=.bss     G=DGROUP   M=SiteReg  ACBP=A9
 0002:000010C8 00000004 C=BSS      S=.bss     G=DGROUP   M=ActivDbgLib ACBP=A9
 0002:000010CC 00000024 C=BSS      S=.bss     G=DGROUP   M=DbgSiteAS ACBP=A9
 0002:000010F0 00000004 C=BSS      S=.bss     G=DGROUP   M=DesignerDbgSite ACBP=A9
 0002:000010F4 00000008 C=BSS      S=.bss     G=DGROUP   M=ActiveScriptCat ACBP=A9


  Address         Publics by Name

 0002:0000102C       .1
 0002:0000103C       .1
 0002:00001014       .1
 0002:00001018       .1
 0002:0000101C       .1
 0002:00001020       .1
 0002:00001040       .1
 0002:000010C8       .1
 0002:00001024       .1
 0002:000010C0       .1
 0002:0000106C       .1
 0002:00001038       .1
 0002:00001030       .1
 0002:00001008       .1
 0002:00001028       .1
 0002:00001044       .11
 0002:000010F0       .2
 0002:0000105C       .2
 0002:000010F4       .2
 0002:0000104C       .2
 0002:00001090       .2
 0002:00001068       .2
 0002:0000107C       .2
 0002:00001078       .2
 0002:00001054       .2
 0002:00001010       .3
 0002:000010CC       .3
 0002:000010B0       .3
 0002:00001034       .3
 0002:000010A8       .5
 0002:000010C4       .51
 0002:00001098       .63
 0002:00001060       .7
 0002:000010B8       .81
 0002:000010BC       .82
 0001:0001DC64       @GetPackageInfoTable
 0001:000003A0       @InitPkg
 0001:00000404       @PackageLoad
 0001:0001DC6C       @PackageLoad
 0001:00000410       @PackageUnload
 0001:0001DC78       @PackageUnload
 0001:0001BA10       ActivDbgLib
 0001:0001D3B4       ActiveScriptCat
 0001:0000C9D8       AddOption
 0001:0000D7C0       AddService
 0001:000002A0       AllocTlsBuffer
 0002:00001080       Arg
 0001:00004248       CacheModeToIndex
 0002:000003F8       CATID_ActiveScriptParse
 0001:000128E8       Clear
 0001:00000874       CommCtrl
 0001:00000DCC       CommDlg
 0001:0001C24C       CreateDebugManager
 0001:000042A4       CreateModeToIndex
 0001:000123B4       CreateUniqueName
 0001:00012030       CrunchFieldName
 0001:0001CAAC       DbgSiteAS
 0001:0001DC84       dclwebsnap
 0002:00000030       DefaultServiceClasses
 0001:0001CE18       DesignerDbgSite
 0001:00000E04       Dlgs
 0001:0000E418       DoneWeb
 0001:00010984       DsgnCntxt
 0001:00010BD8       EnumInetFileTypes
 0001:000070A4       EnumRegisteredModulePageProducers
 0001:00001E8C       EnumRegisteredProducerTemplates
 0001:00001EE0       EnumRegisteredProducerTemplatesOfClass
 0001:00005310       EnumRegisteredWebAppServices
 0002:000010D0       ExcepInfo
 0001:0000034C       ExitProcessTLS
 0001:00000324       ExitThreadTLS
 0002:000010B4       FileTypesList
 0001:00000E4C       Finalization
 0001:000051DC       Finalization
 0001:00005D4C       Finalization
 0001:00006C4C       Finalization
 0001:00004D58       Finalization
 0001:0001D378       Finalization
 0001:000048B8       Finalization
 0001:00000C5C       Finalization
 0001:00000844       Finalization
 0001:00007494       Finalization
 0001:00004538       Finalization
 0001:0001CDB4       Finalization
 0001:0000041C       Finalization
 0001:0001CA6C       Finalization
 0001:0000FAD4       Finalization
 0001:00003F00       Finalization
 0001:0001091C       Finalization
 0001:0000047C       Finalization
 0001:00000674       Finalization
 0001:00010DB8       Finalization
 0001:0000072C       Finalization
 0001:00000764       Finalization
 0001:0001B9E0       Finalization
 0001:00014520       Finalization
 0001:0000079C       Finalization
 0001:00017DDC       Finalization
 0001:000007D4       Finalization
 0001:0001801C       Finalization
 0001:0001A9A0       Finalization
 0001:0000080C       Finalization
 0001:000029C8       Finalization
 0001:00000D64       Finalization
 0001:00005358       Finalization
 0001:00000DD4       Finalization
 0001:00000D9C       Finalization
 0001:00010C6C       FindInetFileExt
 0001:00010C20       FindInetFileType
 0001:000103A0       FindModuleComponent
 0001:000102B8       FindModuleInfo
 0001:000070F0       FindModulePageProducerInfo
 0001:00010138       FindPageFileName
 0001:0000C35C       FormatSubObjects
 0001:0000C278       FormatSubProperties
 0002:00001084       Found
 0001:00000268       FreeLibrary
 0001:0001218C       GenerateName
 0001:00009C0C       GetActiveProject
 0001:00009B44       GetActiveProjectGroup
 0001:0001CFFC       GetActiveScriptParse
 0001:0000DA04       GetAppModuleComponents
 0002:00001088       GetDefaultTemplateFileExt
 0001:00009D08       GetHTMLFileExt
 0001:00009D6C       GetHTMLSampleImage
 0001:00007144       GetHTMLTemplateFileExt
 0001:000101F0       GetProjectGroup
 0001:00018E18       GetPropertyValue
 0001:00009C64       GetRegKey
 0001:0000CEE8       GetTemplateExt
 0001:000002AC       GetTlsSize
 0001:00019488       GetTopParent
 0001:00009AF4       GetWebAppServices
 0001:00010610       GetWebContext
 0001:00007188       GetXSLTemplateFileExt
 0001:00012868       HasChildItems
 0002:00001004       HInstance
 0002:000000D4       IID_IActiveScriptDebug
 0002:000001D4       IID_IActiveScriptErrorDebug
 0002:00000134       IID_IActiveScriptSiteDebug
 0002:000001C4       IID_IApplicationDebugger
 0002:00000334       IID_IApplicationDebuggerUI
 0002:00000154       IID_IDebugApplication
 0002:00000204       IID_IDebugApplicationNode
 0002:000003A4       IID_IDebugApplicationNodeEvents
 0002:00000194       IID_IDebugApplicationThread
 0002:00000274       IID_IDebugAsyncOperation
 0002:00000284       IID_IDebugAsyncOperationCallBack
 0002:000000F4       IID_IDebugCodeContext
 0002:000003B4       IID_IDebugCookie
 0002:00000124       IID_IDebugDocument
 0002:00000104       IID_IDebugDocumentContext
 0002:00000304       IID_IDebugDocumentHelper
 0002:00000314       IID_IDebugDocumentHost
 0002:00000114       IID_IDebugDocumentInfo
 0002:000001F4       IID_IDebugDocumentProvider
 0002:000002C4       IID_IDebugDocumentText
 0002:000002E4       IID_IDebugDocumentTextAuthor
 0002:000002D4       IID_IDebugDocumentTextEvents
 0002:000002F4       IID_IDebugDocumentTextExternalAuthor
 0002:00000244       IID_IDebugExpression
 0002:00000254       IID_IDebugExpressionCallBack
 0002:00000234       IID_IDebugExpressionContext
 0002:000003C4       IID_IDebugFormatter
 0002:000003E4       IID_IDebugHelper
 0002:000001B4       IID_IDebugProperty
 0002:00000324       IID_IDebugSessionProvider
 0002:00000184       IID_IDebugStackFrame
 0002:00000294       IID_IDebugStackFrameSniffer
 0002:000002B4       IID_IDebugStackFrameSnifferEx
 0002:00000264       IID_IDebugSyncOperation
 0002:000001A4       IID_IDebugThreadCall
 0002:00000214       IID_IEnumDebugApplicationNodes
 0002:000000E4       IID_IEnumDebugCodeContexts
 0002:00000224       IID_IEnumDebugExpressionContexts
 0002:00000174       IID_IEnumDebugStackFrames
 0002:00000354       IID_IEnumRemoteDebugApplications
 0002:000001E4       IID_IEnumRemoteDebugApplicationThreads
 0002:00000344       IID_IMachineDebugManager
 0002:00000364       IID_IMachineDebugManagerCookie
 0002:00000374       IID_IMachineDebugManagerEvents
 0002:00000384       IID_IProcessDebugManager
 0002:000002A4       IID_IProvideExpressionContexts
 0002:00000144       IID_IRemoteDebugApplication
 0002:00000394       IID_IRemoteDebugApplicationEvents
 0002:00000164       IID_IRemoteDebugApplicationThread
 0002:000003D4       IID_ISimpleConnectionPoint
 0001:00000C8C       Imm
 0001:0001BD78       IncSecond
 0001:0000421C       IndexToCacheMode
 0001:00004278       IndexToCreateMode
 0001:00010DFC       InetFileTypeReg
 0001:00000370       InitializeModule
 0001:000002F8       InitProcessTLS
 0001:000002B4       InitThreadTLS
 0001:0000E404       InitWeb
 0001:00012350       IsUnique
 0002:000000C4       LIBID_ActivDbg
 0001:00002F38       ListChanged
 0001:00000474       LoadIcon
 0001:00000270       LocalAlloc
 0001:00000278       LocalFree
 0001:000006A4       Messages
 0001:00004D88       MMSystem
 0002:00000008       Module
 0002:00001000       ModuleIsLib
 0002:00001001       ModuleIsPackage
 0002:00001094       ModulePageProducers
 0002:00001064       NewWebAppPageForm
 0002:00001074       NewWebAppServices
 0002:00001058       NewWebDataModForm
 0002:00001050       NewWebPageForm
 0002:0000108C       NoScriptEngines
 0001:0000520C       NwAppPage
 0001:00005D7C       NwAppServices
 0001:00003F30       NwPageFrame
 0001:00006C88       NwSiteSrv
 0001:000048E8       NwWebDataMod
 0001:00004568       NwWebPageMod
 0001:00002A00       ProdTemplateReg
 0002:00000068       ProducerTemplateNames
 0002:00001048       ProducerTemplatesInfoList
 0002:000010F8       ProgIDList
 0002:000010A0       ProjectCoClassName
 0002:0000109C       ProjectType
 0002:0000007C       PROJ_EXT
 0002:00000004       PtrToNil
 0001:00000454       RegCloseKey
 0001:0000045C       RegEnumKey
 0001:000195A4       Register
 0001:00009A24       Register
 0001:00010B98       RegisterInetFileType
 0001:00006DF8       RegisterModulePageProducers
 0001:00001D80       RegisterProducerTemplates
 0001:00005274       RegisterWebAppServices
 0001:00000464       RegOpenKey
 0001:0000046C       RegQueryValue
 0001:00000804       RegStr
 0001:0000B6A4       RestoreWebAppDefaults
 0001:0000AE3C       RestoreWebPageDefaults
 0001:00000E7C       RichEdit
 0002:00000084       sAppModuleTypeNames
 0001:0000B288       SaveWebAppDefaults
 0001:0000ABA8       SaveWebPageDefaults
 0001:0000D894       ServiceToPropertyName
 0002:000003F4       SetBreak
 0001:00010618       SetWebContext
 0001:0000083C       ShellAPI
 0001:0000075C       ShlObj
 0001:00014550       SiteEdit
 0001:0001AC40       SiteReg
 0002:00000050       SiteSourceNames
 0002:000010A4       SiteSources
 0001:0000FBBC       SiteWiz
 0002:0000008C       sProjectTypeNames
 0002:000000A4       sWebAppServiceTypeNames
 0001:0000044C       SysInit
 0001:00001FB0       TAbstractProducerTemplate.GetName
 0001:00001FC8       TAbstractProducerTemplate.GetText
 0001:00001FEC       TAbstractProducerTemplate.IsDefault
 0001:00002004       TAbstractProducerTemplate.SupportsClass
 0001:0000201C       TAbstractProducerTemplate.SupportsFileType
 0001:00002068       TAbstractProducerTemplate.SupportsScriptEngine
 0001:000020B4       TAbstractProducerTemplates.GetCount
 0001:000020CC       TAbstractProducerTemplates.GetTemplate
 0001:00016A1C       TAbstractSprigEditor.Create
 0001:00016A70       TAbstractSprigEditor.Destroy
 0001:000169F4       TAbstractSprigEditor.GetDesigner
 0001:00017258       TAbstractWebComponentListSprig.AddType
 0001:00017264       TAbstractWebComponentListSprig.AddTypeCount
 0001:00017184       TAbstractWebComponentListSprig.Caption
 0001:000171FC       TAbstractWebComponentListSprig.Create
 0001:000171A0       TAbstractWebComponentListSprig.CustomDelete
 0001:0001719C       TAbstractWebComponentListSprig.DeleteStyle
 0001:00017290       TAbstractWebComponentListSprig.Destroy
 0001:000171A4       TAbstractWebComponentListSprig.FigureParent
 0001:00017270       TAbstractWebComponentListSprig.GetAddType
 0001:000172DC       TAbstractWebComponentListSprig.GetEditorClass
 0001:000171B8       TAbstractWebComponentListSprig.Name
 0001:0001728C       TAbstractWebComponentListSprig.Owner
 0001:000172E0       TAbstractWebComponentListSprig.PrepareMenu
 0001:000172D0       TAbstractWebComponentListSprig.SetComponent
 0001:000172C0       TAbstractWebComponentListSprig.SetOwner
 0001:000171B4       TAbstractWebComponentListSprig.SortByIndex
 0001:00013CCC       TAbstractWebEditorHelper.AddType
 0001:00013CEC       TAbstractWebEditorHelper.AddTypeCount
 0001:00013A1C       TAbstractWebEditorHelper.ExecuteAddItem
 0001:00013A20       TAbstractWebEditorHelper.ExecuteOtherItem
 0001:00013BB4       TAbstractWebEditorHelper.ExecuteVerb
 0001:00013A24       TAbstractWebEditorHelper.GetAddItem
 0001:00013A28       TAbstractWebEditorHelper.GetAddItemCount
 0001:00013A2C       TAbstractWebEditorHelper.GetAddItemState
 0001:00013CD4       TAbstractWebEditorHelper.GetAddType
 0001:00013A38       TAbstractWebEditorHelper.GetOtherItem
 0001:00013A3C       TAbstractWebEditorHelper.GetOtherItemCount
 0001:00013A40       TAbstractWebEditorHelper.GetOtherItemState
 0001:00013BFC       TAbstractWebEditorHelper.GetVerb
 0001:00013C4C       TAbstractWebEditorHelper.GetVerbCount
 0001:00013C7C       TAbstractWebEditorHelper.GetVerbState
 0001:00013B94       TAbstractWebEditorHelper.HandleOtherItemClick
 0001:00013CF4       TAbstractWebEditorHelper.LockState
 0001:00013AB0       TAbstractWebEditorHelper.PrepareMenu
 0001:00013CF8       TAbstractWebEditorHelper.SetSelection
 0001:00013CFC       TAbstractWebEditorHelper.UnlockState
 0001:000124D8       TAbstractWebFieldsEditor.AddFields
 0001:00012450       TAbstractWebFieldsEditor.AnySelection
 0001:000124E4       TAbstractWebFieldsEditor.Create
 0001:0001252C       TAbstractWebFieldsEditor.Destroy
 0001:00012444       TAbstractWebFieldsEditor.ExecuteVerb
 0001:000124CC       TAbstractWebFieldsEditor.GetFieldsList
 0001:00012584       TAbstractWebFieldsEditor.GetVerb
 0001:0001285C       TAbstractWebFieldsEditor.GetVerbCount
 0001:00012568       TAbstractWebFieldsEditor.GetVerbState
 0001:0001247C       TAbstractWebFieldsEditor.IsFieldInUse
 0001:0001255C       TAbstractWebFieldsEditor.RestoreDefaults
 0001:000125A0       TAbstractWebFieldsEditor.SetHelper
 0001:00012418       TAbstractWebFieldsEditor.UniqueName
 0001:00012988       TAbstractWebFieldsEditorHelper.AddFields
 0001:000125C4       TAbstractWebFieldsEditorHelper.ExecuteAddItem
 0001:0001260C       TAbstractWebFieldsEditorHelper.ExecuteOtherItem
 0001:00012744       TAbstractWebFieldsEditorHelper.GetAddAllFieldsItem
 0001:00012CDC       TAbstractWebFieldsEditorHelper.GetAddFieldsDlgCaption
 0001:00012C94       TAbstractWebFieldsEditorHelper.GetAddFieldsEditorIntf
 0001:000126D8       TAbstractWebFieldsEditorHelper.GetAddFieldsItem
 0001:000127B0       TAbstractWebFieldsEditorHelper.GetAddItem
 0001:0001283C       TAbstractWebFieldsEditorHelper.GetAddItemCount
 0001:00012644       TAbstractWebFieldsEditorHelper.GetAddItemState
 0001:00012D48       TAbstractWebFieldsEditorHelper.GetDefaultAddAllFieldsItem
 0001:00012D5C       TAbstractWebFieldsEditorHelper.GetDefaultAddFieldsDlgCaption
 0001:00012D70       TAbstractWebFieldsEditorHelper.GetDefaultAddFieldsItem
 0001:00012D84       TAbstractWebFieldsEditorHelper.GetDefaultNewFieldPrefix
 0001:00012D90       TAbstractWebFieldsEditorHelper.GetNewFieldPrefix
 0001:000127FC       TAbstractWebFieldsEditorHelper.GetOtherItem
 0001:0001284C       TAbstractWebFieldsEditorHelper.GetOtherItemCount
 0001:00012698       TAbstractWebFieldsEditorHelper.GetOtherItemState
 0001:00012BE4       TAbstractWebFieldsEditorHelper.RestoreDefaults
 0001:000135FC       TAbstractWebNewEditorHelper.CheckClass
 0001:00012DFC       TAbstractWebNewEditorHelper.CreateFields
 0001:0001399C       TAbstractWebNewEditorHelper.ExecuteAddItem
 0001:000139AC       TAbstractWebNewEditorHelper.GetAddItem
 0001:000139C0       TAbstractWebNewEditorHelper.GetAddItemCount
 0001:000139C8       TAbstractWebNewEditorHelper.GetAddItemState
 0001:000139EC       TAbstractWebNewEditorHelper.InitializeField
 0001:00013828       TAbstractWebNewEditorHelper.InsertFrame
 0001:0001382C       TAbstractWebNewEditorHelper.InsertNewComponent
 0001:00013688       TAbstractWebNewEditorHelper.NewComponent
 0001:00013910       TAbstractWebNewEditorHelper.UniqueName
 0001:00013A14       TAbstractWebNewEditorHelper.WebComponentInserted
 0001:00013A18       TAbstractWebNewEditorHelper.WebComponentsCleared
 0001:0001D304       TActiveScriptLanguages.Create
 0001:0001D374       TActiveScriptLanguages.List
 0001:00018DF8       TAdapterActionNameActionNameProperty.GetAttributes
 0001:00018E5C       TAdapterActionNameActionNameProperty.GetValues
 0001:000191E4       TAdapterActionNameProperty.GetAttributes
 0001:00019204       TAdapterActionNameProperty.GetValues
 0001:00019314       TAdapterAvailableFieldNameProperty.GetAttributes
 0001:00019334       TAdapterAvailableFieldNameProperty.GetValues
 0001:0001A474       TAdapterComponentProperty.GetGuid
 0001:00019468       TAdapterDisplayComponentProperty.GetAttributes
 0001:000194B0       TAdapterDisplayComponentProperty.GetValues
 0001:000190B4       TAdapterFieldNameProperty.GetAttributes
 0001:000190D4       TAdapterFieldNameProperty.GetValues
 0001:0001A5D0       TAdapterFieldsComponentEditor.ExecuteVerb
 0001:0001A718       TAdapterFieldsComponentEditor.GetDesignerClass
 0001:0001A6E8       TAdapterFieldsComponentEditor.GetVerb
 0001:0001A710       TAdapterFieldsComponentEditor.GetVerbCount
 0001:0001A494       TAdapterModeProperty.GetAttributes
 0001:0001A4B4       TAdapterModeProperty.GetValues
 0001:0001CA68       TBaseDebugScriptSite.BreakOnFirstStatement
 0001:0001BE14       TBaseDebugScriptSite.EnableModeless
 0001:0001BF80       TBaseDebugScriptSite.GetApplication
 0001:0001BE20       TBaseDebugScriptSite.GetDeferredText
 0001:0001BEE8       TBaseDebugScriptSite.GetDocumentContextFromPosition
 0001:0001BE9C       TBaseDebugScriptSite.GetFileName
 0001:0001BE50       TBaseDebugScriptSite.GetPathName
 0001:0001BFA4       TBaseDebugScriptSite.GetRootApplicationNode
 0001:0001BE2C       TBaseDebugScriptSite.GetScriptTextAttributes
 0001:0001BE08       TBaseDebugScriptSite.GetWindow
 0001:0001BFDC       TBaseDebugScriptSite.HandleScriptError
 0001:0001BEDC       TBaseDebugScriptSite.NotifyChanged
 0001:0001BE38       TBaseDebugScriptSite.OnCreateDocumentContext
 0001:0001BFE8       TBaseDebugScriptSite.OnScriptErrorDebug
 0001:0001C5A4       TBaseDebugScriptSite.RunExpression
 0001:0001C350       TBaseDebugScriptSite.SetupDebugApplication
 0001:0001C0E8       TBaseDebugScriptSite.SetupDebugDocumentHelper
 0001:0001C034       TBaseDebugScriptSite.SetupDebugScript
 0001:0000D218       TBaseHTMLFile.GetAge
 0001:0000D230       TBaseHTMLFile.GetSource
 0001:0000E7B4       TBaseWebDataModuleCreator.CreateModule
 0001:0000E818       TBaseWebDataModuleCreator.ImplNewImplSource
 0001:0000E8B0       TBaseWebDataModuleCreator.ImplNewIntfSource
 0001:0000C8C0       TBaseWebDataModuleFile.CreateModule
 0001:000123FC       TBaseWebFieldsEditor.SetHelper
 0001:0000EA60       TBaseWebFormFile.Create
 0001:0000EADC       TBaseWebFormFile.GetAge
 0001:0000EAF4       TBaseWebFormFile.GetSource
 0001:0000EB08       TBaseWebFormFile.ImplGetSource
 0001:0000BE38       TBaseWebModuleCreator.CreateModule
 0001:0000C0B0       TBaseWebModuleCreator.Destroy
 0001:0000C0E0       TBaseWebModuleCreator.FormatFields
 0001:0000C50C       TBaseWebModuleCreator.FormatObjects
 0001:0000C58C       TBaseWebModuleCreator.FormatProperties
 0001:0000BF34       TBaseWebModuleCreator.FormCreated
 0001:0000BF38       TBaseWebModuleCreator.GetAncestorName
 0001:0000C680       TBaseWebModuleCreator.GetComponentsList
 0001:0000BF90       TBaseWebModuleCreator.GetCreatorType
 0001:0000BFB4       TBaseWebModuleCreator.GetExisting
 0001:0000BFB8       TBaseWebModuleCreator.GetFileSystem
 0001:0000BFC4       TBaseWebModuleCreator.GetFormName
 0001:0000BFD8       TBaseWebModuleCreator.GetImplFileName
 0001:0000BFEC       TBaseWebModuleCreator.GetIntfFileName
 0001:0000BFF8       TBaseWebModuleCreator.GetMainForm
 0001:0000BFFC       TBaseWebModuleCreator.GetOwner
 0001:0000C008       TBaseWebModuleCreator.GetShowForm
 0001:0000C00C       TBaseWebModuleCreator.GetShowSource
 0001:0000C010       TBaseWebModuleCreator.GetUnnamed
 0001:0000C038       TBaseWebModuleCreator.ImplNewFormFile
 0001:0000C24C       TBaseWebModuleCreator.MinFormHeight
 0001:0000C244       TBaseWebModuleCreator.MinFormWidth
 0001:0000C014       TBaseWebModuleCreator.NewFormFile
 0001:0000C048       TBaseWebModuleCreator.NewImplSource
 0001:0000C070       TBaseWebModuleCreator.NewIntfSource
 0001:0000C67C       TBaseWebModuleCreator.PopulateComponentsList
 0001:0000C980       TBaseWebModuleFile.CacheOption
 0001:0000CE2C       TBaseWebModuleFile.CreateModule
 0001:0000CDCC       TBaseWebModuleFile.CreateOption
 0001:0000CF34       TBaseWebModuleFile.FormatFactory
 0001:0000CEBC       TBaseWebModuleFile.GetAge
 0001:0000CED4       TBaseWebModuleFile.GetSource
 0001:0000D0BC       TBaseWebModuleFile.ImplGetSource
 0001:0000CAD4       TBaseWebModuleFile.PageInfo
 0001:0000DC7C       TBaseWebModuleIntfFile.CreateModule
 0001:0000DCF0       TBaseWebModuleIntfFile.GetAge
 0001:0000DD08       TBaseWebModuleIntfFile.GetSource
 0001:0000DD1C       TBaseWebModuleIntfFile.ImplGetIntfSource
 0001:0000DE7C       TBaseWebPageModuleCreator.CreateModule
 0001:0000DE24       TBaseWebPageModuleCreator.GetAdditionalFileExt
 0001:0000DE18       TBaseWebPageModuleCreator.GetAdditionalFileName
 0001:0000DE48       TBaseWebPageModuleCreator.GetAdditionalFilesCount
 0001:0000DEEC       TBaseWebPageModuleCreator.ImplNewHTMLSource
 0001:0000DF2C       TBaseWebPageModuleCreator.ImplNewImplSource
 0001:0000DFF4       TBaseWebPageModuleCreator.ImplNewIntfSource
 0001:0000DE58       TBaseWebPageModuleCreator.NewAdditionalFileSource
 0001:0000E084       TBaseWebPageModuleCreator.PopulateComponentsList
 0001:0000C924       TBaseWebPageModuleFile.CreateModule
 0001:0000A2CC       TBaseWebProjectCreator.GetCreatorType
 0001:0000A350       TBaseWebProjectCreator.GetExisting
 0001:0000A374       TBaseWebProjectCreator.GetFileName
 0001:0000A5BC       TBaseWebProjectCreator.GetFileSystem
 0001:0000A5C8       TBaseWebProjectCreator.GetOptionFileName
 0001:0000A5D4       TBaseWebProjectCreator.GetOwner
 0001:0000A5E0       TBaseWebProjectCreator.GetServices
 0001:0000A5F8       TBaseWebProjectCreator.GetShowSource
 0001:0000A5FC       TBaseWebProjectCreator.GetUnnamed
 0001:0000A600       TBaseWebProjectCreator.NewDefaultModule
 0001:0000A754       TBaseWebProjectCreator.NewOptionSource
 0001:0000A760       TBaseWebProjectCreator.NewProjectResource
 0001:0000A764       TBaseWebProjectCreator.NewProjectSource
 0001:0000FA40       TComponentObjectItem.Destroy
 0001:0001CB6C       TDesignerDebugScriptSite.BreakOnFirstStatement
 0001:0001CB74       TDesignerDebugScriptSite.HandleScriptError
 0001:000108F4       TDesignWebPageInfo.GetPageFile
 0001:00010908       TDesignWebPageInfo.GetPageName
 0001:000021E4       TFormatProducerTemplate.Create
 0001:000022F8       TFormatProducerTemplate.Destroy
 0001:0000234C       TFormatProducerTemplate.GetName
 0001:0000236C       TFormatProducerTemplate.GetText
 0001:000023F8       TFormatProducerTemplate.IsDefault
 0001:00002414       TFormatProducerTemplate.SupportsClass
 0001:000024C0       TFormatProducerTemplate.SupportsFileType
 0001:00002530       TFormatProducerTemplateScript.Create
 0001:000025EC       TFormatProducerTemplateScript.Destroy
 0001:00002628       TFormatProducerTemplateScript.SupportsScriptEngine
 0001:0000F448       TFormComponentsList.AddObject
 0001:0000F494       TFormComponentsList.AddProperty
 0001:0000F4D0       TFormComponentsList.Create
 0001:0000F528       TFormComponentsList.Destroy
 0001:0000F560       TFormComponentsList.GetObjectItem
 0001:0000F580       TFormComponentsList.GetPropertyItem
 0001:0000F5A0       TFormComponentsList.ObjectCount
 0001:0000F5A8       TFormComponentsList.PropertyCount
 0001:0000E260       THTMLFile.CreateModule
 0001:0000E2A4       THTMLFile.ImplGetSource
 0001:0001C4AC       TimeoutError
 0001:00010CB8       TInetFileType.AddFileExt
 0001:00010CD8       TInetFileType.Create
 0001:00010D38       TInetFileType.Destroy
 0001:00010D74       TInetFileType.GetExtCount
 0001:00010D80       TInetFileType.GetFileExt
 0001:00010D9C       TInetFileType.GetTypeID
 0001:00010DB0       TInetFileTypes.FindFileExt
 0001:00017D54       TInetxDataFieldsComponentListSprig.GetEditorClass
 0001:00017D9C       TInetxDataFieldsContainerSprig.GetEditorClass
 0001:00014318       TInetxDataFieldsEditorHelper.GetDataSetComponentIntf
 0001:000142A4       TInetxDataFieldsEditorHelper.GetDataSetFieldsIntf
 0001:0001438C       TInetxDataFieldsEditorHelper.GetFieldsList
 0001:00014400       TInetxDataFieldsEditorHelper.IsFieldInUse
 0001:00014488       TInetxDataFieldsEditorHelper.SetConnected
 0001:00016AB0       TInetxDataFieldsSprigEditor.CreateHelper
 0001:000176E8       TInetxDataFieldsSprigEditorHelper.AnySelection
 0001:00017520       TInetxDataFieldsSprigEditorHelper.ChildComponent
 0001:0001764C       TInetxDataFieldsSprigEditorHelper.ChildContainer
 0001:00017640       TInetxDataFieldsSprigEditorHelper.ComponentOwner
 0001:00017528       TInetxDataFieldsSprigEditorHelper.Create
 0001:00017564       TInetxDataFieldsSprigEditorHelper.FocusChildren
 0001:00017568       TInetxDataFieldsSprigEditorHelper.GetDesigner
 0001:0001757C       TInetxDataFieldsSprigEditorHelper.GetSelectedComponents
 0001:000176CC       TInetxDataFieldsSprigEditorHelper.WebComponentInserted
 0001:000140DC       TInetxFieldsEditorHelper.InitializeField
 0001:0001416C       TInetxFieldsEditorHelper.RestoreField
 0001:000141DC       TInetxFieldsEditorHelper.UniqueName
 0001:00000280       TlsAlloc
 0002:0000100C       tlsBuffer
 0001:00000288       TlsFree
 0001:00000290       TlsGetValue
 0002:00000000       TlsIndex
 0002:AFC91000       TlsLast
 0002:00000020       TlsProc
 0001:00000298       TlsSetValue
 0001:0001A774       TMasterAdapterComponentProperty.GetValues
 0001:0001A764       TMasterAdapterComponentProperty.IsType
 0001:0001A720       TMasterAdapterComponentProperty.RcvComponentNames
 0001:0001A7E0       TMasterAdapterComponentProperty.SetValue
 0001:000071B4       TModulePageProducerInfo.Create
 0001:00007234       TModulePageProducerInfo.Destroy
 0001:00007270       TModulePageProducerInfo.ProducerName
 0001:000072D0       TModulePageProducerInfo.RaiseMissingScriptEngine
 0001:000073D4       TModulePageProducerInfo.SupportsScriptEngine
 0001:00007460       TModulePageProducerInfo.TemplateFileExtension
 0001:00003C7C       TNewPageFrame.cbScriptEngineChange
 0001:00003790       TNewPageFrame.ClassListClick
 0001:00003324       TNewPageFrame.ClassNameChange
 0001:00003AE4       TNewPageFrame.Create
 0001:00003710       TNewPageFrame.DoOK
 0001:000038D8       TNewPageFrame.edPageNameChange
 0001:00003578       TNewPageFrame.EnableActionExecute
 0001:00003588       TNewPageFrame.EnableActionUpdate
 0001:00003888       TNewPageFrame.GetAccess
 0001:00003C34       TNewPageFrame.GetCreateHTMLModule
 0001:000033C8       TNewPageFrame.GetDefaultPageName
 0001:00003DAC       TNewPageFrame.GetIsDefaultPageName
 0001:00003DE4       TNewPageFrame.GetIsDefaultPageTitle
 0001:00003C94       TNewPageFrame.GetNewTemplateFile
 0001:00003444       TNewPageFrame.GetPageName
 0001:00003978       TNewPageFrame.GetPageTitle
 0001:000037AC       TNewPageFrame.GetProducerClassName
 0001:000039C0       TNewPageFrame.GetScriptEngine
 0001:000037E8       TNewPageFrame.GetSelectedProducerInfo
 0001:00003A8C       TNewPageFrame.GetSelectedTemplate
 0001:00003CDC       TNewPageFrame.GetSelectedTemplateName
 0001:00003EBC       TNewPageFrame.GetTemplateFileExt
 0001:00003EDC       TNewPageFrame.GetTemplateFileType
 0001:00003228       TNewPageFrame.RefreshEnginesList
 0001:00002FA4       TNewPageFrame.RefreshList
 0001:00003E1C       TNewPageFrame.RefreshTemplateExtensionName
 0001:000031A4       TNewPageFrame.RefreshTemplatesList
 0001:00003848       TNewPageFrame.SetAccess
 0001:00003C58       TNewPageFrame.SetCreateHTMLModule
 0001:00003CB8       TNewPageFrame.SetNewTemplateFile
 0001:00003468       TNewPageFrame.SetPageName
 0001:0000399C       TNewPageFrame.SetPageTitle
 0001:00003D5C       TNewPageFrame.SetProducerClassName
 0001:00003A2C       TNewPageFrame.SetScriptEngine
 0001:00003BCC       TNewPageFrame.SetSelectedProducerInfo
 0001:00003B70       TNewPageFrame.SetSelectedTemplate
 0001:00003D18       TNewPageFrame.SetSelectedTemplateName
 0001:0000348C       TNewPageFrame.ValidateFields
 0001:0000F1AC       TNewPageHelper.Create
 0001:0000F040       TNewPageHelper.ExtractTemplate
 0001:0000F43C       TNewPageHelper.GetTemplate
 0001:0000F444       TNewPageHelper.HaveTemplate
 0001:0000EE6C       TNewPageHelper.ListEngines
 0001:0000ECE4       TNewPageHelper.ListProducers
 0001:0000EC40       TNewPageHelper.ListProducersCallback
 0001:0000ECF4       TNewPageHelper.ListTemplates
 0001:0000EC94       TNewPageHelper.ListTemplatesCallback
 0001:0000F0E4       TNewPageHelper.PageNameOfClassName
 0001:0000F2D0       TNewPageHelper.RestoreOptions
 0001:0000F358       TNewPageHelper.SaveOptions
 0001:000068B0       TNewSiteSrvForm.bpServicesClick
 0001:000067AC       TNewSiteSrvForm.cbAppModuleTypeClick
 0001:000066F4       TNewSiteSrvForm.ClassNameChange
 0001:00006250       TNewSiteSrvForm.EnableActionExecute
 0001:00006254       TNewSiteSrvForm.EnableActionUpdate
 0001:000062E0       TNewSiteSrvForm.EnableCoClassName
 0001:000062A0       TNewSiteSrvForm.EnableCrossplatform
 0001:00006B44       TNewSiteSrvForm.EnumCallback
 0001:00006BB8       TNewSiteSrvForm.FindServiceClass
 0001:00006680       TNewSiteSrvForm.FormCreate
 0001:000067D4       TNewSiteSrvForm.FormDestroy
 0001:00006C38       TNewSiteSrvForm.FormShow
 0001:00006634       TNewSiteSrvForm.GetAppModuleType
 0001:000064DC       TNewSiteSrvForm.GetCacheMode
 0001:00006998       TNewSiteSrvForm.GetCacheModeIndex
 0001:00006C3C       TNewSiteSrvForm.GetCrossPlatform
 0001:00006584       TNewSiteSrvForm.GetDefaultPageName
 0001:00006AC4       TNewSiteSrvForm.GetIncludeService
 0001:00006C0C       TNewSiteSrvForm.GetIsDefaultPageName
 0001:000064F4       TNewSiteSrvForm.GetModuleClassName
 0001:000065F0       TNewSiteSrvForm.GetPageName
 0001:000069B8       TNewSiteSrvForm.GetProjectType
 0001:00006954       TNewSiteSrvForm.GetSelectedServices
 0001:00006960       TNewSiteSrvForm.GetServiceClasses
 0001:00006AD8       TNewSiteSrvForm.GetServiceClassName
 0001:000066E0       TNewSiteSrvForm.HasPage
 0001:00006238       TNewSiteSrvForm.HelpButtonClick
 0001:0000644C       TNewSiteSrvForm.OKButtonClick
 0001:000067E0       TNewSiteSrvForm.pbPageOptionsClick
 0001:00006654       TNewSiteSrvForm.SetAppModuleType
 0001:00006614       TNewSiteSrvForm.SetCacheMode
 0001:000069A8       TNewSiteSrvForm.SetCacheModeIndex
 0001:00006B14       TNewSiteSrvForm.SetIncludeService
 0001:00006608       TNewSiteSrvForm.SetPageName
 0001:000067B4       TNewSiteSrvForm.SetPageNameOfClassNameCallback
 0001:00006A48       TNewSiteSrvForm.SetProjectType
 0001:00006974       TNewSiteSrvForm.SetSelectedServices
 0001:00006984       TNewSiteSrvForm.SetServiceClasses
 0001:00006BE8       TNewSiteSrvForm.SetServiceClassName
 0001:00006304       TNewSiteSrvForm.ValidateFields
 0001:00005100       TNewWebAppPageForm.EnableActionExecute
 0001:00005110       TNewWebAppPageForm.EnableActionUpdate
 0001:000051BC       TNewWebAppPageForm.FormCreate
 0001:000050D8       TNewWebAppPageForm.HelpButtonClick
 0001:00005140       TNewWebAppPageForm.OKButtonClick
 0001:000050BC       TNewWebAppPageForm.ValidateFields
 0001:000057E8       TNewWebAppServices.EnableActionExecute
 0001:000057F8       TNewWebAppServices.EnableActionUpdate
 0001:00005990       TNewWebAppServices.EnumCallback
 0001:00005BF4       TNewWebAppServices.FormCreate
 0001:00005C60       TNewWebAppServices.GetSelectedServices
 0001:00005C0C       TNewWebAppServices.GetServiceClasses
 0001:000057C0       TNewWebAppServices.HelpButtonClick
 0001:00005A3C       TNewWebAppServices.PopulateLists
 0001:00005808       TNewWebAppServices.ServiceTypeToCheckBox
 0001:000058CC       TNewWebAppServices.ServiceTypeToComboBox
 0001:00005AA8       TNewWebAppServices.ServiceTypeToInterface
 0001:00005CB0       TNewWebAppServices.SetSelectedServices
 0001:00005CF8       TNewWebAppServices.SetServiceClasses
 0001:0000486C       TNewWebDataModForm.FormCreate
 0001:000047BC       TNewWebDataModForm.GetCacheMode
 0001:000047E8       TNewWebDataModForm.GetCreateMode
 0001:00004890       TNewWebDataModForm.HelpButtonClick
 0001:00004814       TNewWebDataModForm.SetCacheMode
 0001:00004840       TNewWebDataModForm.SetCreateMode
 0001:000043EC       TNewWebPageForm.EnableActionExecute
 0001:000043FC       TNewWebPageForm.EnableActionUpdate
 0001:000043A0       TNewWebPageForm.FormCreate
 0001:000042F0       TNewWebPageForm.GetCacheMode
 0001:000044A8       TNewWebPageForm.GetCacheModeIndex
 0001:0000431C       TNewWebPageForm.GetCreateMode
 0001:000044CC       TNewWebPageForm.GetCreateModeIndex
 0001:000043C4       TNewWebPageForm.HelpButtonClick
 0001:0000442C       TNewWebPageForm.OKButtonClick
 0001:00004348       TNewWebPageForm.SetCacheMode
 0001:000044F0       TNewWebPageForm.SetCacheModeIndex
 0001:00004374       TNewWebPageForm.SetCreateMode
 0001:00004514       TNewWebPageForm.SetCreateModeIndex
 0001:000042D4       TNewWebPageForm.ValidateFields
 0001:000028F4       TProducerTemplateScriptStream.Create
 0001:00002970       TProducerTemplateScriptStream.GetFormat
 0001:0000285C       TProducerTemplateScriptString.Create
 0001:000028D4       TProducerTemplateScriptString.GetFormat
 0001:00001F7C       TProducerTemplatesInfo.Destroy
 0001:000020E4       TProducerTemplatesList.Add
 0001:00002104       TProducerTemplatesList.Create
 0001:0000215C       TProducerTemplatesList.Destroy
 0001:00002198       TProducerTemplatesList.GetCount
 0001:000021B4       TProducerTemplatesList.GetTemplate
 0001:00002744       TProducerTemplateStream.Create
 0001:000027BC       TProducerTemplateStream.Destroy
 0001:00002804       TProducerTemplateStream.GetFormat
 0001:000026B0       TProducerTemplateString.Create
 0001:00002724       TProducerTemplateString.GetFormat
 0001:0000A7A0       TProjectFile.CreateNamedProject
 0001:0000A81C       TProjectFile.GetAge
 0001:0000A834       TProjectFile.GetSource
 0001:0001CD50       TScriptDebugger.CanDebugScript
 0001:0001CCC8       TScriptDebugger.DebugScript
 0001:00018F80       TScriptEngineProperty.GetAttributes
 0001:00018FA0       TScriptEngineProperty.GetValues
 0001:00017D78       TSimpleFieldsSprigEditor.CreateHelper
 0001:00017A80       TSimpleFieldsSprigEditorHelper.AnySelection
 0001:00017980       TSimpleFieldsSprigEditorHelper.ChildComponent
 0001:000179E4       TSimpleFieldsSprigEditorHelper.ChildContainer
 0001:000179D8       TSimpleFieldsSprigEditorHelper.ComponentOwner
 0001:00017988       TSimpleFieldsSprigEditorHelper.Create
 0001:000179C4       TSimpleFieldsSprigEditorHelper.GetDesigner
 0001:00017A64       TSimpleFieldsSprigEditorHelper.WebComponentInserted
 0001:00017D88       TSimpleWebComponentListSprig.GetEditorClass
 0001:00013EC8       TSiteActionsEditorHelper.GetDefaultAddAllFieldsItem
 0001:00013EF0       TSiteActionsEditorHelper.GetDefaultAddFieldsDlgCaption
 0001:00013EDC       TSiteActionsEditorHelper.GetDefaultAddFieldsItem
 0001:00013F04       TSiteActionsEditorHelper.InitializeField
 0001:00013F94       TSiteActionsEditorHelper.RestoreField
 0001:00014004       TSiteActionsEditorHelper.UniqueName
 0001:00013164       TSiteActionsListComponentEditorHelper.AnySelection
 0001:00013214       TSiteActionsListComponentEditorHelper.ChildComponent
 0001:000130F0       TSiteActionsListComponentEditorHelper.ChildContainer
 0001:00013204       TSiteActionsListComponentEditorHelper.ComponentOwner
 0001:000130FC       TSiteActionsListComponentEditorHelper.Create
 0001:00013138       TSiteActionsListComponentEditorHelper.FocusChildren
 0001:00013150       TSiteActionsListComponentEditorHelper.GetDesigner
 0001:00013170       TSiteActionsListComponentEditorHelper.GetSelectedComponents
 0001:000131E0       TSiteActionsListComponentEditorHelper.LockState
 0001:000131EC       TSiteActionsListComponentEditorHelper.SetSelection
 0001:000131F8       TSiteActionsListComponentEditorHelper.UnlockState
 0001:000130D8       TSiteActionsListComponentEditorHelper.WebComponentInserted
 0001:000130E4       TSiteActionsListComponentEditorHelper.WebComponentsCleared
 0001:00017DAC       TSiteActionsListComponentListSprig.GetEditorClass
 0001:00017DA4       TSiteActionsListContainerSprig.GetEditorClass
 0001:00014510       TSiteActionsListEditor.CreateHelper
 0001:00013490       TSiteActionsListEditorHelper.GetActionsListIntf
 0001:00013504       TSiteActionsListEditorHelper.GetFieldsList
 0001:00013574       TSiteActionsListEditorHelper.IsFieldInUse
 0001:00016AC0       TSiteActionsListSprigEditor.CreateHelper
 0001:00017918       TSiteActionsListSprigEditorHelper.AnySelection
 0001:00017750       TSiteActionsListSprigEditorHelper.ChildComponent
 0001:0001787C       TSiteActionsListSprigEditorHelper.ChildContainer
 0001:00017870       TSiteActionsListSprigEditorHelper.ComponentOwner
 0001:00017758       TSiteActionsListSprigEditorHelper.Create
 0001:00017794       TSiteActionsListSprigEditorHelper.FocusChildren
 0001:00017798       TSiteActionsListSprigEditorHelper.GetDesigner
 0001:000177AC       TSiteActionsListSprigEditorHelper.GetSelectedComponents
 0001:000178FC       TSiteActionsListSprigEditorHelper.WebComponentInserted
 0001:00013018       TSiteDataFieldsComponentEditorHelper.AnySelection
 0001:000130CC       TSiteDataFieldsComponentEditorHelper.ChildComponent
 0001:00012FA4       TSiteDataFieldsComponentEditorHelper.ChildContainer
 0001:000130BC       TSiteDataFieldsComponentEditorHelper.ComponentOwner
 0001:00012FB0       TSiteDataFieldsComponentEditorHelper.Create
 0001:00012FEC       TSiteDataFieldsComponentEditorHelper.FocusChildren
 0001:00013004       TSiteDataFieldsComponentEditorHelper.GetDesigner
 0001:00013024       TSiteDataFieldsComponentEditorHelper.GetSelectedComponents
 0001:00013098       TSiteDataFieldsComponentEditorHelper.LockState
 0001:000130A4       TSiteDataFieldsComponentEditorHelper.SetSelection
 0001:000130B0       TSiteDataFieldsComponentEditorHelper.UnlockState
 0001:00012F8C       TSiteDataFieldsComponentEditorHelper.WebComponentInserted
 0001:00012F98       TSiteDataFieldsComponentEditorHelper.WebComponentsCleared
 0001:00017D4C       TSiteDataFieldsComponentListSprig.GetEditorClass
 0001:00017D94       TSiteDataFieldsContainerSprig.GetEditorClass
 0001:00013294       TSiteDataFieldsEditorHelper.GetDataFieldsIntf
 0001:00013220       TSiteDataFieldsEditorHelper.GetDataSetComponentIntf
 0001:00013308       TSiteDataFieldsEditorHelper.GetFieldsList
 0001:0001337C       TSiteDataFieldsEditorHelper.IsFieldInUse
 0001:00013404       TSiteDataFieldsEditorHelper.SetConnected
 0001:00017D5C       TSiteDataFieldsRootContainerSprig.GetComponentListSprigClass
 0001:00017D64       TSiteDataFieldsRootContainerSprig.IsComponentListObject
 0001:00016AA0       TSiteDataFieldsSprigEditor.CreateHelper
 0001:000174B8       TSiteDataFieldsSprigEditorHelper.AnySelection
 0001:000172F0       TSiteDataFieldsSprigEditorHelper.ChildComponent
 0001:0001741C       TSiteDataFieldsSprigEditorHelper.ChildContainer
 0001:00017410       TSiteDataFieldsSprigEditorHelper.ComponentOwner
 0001:000172F8       TSiteDataFieldsSprigEditorHelper.Create
 0001:00017334       TSiteDataFieldsSprigEditorHelper.FocusChildren
 0001:00017338       TSiteDataFieldsSprigEditorHelper.GetDesigner
 0001:0001734C       TSiteDataFieldsSprigEditorHelper.GetSelectedComponents
 0001:0001749C       TSiteDataFieldsSprigEditorHelper.WebComponentInserted
 0001:000140CC       TSiteFieldsEditor.CreateHelper
 0001:00013D00       TSiteFieldsEditorHelper.InitializeField
 0001:00013D90       TSiteFieldsEditorHelper.RestoreField
 0001:00013E00       TSiteFieldsEditorHelper.UniqueName
 0001:0000E2B8       TSiteSources.Create
 0001:0000E314       TSiteSources.GetProducerTemplates
 0001:0000E358       TSiteSources.GetSiteSources
 0001:0000F78C       TStandardProducerTemplates.Create
 0001:0001BCF4       TTimeoutThread.Create
 0001:0001BDA4       TTimeoutThread.Execute
 0001:0000E5CC       TWebAppDataModuleCreator.CreateModule
 0001:0000E724       TWebAppDataModuleCreator.ImplNewFormFile
 0001:0000E718       TWebAppDataModuleCreator.PopulateComponentsList
 0001:0000D650       TWebAppPageModuleCreator.CreateModule
 0001:0000DBA8       TWebAppPageModuleCreator.GetModuleClassName
 0001:0000DBEC       TWebAppPageModuleCreator.ImplNewFormFile
 0001:0000DB8C       TWebAppPageModuleCreator.PopulateComponentsList
 0001:00009E6C       TWebAppWizard.Execute
 0001:0000A1E8       TWebAppWizard.GetAuthor
 0001:0000A20C       TWebAppWizard.GetComment
 0001:0000A2AC       TWebAppWizard.GetDesigner
 0001:0000A220       TWebAppWizard.GetGlyph
 0001:0000A23C       TWebAppWizard.GetIDString
 0001:0000A278       TWebAppWizard.GetName
 0001:0000A28C       TWebAppWizard.GetPage
 0001:0000A2A0       TWebAppWizard.GetState
 0001:00009D9C       TWebAppWizard.PageNameOfClassName
 0001:00017054       TWebComponentContainerSprig.AddType
 0001:00017064       TWebComponentContainerSprig.AddTypeCount
 0001:0001714C       TWebComponentContainerSprig.CanEdit
 0001:0001707C       TWebComponentContainerSprig.Create
 0001:00017120       TWebComponentContainerSprig.DeleteStyle
 0001:000170F0       TWebComponentContainerSprig.Destroy
 0001:00017028       TWebComponentContainerSprig.GetAddType
 0001:00017160       TWebComponentContainerSprig.GetEditorClass
 0001:00017150       TWebComponentContainerSprig.PrepareMenu
 0001:00017078       TWebComponentContainerSprig.SortByIndex
 0001:00017D90       TWebComponentListContainerSprig.IsComponentListContainer
 0001:00017168       TWebComponentRootContainerSprig.GetComponentListSprigClass
 0001:00017170       TWebComponentRootContainerSprig.IsComponentListObject
 0001:00016AD0       TWebComponentSprig.Component
 0001:00016EBC       TWebComponentSprig.DragDropTo
 0001:00016E34       TWebComponentSprig.DragOverTo
 0001:00016CF8       TWebComponentSprig.FigureChildren
 0001:00016B54       TWebComponentSprig.FigureParent
 0001:00016E10       TWebComponentSprig.GetComponentListSprigClass
 0001:00016C30       TWebComponentSprig.Hidden
 0001:00016AE4       TWebComponentSprig.IndexOfItem
 0001:00016E18       TWebComponentSprig.IsComponentListContainer
 0001:00016E14       TWebComponentSprig.IsComponentListObject
 0001:00016E1C       TWebComponentSprig.ItemIndex
 0001:00016C34       TWebComponentSprig.UniqueName
 0001:0000E99C       TWebDataModuleCreator.CreateModule
 0001:0000F5B0       TWebDataModuleWizard.Create
 0001:0000F65C       TWebDataModuleWizard.ImplExecute
 0001:00017AE8       TWebDataSetAdapterSprig.AnyProblems
 0001:00017B78       TWebDataSetAdapterSprig.DragDropTo
 0001:00017BD4       TWebDataSetAdapterSprig.DragOverTo
 0001:00017CE8       TWebDataSetAdapterSprig.FigureParent
 0001:00017C04       TWebDataSetAdapterSprig.GetDataSet
 0001:00017D18       TWebDataSetAdapterSprig.PaletteOverTo
 0001:00017C78       TWebDataSetAdapterSprig.SetDataSet
 0001:0000FF54       TWebDesignContext.Create
 0001:0000FFC0       TWebDesignContext.Destroy
 0001:00010648       TWebDesignContext.FindApplicationModule
 0001:000108F0       TWebDesignContext.FindDefaultPageInfo
 0001:00010134       TWebDesignContext.FindModuleClass
 0001:000104D8       TWebDesignContext.FindModuleName
 0001:00010018       TWebDesignContext.FindPage
 0001:00010040       TWebDesignContext.FindPageInfo
 0001:00010600       TWebDesignContext.FindVariableContainer
 0001:00010888       TWebDesignContext.GetAdapterRequest
 0001:00010894       TWebDesignContext.GetAdapterResponse
 0001:00010838       TWebDesignContext.GetDispatchedPageName
 0001:0001082C       TWebDesignContext.GetEndUser
 0001:00010620       TWebDesignContext.GetPageCount
 0001:00010624       TWebDesignContext.GetPageInfo
 0001:0001084C       TWebDesignContext.GetRequestedPageName
 0001:000107B4       TWebDesignContext.GetSession
 0001:00010628       TWebDesignContext.GetWebModules
 0001:00010608       TWebDesignContext.GetWebRequest
 0001:0001060C       TWebDesignContext.GetWebResponse
 0001:000108A0       TWebDesignContext.SetAdapterRequest
 0001:000108C8       TWebDesignContext.SetAdapterResponse
 0001:00010860       TWebDesignContext.SetDispatchedPageName
 0001:00010874       TWebDesignContext.SetRequestedPageName
 0001:000107FC       TWebDesignModuleList.AddModuleClass
 0001:00010800       TWebDesignModuleList.AddModuleName
 0001:00010804       TWebDesignModuleList.FindModuleClass
 0001:00010808       TWebDesignModuleList.FindModuleName
 0001:0001080C       TWebDesignModuleList.GetFactory
 0001:00010810       TWebDesignModuleList.GetFactoryCount
 0001:00010814       TWebDesignModuleList.GetItem
 0001:00010818       TWebDesignModuleList.GetItemCount
 0001:0001081C       TWebDesignModuleList.GetOnModuleAdded
 0001:00010824       TWebDesignModuleList.SetOnModuleAdded
 0001:000107B8       TWebDesignSession.GetSessionID
 0001:000107D8       TWebDesignSession.GetTimeoutMinutes
 0001:000107DC       TWebDesignSession.GetValue
 0001:000107EC       TWebDesignSession.SetTimeoutMinutes
 0001:000107F0       TWebDesignSession.SetValue
 0001:000107F4       TWebDesignSession.Terminate
 0001:000107F8       TWebDesignSession.UpdateResponse
 0001:0000C69C       TWebModuleCOMFormCreator.CreateModule
 0001:0000C770       TWebModuleCOMFormCreator.FormCreated
 0001:0000C774       TWebModuleCOMFormCreator.GetAncestorName
 0001:0000C780       TWebModuleCOMFormCreator.GetCreatorType
 0001:0000C7A4       TWebModuleCOMFormCreator.GetExisting
 0001:0000C7A8       TWebModuleCOMFormCreator.GetFileSystem
 0001:0000C7B4       TWebModuleCOMFormCreator.GetFormName
 0001:0000C7C8       TWebModuleCOMFormCreator.GetImplFileName
 0001:0000C7DC       TWebModuleCOMFormCreator.GetIntfFileName
 0001:0000C7E8       TWebModuleCOMFormCreator.GetMainForm
 0001:0000C7EC       TWebModuleCOMFormCreator.GetOwner
 0001:0000C7F8       TWebModuleCOMFormCreator.GetShowForm
 0001:0000C7FC       TWebModuleCOMFormCreator.GetShowSource
 0001:0000C800       TWebModuleCOMFormCreator.GetUnnamed
 0001:0000C804       TWebModuleCOMFormCreator.NewFormFile
 0001:0000C814       TWebModuleCOMFormCreator.NewImplSource
 0001:0000C860       TWebModuleCOMFormCreator.NewIntfSource
 0001:0000D244       TWebModuleCOMFormFile.CreateModule
 0001:0000D2A4       TWebModuleCOMFormFile.ImplGetSource
 0001:0000D334       TWebModuleCOMFormIntfFile.CreateModule
 0001:0000D394       TWebModuleCOMFormIntfFile.ImplGetIntfSource
 0001:0000A994       TWebModuleWizard.Execute
 0001:0000A9F8       TWebModuleWizard.GetAuthor
 0001:0000AA1C       TWebModuleWizard.GetComment
 0001:0000AA30       TWebModuleWizard.GetDesigner
 0001:0000AA98       TWebModuleWizard.GetGlyph
 0001:0000AAB4       TWebModuleWizard.GetIDString
 0001:0000AAC8       TWebModuleWizard.GetName
 0001:0000AADC       TWebModuleWizard.GetPage
 0001:0000AAF0       TWebModuleWizard.GetState
 0001:0000D480       TWebPageModuleCreator.CreateModule
 0001:0000D57C       TWebPageModuleCreator.GetModuleClassName
 0001:0000D5C0       TWebPageModuleCreator.ImplNewFormFile
 0001:0000E940       TWebPageModuleFile.CreateModule
 0001:0000AAFC       TWebPageModuleWizard.Create
 0001:0000BBC0       TWebPageModuleWizard.ImplExecute
 0001:0000E524       TWebProjectWDataModuleCreator.CreateProject
 0001:0000E568       TWebProjectWDataModuleCreator.GetAppModuleCreator
 0001:0000E424       TWebProjectWPageModuleCreator.CreateProject
 0001:0000E488       TWebProjectWPageModuleCreator.GetAppModuleCreator
 0001:0001A464       TWebSiteItemsPropertyEditor.GetEditorClass
 0001:0001A46C       TWebSitePageEditor.GetEditorClass
 0001:0001A8F8       TWebUserListComponentEditor.Edit
 0001:0001A964       TWebUserListComponentEditor.ExecuteVerb
 0001:0001A978       TWebUserListComponentEditor.GetVerb
 0001:0001A998       TWebUserListComponentEditor.GetVerbCount
 0001:0001A854       TXMLDataComponentProperty.SupportsInterface
 0001:00017DB4       TXMLDisplayGroupSprig.AnyProblems
 0001:00017DC8       TXMLDisplayReferenceGroupSprig.AnyProblems
 0001:0000037C       UninitializeModule
 0001:0000705C       UnRegisterAllModulePageProducers
 0001:00001E7C       UnRegisterAllProducerTemplates
 0001:00006FAC       UnRegisterModulePageProducers
 0001:00001E08       UnRegisterProducerTemplates
 0001:000052C0       UnRegisterWebAppServices
 0001:00013A4C       UpdateMenuState
 0001:00000794       UrlMon
 0001:00002E80       ValidatePageName
 0001:0001CEF8       ValidProgID
 0002:00001070       WebAppServices
 0002:000010AC       WebContext
 0001:00017E0C       WebSprig
 0001:000004AC       Windows
 0001:000007CC       WinInet
 0001:0001804C       WinSock
 0001:00000D94       WinSpool
 0001:000074D4       WProdReg
 0001:00005394       WSvcReg


  Address         Publics by Value

 0002:AFC91000       TlsLast
 0001:00000268       FreeLibrary
 0001:00000270       LocalAlloc
 0001:00000278       LocalFree
 0001:00000280       TlsAlloc
 0001:00000288       TlsFree
 0001:00000290       TlsGetValue
 0001:00000298       TlsSetValue
 0001:000002A0       AllocTlsBuffer
 0001:000002AC       GetTlsSize
 0001:000002B4       InitThreadTLS
 0001:000002F8       InitProcessTLS
 0001:00000324       ExitThreadTLS
 0001:0000034C       ExitProcessTLS
 0001:00000370       InitializeModule
 0001:0000037C       UninitializeModule
 0001:000003A0       @InitPkg
 0001:00000404       @PackageLoad
 0001:00000410       @PackageUnload
 0001:0000041C       Finalization
 0001:0000044C       SysInit
 0001:00000454       RegCloseKey
 0001:0000045C       RegEnumKey
 0001:00000464       RegOpenKey
 0001:0000046C       RegQueryValue
 0001:00000474       LoadIcon
 0001:0000047C       Finalization
 0001:000004AC       Windows
 0001:00000674       Finalization
 0001:000006A4       Messages
 0001:0000072C       Finalization
 0001:0000075C       ShlObj
 0001:00000764       Finalization
 0001:00000794       UrlMon
 0001:0000079C       Finalization
 0001:000007CC       WinInet
 0001:000007D4       Finalization
 0001:00000804       RegStr
 0001:0000080C       Finalization
 0001:0000083C       ShellAPI
 0001:00000844       Finalization
 0001:00000874       CommCtrl
 0001:00000C5C       Finalization
 0001:00000C8C       Imm
 0001:00000D64       Finalization
 0001:00000D94       WinSpool
 0001:00000D9C       Finalization
 0001:00000DCC       CommDlg
 0001:00000DD4       Finalization
 0001:00000E04       Dlgs
 0001:00000E4C       Finalization
 0001:00000E7C       RichEdit
 0001:00001D80       RegisterProducerTemplates
 0001:00001E08       UnRegisterProducerTemplates
 0001:00001E7C       UnRegisterAllProducerTemplates
 0001:00001E8C       EnumRegisteredProducerTemplates
 0001:00001EE0       EnumRegisteredProducerTemplatesOfClass
 0001:00001F7C       TProducerTemplatesInfo.Destroy
 0001:00001FB0       TAbstractProducerTemplate.GetName
 0001:00001FC8       TAbstractProducerTemplate.GetText
 0001:00001FEC       TAbstractProducerTemplate.IsDefault
 0001:00002004       TAbstractProducerTemplate.SupportsClass
 0001:0000201C       TAbstractProducerTemplate.SupportsFileType
 0001:00002068       TAbstractProducerTemplate.SupportsScriptEngine
 0001:000020B4       TAbstractProducerTemplates.GetCount
 0001:000020CC       TAbstractProducerTemplates.GetTemplate
 0001:000020E4       TProducerTemplatesList.Add
 0001:00002104       TProducerTemplatesList.Create
 0001:0000215C       TProducerTemplatesList.Destroy
 0001:00002198       TProducerTemplatesList.GetCount
 0001:000021B4       TProducerTemplatesList.GetTemplate
 0001:000021E4       TFormatProducerTemplate.Create
 0001:000022F8       TFormatProducerTemplate.Destroy
 0001:0000234C       TFormatProducerTemplate.GetName
 0001:0000236C       TFormatProducerTemplate.GetText
 0001:000023F8       TFormatProducerTemplate.IsDefault
 0001:00002414       TFormatProducerTemplate.SupportsClass
 0001:000024C0       TFormatProducerTemplate.SupportsFileType
 0001:00002530       TFormatProducerTemplateScript.Create
 0001:000025EC       TFormatProducerTemplateScript.Destroy
 0001:00002628       TFormatProducerTemplateScript.SupportsScriptEngine
 0001:000026B0       TProducerTemplateString.Create
 0001:00002724       TProducerTemplateString.GetFormat
 0001:00002744       TProducerTemplateStream.Create
 0001:000027BC       TProducerTemplateStream.Destroy
 0001:00002804       TProducerTemplateStream.GetFormat
 0001:0000285C       TProducerTemplateScriptString.Create
 0001:000028D4       TProducerTemplateScriptString.GetFormat
 0001:000028F4       TProducerTemplateScriptStream.Create
 0001:00002970       TProducerTemplateScriptStream.GetFormat
 0001:000029C8       Finalization
 0001:00002A00       ProdTemplateReg
 0001:00002E80       ValidatePageName
 0001:00002F38       ListChanged
 0001:00002FA4       TNewPageFrame.RefreshList
 0001:000031A4       TNewPageFrame.RefreshTemplatesList
 0001:00003228       TNewPageFrame.RefreshEnginesList
 0001:00003324       TNewPageFrame.ClassNameChange
 0001:000033C8       TNewPageFrame.GetDefaultPageName
 0001:00003444       TNewPageFrame.GetPageName
 0001:00003468       TNewPageFrame.SetPageName
 0001:0000348C       TNewPageFrame.ValidateFields
 0001:00003578       TNewPageFrame.EnableActionExecute
 0001:00003588       TNewPageFrame.EnableActionUpdate
 0001:00003710       TNewPageFrame.DoOK
 0001:00003790       TNewPageFrame.ClassListClick
 0001:000037AC       TNewPageFrame.GetProducerClassName
 0001:000037E8       TNewPageFrame.GetSelectedProducerInfo
 0001:00003848       TNewPageFrame.SetAccess
 0001:00003888       TNewPageFrame.GetAccess
 0001:000038D8       TNewPageFrame.edPageNameChange
 0001:00003978       TNewPageFrame.GetPageTitle
 0001:0000399C       TNewPageFrame.SetPageTitle
 0001:000039C0       TNewPageFrame.GetScriptEngine
 0001:00003A2C       TNewPageFrame.SetScriptEngine
 0001:00003A8C       TNewPageFrame.GetSelectedTemplate
 0001:00003AE4       TNewPageFrame.Create
 0001:00003B70       TNewPageFrame.SetSelectedTemplate
 0001:00003BCC       TNewPageFrame.SetSelectedProducerInfo
 0001:00003C34       TNewPageFrame.GetCreateHTMLModule
 0001:00003C58       TNewPageFrame.SetCreateHTMLModule
 0001:00003C7C       TNewPageFrame.cbScriptEngineChange
 0001:00003C94       TNewPageFrame.GetNewTemplateFile
 0001:00003CB8       TNewPageFrame.SetNewTemplateFile
 0001:00003CDC       TNewPageFrame.GetSelectedTemplateName
 0001:00003D18       TNewPageFrame.SetSelectedTemplateName
 0001:00003D5C       TNewPageFrame.SetProducerClassName
 0001:00003DAC       TNewPageFrame.GetIsDefaultPageName
 0001:00003DE4       TNewPageFrame.GetIsDefaultPageTitle
 0001:00003E1C       TNewPageFrame.RefreshTemplateExtensionName
 0001:00003EBC       TNewPageFrame.GetTemplateFileExt
 0001:00003EDC       TNewPageFrame.GetTemplateFileType
 0001:00003F00       Finalization
 0001:00003F30       NwPageFrame
 0001:0000421C       IndexToCacheMode
 0001:00004248       CacheModeToIndex
 0001:00004278       IndexToCreateMode
 0001:000042A4       CreateModeToIndex
 0001:000042D4       TNewWebPageForm.ValidateFields
 0001:000042F0       TNewWebPageForm.GetCacheMode
 0001:0000431C       TNewWebPageForm.GetCreateMode
 0001:00004348       TNewWebPageForm.SetCacheMode
 0001:00004374       TNewWebPageForm.SetCreateMode
 0001:000043A0       TNewWebPageForm.FormCreate
 0001:000043C4       TNewWebPageForm.HelpButtonClick
 0001:000043EC       TNewWebPageForm.EnableActionExecute
 0001:000043FC       TNewWebPageForm.EnableActionUpdate
 0001:0000442C       TNewWebPageForm.OKButtonClick
 0001:000044A8       TNewWebPageForm.GetCacheModeIndex
 0001:000044CC       TNewWebPageForm.GetCreateModeIndex
 0001:000044F0       TNewWebPageForm.SetCacheModeIndex
 0001:00004514       TNewWebPageForm.SetCreateModeIndex
 0001:00004538       Finalization
 0001:00004568       NwWebPageMod
 0001:000047BC       TNewWebDataModForm.GetCacheMode
 0001:000047E8       TNewWebDataModForm.GetCreateMode
 0001:00004814       TNewWebDataModForm.SetCacheMode
 0001:00004840       TNewWebDataModForm.SetCreateMode
 0001:0000486C       TNewWebDataModForm.FormCreate
 0001:00004890       TNewWebDataModForm.HelpButtonClick
 0001:000048B8       Finalization
 0001:000048E8       NwWebDataMod
 0001:00004D58       Finalization
 0001:00004D88       MMSystem
 0001:000050BC       TNewWebAppPageForm.ValidateFields
[...]
 0002:00000134       IID_IActiveScriptSiteDebug
 0002:00000144       IID_IRemoteDebugApplication
 0002:00000154       IID_IDebugApplication
 0002:00000164       IID_IRemoteDebugApplicationThread
 0002:00000174       IID_IEnumDebugStackFrames
 0002:00000184       IID_IDebugStackFrame
 0002:00000194       IID_IDebugApplicationThread
 0002:000001A4       IID_IDebugThreadCall
 0002:000001B4       IID_IDebugProperty
 0002:000001C4       IID_IApplicationDebugger
 0002:000001D4       IID_IActiveScriptErrorDebug
 0002:000001E4       IID_IEnumRemoteDebugApplicationThreads
 0002:000001F4       IID_IDebugDocumentProvider
 0002:00000204       IID_IDebugApplicationNode
 0002:00000214       IID_IEnumDebugApplicationNodes
 0002:00000224       IID_IEnumDebugExpressionContexts
 0002:00000234       IID_IDebugExpressionContext
 0002:00000244       IID_IDebugExpression
 0002:00000254       IID_IDebugExpressionCallBack
 0002:00000264       IID_IDebugSyncOperation
 0002:00000274       IID_IDebugAsyncOperation
 0002:00000284       IID_IDebugAsyncOperationCallBack
 0002:00000294       IID_IDebugStackFrameSniffer
 0002:000002A4       IID_IProvideExpressionContexts
 0002:000002B4       IID_IDebugStackFrameSnifferEx
 0002:000002C4       IID_IDebugDocumentText
 0002:000002D4       IID_IDebugDocumentTextEvents
 0002:000002E4       IID_IDebugDocumentTextAuthor
 0002:000002F4       IID_IDebugDocumentTextExternalAuthor
 0002:00000304       IID_IDebugDocumentHelper
 0002:00000314       IID_IDebugDocumentHost
 0002:00000324       IID_IDebugSessionProvider
 0002:00000334       IID_IApplicationDebuggerUI
 0002:00000344       IID_IMachineDebugManager
 0002:00000354       IID_IEnumRemoteDebugApplications
 0002:00000364       IID_IMachineDebugManagerCookie
 0002:00000374       IID_IMachineDebugManagerEvents
 0002:00000384       IID_IProcessDebugManager
 0002:00000394       IID_IRemoteDebugApplicationEvents
 0002:000003A4       IID_IDebugApplicationNodeEvents
 0002:000003B4       IID_IDebugCookie
 0002:000003C4       IID_IDebugFormatter
 0002:000003D4       IID_ISimpleConnectionPoint
 0002:000003E4       IID_IDebugHelper
 0002:000003F4       SetBreak
 0002:000003F8       CATID_ActiveScriptParse
 0002:00001000       ModuleIsLib
 0002:00001001       ModuleIsPackage
 0002:00001004       HInstance
 0002:00001008       .1
 0002:0000100C       tlsBuffer
 0002:00001010       .3
 0002:00001014       .1
 0002:00001018       .1
 0002:0000101C       .1
 0002:00001020       .1
 0002:00001024       .1
 0002:00001028       .1
 0002:0000102C       .1
 0002:00001030       .1
 0002:00001034       .3
 0002:00001038       .1
 0002:0000103C       .1
 0002:00001040       .1
 0002:00001044       .11
 0002:00001048       ProducerTemplatesInfoList
 0002:0000104C       .2
 0002:00001050       NewWebPageForm
 0002:00001054       .2
 0002:00001058       NewWebDataModForm
 0002:0000105C       .2
 0002:00001060       .7
 0002:00001064       NewWebAppPageForm
 0002:00001068       .2
 0002:0000106C       .1
 0002:00001070       WebAppServices
 0002:00001074       NewWebAppServices
 0002:00001078       .2
 0002:0000107C       .2
 0002:00001080       Arg
 0002:00001084       Found
 0002:00001088       GetDefaultTemplateFileExt
 0002:0000108C       NoScriptEngines
 0002:00001090       .2
 0002:00001094       ModulePageProducers
 0002:00001098       .63
 0002:0000109C       ProjectType
 0002:000010A0       ProjectCoClassName
 0002:000010A4       SiteSources
 0002:000010A8       .5
 0002:000010AC       WebContext
 0002:000010B0       .3
 0002:000010B4       FileTypesList
 0002:000010B8       .81
 0002:000010BC       .82
 0002:000010C0       .1
 0002:000010C4       .51
 0002:000010C8       .1
 0002:000010CC       .3
 0002:000010D0       ExcepInfo
 0002:000010F0       .2
 0002:000010F4       .2
 0002:000010F8       ProgIDList


Line numbers for ProdTemplateReg(ProdTemplateReg.pas) segment .text

   164 0001:00001D80   165 0001:00001D8F   167 0001:00001D9F   168 0001:00001DAE
   169 0001:00001DBC   170 0001:00001DC5   172 0001:00001DE2   173 0001:00001DEA
   175 0001:00001DF4   177 0001:00001E01   183 0001:00001E08   184 0001:00001E11
   185 0001:00001E23   187 0001:00001E34   188 0001:00001E4F   189 0001:00001E61
   190 0001:00001E6E   185 0001:00001E71   191 0001:00001E77   194 0001:00001E7C
   195 0001:00001E7F   196 0001:00001E89   201 0001:00001E8C   202 0001:00001E95
   203 0001:00001EAD   202 0001:00001ED3   204 0001:00001ED8   211 0001:00001EE0
   212 0001:00001EEC   214 0001:00001F04   215 0001:00001F1F   217 0001:00001F39
   218 0001:00001F4A   219 0001:00001F59   220 0001:00001F65   215 0001:00001F68
   221 0001:00001F6D   212 0001:00001F70   222 0001:00001F75   227 0001:00001F7C
   228 0001:00001F8D   230 0001:00001FA9   235 0001:00001FB0   236 0001:00001FBC
   237 0001:00001FC4   240 0001:00001FC8   241 0001:00001FD7   242 0001:00001FDF
   243 0001:00001FE6   247 0001:00001FEC   248 0001:00001FF8   249 0001:00001FFF
   253 0001:00002004   254 0001:00002010   255 0001:00002017   259 0001:0000201C
   260 0001:0000203E   261 0001:00002062   265 0001:00002068   266 0001:0000208A
   267 0001:000020AE   272 0001:000020B4   273 0001:000020BD   274 0001:000020C5
   277 0001:000020CC   279 0001:000020D8   280 0001:000020E0   285 0001:000020E4
   286 0001:000020F0   287 0001:000020FE   290 0001:00002104   291 0001:0000211C
   292 0001:00002130   293 0001:00002155   296 0001:0000215C   297 0001:0000216D
   298 0001:0000217B   299 0001:00002194   302 0001:00002198   303 0001:000021A1
   304 0001:000021B0   307 0001:000021B4   308 0001:000021C0   309 0001:000021DF
   318 0001:000021E4   319 0001:000021FF   320 0001:00002211   321 0001:00002223
   322 0001:00002235   323 0001:0000223E   324 0001:00002250   323 0001:00002267
   325 0001:0000226C   326 0001:0000227E   325 0001:00002295   327 0001:0000229A
   328 0001:000022AC   327 0001:000022C3   329 0001:000022C8   330 0001:000022F1
   333 0001:000022F8   334 0001:00002309   335 0001:00002317   336 0001:00002322
   337 0001:0000232D   338 0001:00002346   341 0001:0000234C   342 0001:00002358
   343 0001:00002366   346 0001:0000236C   347 0001:00002392   348 0001:000023C5
   349 0001:000023EE   353 0001:000023F8   354 0001:00002404   355 0001:00002410
   361 0001:00002414   362 0001:00002420   363 0001:00002424   366 0001:0000243D
   367 0001:00002458   368 0001:0000245E   363 0001:00002461   369 0001:00002466
   371 0001:00002472   375 0001:0000248B   376 0001:000024A6   377 0001:000024AC
   371 0001:000024AF   378 0001:000024B4   380 0001:000024BB   384 0001:000024C0
   385 0001:000024E2   388 0001:0000252B   395 0001:00002530   397 0001:0000254B
   398 0001:00002574   399 0001:00002586   400 0001:0000258C   403 0001:0000259C
   404 0001:000025A9   406 0001:000025D4   409 0001:000025EC   410 0001:000025FD
   411 0001:0000260B   412 0001:00002624   416 0001:00002628   417 0001:0000264A
   418 0001:00002653   420 0001:00002668   421 0001:0000269B   428 0001:000026B0
   429 0001:000026CB   430 0001:000026F4   431 0001:0000271D   434 0001:00002724
   435 0001:00002730   436 0001:0000273E   443 0001:00002744   444 0001:0000275F
   445 0001:00002788   446 0001:00002791   447 0001:000027B5   450 0001:000027BC
   451 0001:000027CD   452 0001:000027DB   453 0001:000027E4   454 0001:000027FD
   457 0001:00002804   458 0001:00002811   459 0001:00002825   460 0001:00002834
   461 0001:00002855   469 0001:0000285C   471 0001:00002877   472 0001:000028A4
   473 0001:000028CD   476 0001:000028D4   477 0001:000028E0   478 0001:000028EE
   486 0001:000028F4   488 0001:0000290F   489 0001:0000293C   490 0001:00002945
   491 0001:00002969   494 0001:00002970   495 0001:0000297D   496 0001:00002991
   497 0001:000029A0   498 0001:000029C1   503 0001:000029C8   504 0001:000029FB
   500 0001:00002A00   501 0001:00002A0C   502 0001:00002A1F

Line numbers for NwPageFrame(NwPageFrame.pas) segment .text

   132 0001:00002E80   133 0001:00002EA2   135 0001:00002EBD   136 0001:00002EC8
   137 0001:00002ECE   138 0001:00002EDB   140 0001:00002F31   150 0001:00002F38
   151 0001:00002F45   152 0001:00002F49   154 0001:00002F5F   155 0001:00002F77
   156 0001:00002F8F   154 0001:00002F92   157 0001:00002F97   159 0001:00002F9E
   166 0001:00002FA4   167 0001:00002FCA   169 0001:00002FE5   170 0001:00002FF3
   172 0001:00002FF9   173 0001:0000300D   177 0001:00003023   178 0001:00003028
   180 0001:00003030   181 0001:00003041   182 0001:00003048   183 0001:0000304E
   184 0001:00003062   185 0001:0000306E   186 0001:00003082   187 0001:0000308C
   189 0001:000030AC   190 0001:000030BB   191 0001:000030D9   192 0001:000030DF
   193 0001:00003101   194 0001:00003107   195 0001:00003125   197 0001:0000313A
   198 0001:00003140   199 0001:00003142   194 0001:00003145   201 0001:0000314A
   202 0001:00003150   203 0001:00003155   204 0001:00003167   206 0001:0000319A
   212 0001:000031A4   213 0001:000031AE   214 0001:000031BD   215 0001:000031CB
   216 0001:000031D8   217 0001:000031ED   219 0001:00003212   221 0001:00003222
   227 0001:00003228   228 0001:00003232   229 0001:00003241   230 0001:00003248
   231 0001:00003256   232 0001:00003263   233 0001:00003278   234 0001:00003290
   235 0001:000032B6   236 0001:000032C2   238 0001:000032F2   240 0001:0000330F
   242 0001:0000331F   245 0001:00003324   247 0001:0000333E   249 0001:0000336D
   250 0001:00003389   251 0001:00003391   252 0001:00003399   253 0001:000033C3
   256 0001:000033C8   257 0001:000033E8   258 0001:000033F5   260 0001:00003417
   261 0001:0000343F   264 0001:00003444   265 0001:00003450   266 0001:00003461
   269 0001:00003468   270 0001:00003474   271 0001:00003485   276 0001:0000348C
   280 0001:000034AE   281 0001:000034BC   283 0001:000034EE   285 0001:000034F9
   284 0001:00003508   286 0001:00003520   287 0001:00003526   288 0001:00003542
   291 0001:0000356E   294 0001:00003578   296 0001:00003584   299 0001:00003588
   301 0001:000035AA   303 0001:000035C0   304 0001:000035DE   305 0001:000035FF
   306 0001:00003611   307 0001:00003624   308 0001:0000364D   309 0001:0000365F
   310 0001:00003672   311 0001:00003693   312 0001:000036A5   314 0001:000036FE
   317 0001:00003710   318 0001:0000371C   319 0001:00003720   320 0001:0000372E
   321 0001:00003739   323 0001:00003746   324 0001:00003759   327 0001:0000376C
   328 0001:00003770   330 0001:00003787   333 0001:00003790   334 0001:0000379C
   335 0001:000037A7   338 0001:000037AC   339 0001:000037B9   340 0001:000037E3
   343 0001:000037E8   344 0001:000037F1   345 0001:00003805   348 0001:0000383C
   349 0001:00003844   352 0001:00003848   353 0001:00003854   354 0001:0000386C
   355 0001:00003884   358 0001:00003888   359 0001:00003891   360 0001:00003899
   361 0001:000038AE   362 0001:000038B2   363 0001:000038C7   364 0001:000038CE
   378 0001:000038D8   379 0001:000038FA   381 0001:0000392F   382 0001:00003973
   385 0001:00003978   386 0001:00003984   387 0001:00003995   390 0001:0000399C
   391 0001:000039A8   392 0001:000039B9   397 0001:000039C0   398 0001:000039CD
   399 0001:000039E1   400 0001:00003A02   402 0001:00003A1E   403 0001:00003A26
   408 0001:00003A2C   409 0001:00003A38   410 0001:00003A3E   412 0001:00003A59
   413 0001:00003A73   414 0001:00003A87   417 0001:00003A8C   418 0001:00003A95
   419 0001:00003AAA   421 0001:00003AD6   422 0001:00003ADE   425 0001:00003AE4
   426 0001:00003AFF   427 0001:00003B0C   428 0001:00003B1A   429 0001:00003B24
   430 0001:00003B2E   431 0001:00003B38   435 0001:00003B66   440 0001:00003B70
   441 0001:00003B7C   442 0001:00003B96   443 0001:00003B9C   445 0001:00003BB2
   446 0001:00003BC6   452 0001:00003BCC   453 0001:00003BD8   454 0001:00003BF2
   455 0001:00003BF8   457 0001:00003C0E   458 0001:00003C22   459 0001:00003C2D
   462 0001:00003C34   463 0001:00003C3D   464 0001:00003C54   467 0001:00003C58
   468 0001:00003C64   469 0001:00003C78   472 0001:00003C7C   473 0001:00003C88
   474 0001:00003C90   477 0001:00003C94   478 0001:00003C9D   479 0001:00003CB4
   482 0001:00003CB8   483 0001:00003CC4   484 0001:00003CD7   487 0001:00003CDC
   488 0001:00003CE9   489 0001:00003D13   494 0001:00003D18   495 0001:00003D24
   496 0001:00003D3E   497 0001:00003D44   498 0001:00003D58   503 0001:00003D5C
   504 0001:00003D68   505 0001:00003D82   507 0001:00003D88   508 0001:00003D9C
   510 0001:00003DA7   513 0001:00003DAC   514 0001:00003DB5   515 0001:00003DDF
   518 0001:00003DE4   519 0001:00003DED   520 0001:00003E17   523 0001:00003E1C
   524 0001:00003E36   525 0001:00003E42   528 0001:00003EAA   531 0001:00003EBC
   533 0001:00003EC8   534 0001:00003ED8   537 0001:00003EDC   539 0001:00003EE8
   540 0001:00003EFB   542 0001:00003F30   542 0001:00003F37

Line numbers for NwWebPageMod(NwWebPageMod.pas) segment .text

    61 0001:0000421C    62 0001:00004225    63 0001:00004231    64 0001:00004237
    67 0001:0000423D    69 0001:00004244    72 0001:00004248    73 0001:00004251
    74 0001:0000425C    75 0001:00004263    78 0001:0000426C    80 0001:00004274
    83 0001:00004278    84 0001:00004281    85 0001:0000428D    86 0001:00004293
    89 0001:00004299    91 0001:000042A0    94 0001:000042A4    95 0001:000042AD
    96 0001:000042B8    97 0001:000042BF   100 0001:000042C8   102 0001:000042D0
   108 0001:000042D4   110 0001:000042DB   111 0001:000042EC   114 0001:000042F0
   115 0001:000042F9   116 0001:00004315   119 0001:0000431C   120 0001:00004325
   121 0001:00004341   124 0001:00004348   125 0001:00004354   126 0001:0000436F
   130 0001:00004374   131 0001:00004380   132 0001:0000439B   135 0001:000043A0
   137 0001:000043AC   138 0001:000043B6   143 0001:000043C0   146 0001:000043C4
   147 0001:000043D0   148 0001:000043E5   151 0001:000043EC   153 0001:000043F8
   156 0001:000043FC   157 0001:00004408   158 0001:00004425   161 0001:0000442C
   162 0001:0000443B   163 0001:00004449   164 0001:00004454   165 0001:00004466
   167 0001:00004480   168 0001:0000448B   170 0001:0000449F   173 0001:000044A8
   174 0001:000044B1   175 0001:000044C8   178 0001:000044CC   179 0001:000044D5
   180 0001:000044EC   183 0001:000044F0   184 0001:000044FC   185 0001:00004510
   188 0001:00004514   189 0001:00004520   190 0001:00004534   192 0001:00004568
   192 0001:0000456F

Line numbers for NwWebDataMod(NwWebDataMod.pas) segment .text

    42 0001:000047BC    43 0001:000047C5    44 0001:000047E1    47 0001:000047E8
    48 0001:000047F1    49 0001:0000480D    52 0001:00004814    53 0001:00004820
    54 0001:0000483B    58 0001:00004840    59 0001:0000484C    60 0001:00004867
    63 0001:0000486C    65 0001:00004878    66 0001:00004882    67 0001:0000488C
    70 0001:00004890    71 0001:0000489C    72 0001:000048B1    74 0001:000048E8
    74 0001:000048EF

Line numbers for NwAppPage(NwAppPage.pas) segment .text

    38 0001:000050BC    40 0001:000050C3    41 0001:000050D4    44 0001:000050D8
    45 0001:000050E4    46 0001:000050F9    49 0001:00005100    51 0001:0000510C
    54 0001:00005110    55 0001:0000511C    56 0001:00005139    59 0001:00005140
    60 0001:0000514F    61 0001:0000515D    62 0001:00005168    63 0001:0000517A
    65 0001:00005194    66 0001:0000519F    68 0001:000051B3    71 0001:000051BC
    72 0001:000051C8    73 0001:000051D8    75 0001:0000520C    75 0001:00005213

Line numbers for WSvcReg(WSvcReg.pas) segment .text

    41 0001:00005274    42 0001:00005280    44 0001:00005292    45 0001:000052A0
    46 0001:000052B3    42 0001:000052B6    47 0001:000052BB    52 0001:000052C0
    53 0001:000052CC    55 0001:000052D7    56 0001:000052ED    58 0001:000052F3
    60 0001:00005300    53 0001:00005303    61 0001:00005309    66 0001:00005310
    67 0001:00005319    68 0001:00005331    67 0001:0000534C    69 0001:00005351
    74 0001:00005358    75 0001:00005390    71 0001:00005394    72 0001:000053A0
    73 0001:000053B1

Line numbers for NwAppServices(NwAppServices.pas) segment .text

    67 0001:000057C0    68 0001:000057CC    69 0001:000057E1    72 0001:000057E8
    74 0001:000057F4    77 0001:000057F8    79 0001:00005804    82 0001:00005808
    83 0001:00005814    84 0001:00005849    85 0001:00005857    86 0001:00005865
    87 0001:00005873    88 0001:00005881    89 0001:0000588F    90 0001:0000589D
    91 0001:000058AB    94 0001:000058B9    96 0001:000058C8    99 0001:000058CC
   100 0001:000058D8   101 0001:0000590D   102 0001:0000591B   103 0001:00005929
   104 0001:00005937   105 0001:00005945   106 0001:00005953   107 0001:00005961
   108 0001:0000596F   111 0001:0000597D   113 0001:0000598C   118 0001:00005990
   119 0001:000059B6   120 0001:000059BA   121 0001:000059D7   119 0001:00005A14
   122 0001:00005A37   128 0001:00005A3C   129 0001:00005A45   130 0001:00005A55
   132 0001:00005A59   133 0001:00005A67   134 0001:00005A79   136 0001:00005A88
   137 0001:00005A9A   130 0001:00005A9D   138 0001:00005AA3   141 0001:00005AA8
   142 0001:00005AB9   143 0001:00005AEE   144 0001:00005AFE   145 0001:00005B0E
   146 0001:00005B1E   147 0001:00005B2E   148 0001:00005B3E   149 0001:00005B4E
   150 0001:00005B5E   154 0001:00005B6C   156 0001:00005BF4   157 0001:00005C00
   158 0001:00005C08   163 0001:00005C0C   164 0001:00005C18   165 0001:00005C1C
   166 0001:00005C2A   167 0001:00005C50   164 0001:00005C53   167 0001:00005C59
   172 0001:00005C60   173 0001:00005C69   174 0001:00005C71   175 0001:00005C75
   176 0001:00005C8C   174 0001:00005C9D   177 0001:00005CA6   184 0001:00005CB0
   185 0001:00005CBC   186 0001:00005CC0   187 0001:00005CCE   185 0001:00005CED
   188 0001:00005CF3   194 0001:00005CF8   195 0001:00005D04   196 0001:00005D08
   197 0001:00005D16   195 0001:00005D3F   198 0001:00005D45   200 0001:00005D7C
   200 0001:00005D83

Line numbers for WProdReg(WProdReg.pas) segment .text

    79 0001:00006DF8    80 0001:00006E26    81 0001:00006E3C    83 0001:00006E72
    84 0001:00006E81    85 0001:00006E8F    86 0001:00006E9D    87 0001:00006EAC
    88 0001:00006EBA    89 0001:00006ECC    90 0001:00006ED5    91 0001:00006EDB
    92 0001:00006EE9    93 0001:00006EEF    95 0001:00006EFA    96 0001:00006F05
    97 0001:00006F13    99 0001:00006F5A   100 0001:00006F62   102 0001:00006F6C
    80 0001:00006F6F   103 0001:00006FA0   108 0001:00006FAC   109 0001:00006FCE
   111 0001:00006FD9   112 0001:0000700B   114 0001:00007011   115 0001:00007023
   117 0001:00007030   109 0001:00007033   118 0001:00007056   123 0001:0000705C
   124 0001:00007062   125 0001:0000707C   124 0001:00007091   126 0001:00007096
   127 0001:000070A0   132 0001:000070A4   133 0001:000070AD   134 0001:000070C7
   133 0001:000070E2   135 0001:000070E7   141 0001:000070F0   142 0001:000070F9
   144 0001:00007113   145 0001:00007123   147 0001:0000712E   142 0001:00007131
   148 0001:00007136   149 0001:0000713E   152 0001:00007144   153 0001:00007150
   154 0001:00007159   158 0001:00007164   160 0001:00007171   163 0001:00007188
   164 0001:00007194   165 0001:000071A1   170 0001:000071B4   171 0001:000071CC
   172 0001:000071DE   174 0001:00007209   175 0001:0000722E   178 0001:00007234
   179 0001:00007245   180 0001:00007253   181 0001:0000726C   184 0001:00007270
   185 0001:0000727F   186 0001:000072BA   192 0001:000072D0   193 0001:000072F2
   194 0001:00007300   196 0001:00007356   197 0001:000073CE   201 0001:000073D4
   202 0001:000073F6   203 0001:0000740E   204 0001:00007414   205 0001:00007423
   207 0001:00007438   208 0001:0000745C   211 0001:00007460   212 0001:0000746D
   213 0001:00007476   216 0001:00007487   219 0001:0000748F   226 0001:00007494
   227 0001:000074B7   228 0001:000074D1   221 0001:000074D4   222 0001:000074E0
   223 0001:000074F1   224 0001:000074FB   225 0001:0000750C

Bound resource files

NwPageFrame.dfm
NwWebPageMod.dfm
NwWebDataMod.dfm
NwAppPage.dfm
NwAppServices.dfm
NwSiteSrv.dfm
SiteWiz.res
dclwebsnap.res
..\..\websnap\SiteReg.dcr
C:\DOCUME~1\~KOKOP~1\LOCALS~1\Temp\dtf2875.tmp


Program entry point at 0001:0001DC84
